114.119.157.0 - - [17/Jan/2023:02:33:35 +0100] "GET /iwwtheme/img/products/-wd-07_637603766658486247_405.jpeg HTTP/1.1" 301 288 www.tanjameh.com "https://www.tanjameh.com/fa/rings.html" "Mozilla/5.0 (Linux; Android 7.0;) AppleWebKit/537.36 (KHTML, like Gecko) Mobile Safari/537.36 (compatible; PetalBot;+https://webmaster.petalsearch.com/site/petalbot)" "-"
114.119.157.0 - - [17/Jan/2023:02:33:41 +0100] "GET /iwtheme/img/products/-wd-07_637603766658486247_405.jpeg HTTP/1.1" 404 626 www.tanjameh.com "https://www.tanjameh.com/fa/rings.html" "Mozilla/5.0 (Linux; Android 7.0;) AppleWebKit/537.36 (KHTML, like Gecko) Mobile Safari/537.36 (compatible; PetalBot;+https://webmaster.petalsearch.com/site/petalbot)" "-"
114.119.150.0 - - [17/Jan/2023:02:33:47 +0100] "GET /iweb/index.php?part=Product&page=Type&ProductType=Trousers&Size=W30%20L30 HTTP/1.1" 200 10942 www.tanjameh.com "https://www.tanjameh.com/iweb/index.php?part=Product&page=Type&ProductType=Trousers&Size=W31%20L30" "Mozilla/5.0 (Linux; Android 7.0;) AppleWebKit/537.36 (KHTML, like Gecko) Mobile Safari/537.36 (compatible; PetalBot;+https://webmaster.petalsearch.com/site/petalbot)" "-"
114.119.136.0 - - [17/Jan/2023:02:33:58 +0100] "GET /iweb/index.php?Gender=Men&Category=Sportswear&pagein=6 HTTP/1.1" 302 33960 www.tanjameh.com "https://www.tanjameh.com/iweb/index.php?Gender=Men&Category=Sportswear&pagein=471" "Mozilla/5.0 (Linux; Android 7.0;) AppleWebKit/537.36 (KHTML, like Gecko) Mobile Safari/537.36 (compatible; PetalBot;+https://webmaster.petalsearch.com/site/petalbot)" "-"
5.45.207.0 - - [17/Jan/2023:02:34:52 +0100] "GET /robots.txt HTTP/1.1" 404 626 tanjameh.com "-" "Mozilla/5.0 (compatible; YandexBot/3.0; +http://yandex.com/bots)" "-"
95.108.213.0 - - [17/Jan/2023:02:34:56 +0100] "GET /category?categories=kids-Jumpers%20&%20Knitwear HTTP/1.1" 404 626 tanjameh.com "-" "Mozilla/5.0 (compatible; YandexBot/3.0; +http://yandex.com/bots)" "-"
114.119.159.0 - - [17/Jan/2023:02:35:29 +0100] "GET /iweb/?Gender=Men&Category=%D8%AA%D8%A7%D8%A8%D8%B3%D8%AA%D8%A7%D9%86&pagein=300 HTTP/1.1" 200 33992 www.tanjameh.com "https://www.tanjameh.com/iweb/?Gender=Men&Category=%D8%AA%D8%A7%D8%A8%D8%B3%D8%AA%D8%A7%D9%86&pagein=326" "Mozilla/5.0 (Linux; Android 7.0;) AppleWebKit/537.36 (KHTML, like Gecko) Mobile Safari/537.36 (compatible; PetalBot;+https://webmaster.petalsearch.com/site/petalbot)" "-"
114.119.143.0 - - [17/Jan/2023:02:36:02 +0100] "GET /irepository/img/attachedimage/thumbnail/tanjameh-1671029768-1900027050--314--.webp HTTP/1.1" 200 11964 www.tanjameh.com "https://www.tanjameh.com/iweb/?part=Product&page=Size&Size=UK%205.5&Color=Triple%20White" "Mozilla/5.0 (Linux; Android 7.0;) AppleWebKit/537.36 (KHTML, like Gecko) Mobile Safari/537.36 (compatible; PetalBot;+https://webmaster.petalsearch.com/site/petalbot)" "-"
114.119.150.0 - - [17/Jan/2023:02:36:24 +0100] "GET /iweb/index.php?Gender=Women&Category=shoes&pagein=386 HTTP/1.1" 200 33861 tanjameh.com "https://tanjameh.com/iweb/index.php?Gender=Women&Category=shoes&pagein=377" "Mozilla/5.0 (Linux; Android 7.0;) AppleWebKit/537.36 (KHTML, like Gecko) Mobile Safari/537.36 (compatible; PetalBot;+https://webmaster.petalsearch.com/site/petalbot)" "-"
114.119.132.0 - - [17/Jan/2023:02:36:31 +0100] "GET /iweb/index.php?Gender=Men&Category=Sale&pagein=130&Size=XS HTTP/1.1" 200 20751 tanjameh.com "https://tanjameh.com/iweb/index.php?Gender=Men&Category=Sale&pagein=46&Size=XS" "Mozilla/5.0 (Linux; Android 7.0;) AppleWebKit/537.36 (KHTML, like Gecko) Mobile Safari/537.36 (compatible; PetalBot;+https://webmaster.petalsearch.com/site/petalbot)" "-"
157.55.39.0 - - [17/Jan/2023:02:36:41 +0100] "GET /product?title=ZA179779-YTs HTTP/1.1" 404 626 www.tanjameh.com "-" "Mozilla/5.0 (compatible; bingbot/2.0; +http://www.bing.com/bingbot.htm)" "-"
114.119.152.0 - - [17/Jan/2023:02:37:04 +0100] "GET /iweb/?part=Product&page=Type&ProductType=Tunics HTTP/1.1" 200 6534 tanjameh.com "http://tanjameh.com/iweb/?part=Brand&page=Type" "Mozilla/5.0 (Linux; Android 7.0;) AppleWebKit/537.36 (KHTML, like Gecko) Mobile Safari/537.36 (compatible; PetalBot;+https://webmaster.petalsearch.com/site/petalbot)" "-"
114.119.165.0 - - [17/Jan/2023:02:37:24 +0100] "GET /iweb/?Gender=Men&Category=gifts&pagein=127 HTTP/1.1" 200 34080 tanjameh.com "https://tanjameh.com/iweb/?Gender=Men&Category=gifts&pagein=236" "Mozilla/5.0 (Linux; Android 7.0;) AppleWebKit/537.36 (KHTML, like Gecko) Mobile Safari/537.36 (compatible; PetalBot;+https://webmaster.petalsearch.com/site/petalbot)" "-"
157.55.39.0 - - [17/Jan/2023:02:37:29 +0100] "GET /product?title=ZA179682-ppf HTTP/1.1" 404 626 www.tanjameh.com "-" "Mozilla/5.0 AppleWebKit/537.36 (KHTML, like Gecko; compatible; bingbot/2.0; +http://www.bing.com/bingbot.htm) Chrome/103.0.5060.134 Safari/537.36" "-"
114.119.140.0 - - [17/Jan/2023:02:37:38 +0100] "GET /iweb/index.php?part=Product&page=Type&ProductType=Trousers&Size=W36%20L30 HTTP/1.1" 302 10065 www.tanjameh.com "https://www.tanjameh.com/iweb/index.php?part=Product&page=Type&ProductType=Trousers&Size=W31%20L30" "Mozilla/5.0 (Linux; Android 7.0;) AppleWebKit/537.36 (KHTML, like Gecko) Mobile Safari/537.36 (compatible; PetalBot;+https://webmaster.petalsearch.com/site/petalbot)" "-"
114.119.142.0 - - [17/Jan/2023:02:38:16 +0100] "GET /iweb/index.php?Gender=%D9%85%D8%B1%D8%AF%D8%A7%D9%86%D9%87&Category=Outlet&pagein=232 HTTP/1.1" 200 34213 www.tanjameh.com "https://www.tanjameh.com/iweb/index.php?Gender=%D9%85%D8%B1%D8%AF%D8%A7%D9%86%D9%87&Category=Outlet&pagein=78" "Mozilla/5.0 (Linux; Android 7.0;) AppleWebKit/537.36 (KHTML, like Gecko) Mobile Safari/537.36 (compatible; PetalBot;+https://webmaster.petalsearch.com/site/petalbot)" "-"
114.119.148.0 - - [17/Jan/2023:02:38:25 +0100] "GET /iweb/index.php?Gender=women&Category=dresses&pagein=309 HTTP/1.1" 200 33947 www.tanjameh.com "https://www.tanjameh.com/iweb/index.php?Gender=women&Category=dresses&pagein=12" "Mozilla/5.0 (Linux; Android 7.0;) AppleWebKit/537.36 (KHTML, like Gecko) Mobile Safari/537.36 (compatible; PetalBot;+https://webmaster.petalsearch.com/site/petalbot)" "-"
114.119.137.0 - - [17/Jan/2023:02:38:43 +0100] "GET /iweb/index.php?part=Product&page=Size&Size=S&pagein=292 HTTP/1.1" 200 28386 tanjameh.com "https://tanjameh.com/iweb/index.php?part=Product&page=Size&Size=S&pagein=182" "Mozilla/5.0 (Linux; Android 7.0;) AppleWebKit/537.36 (KHTML, like Gecko) Mobile Safari/537.36 (compatible; PetalBot;+https://webmaster.petalsearch.com/site/petalbot)" "-"
114.119.159.0 - - [17/Jan/2023:02:39:15 +0100] "GET /iweb/index.php?Gender=Men&Category=gifts&pagein=335 HTTP/1.1" 200 33957 tanjameh.com "https://tanjameh.com/iweb/index.php?Gender=Men&Category=gifts&pagein=375" "Mozilla/5.0 (Linux; Android 7.0;) AppleWebKit/537.36 (KHTML, like Gecko) Mobile Safari/537.36 (compatible; PetalBot;+https://webmaster.petalsearch.com/site/petalbot)" "-"
62.31.76.0 - - [17/Jan/2023:02:39:17 +0100] "GET /iweb/index.php HTTP/1.1" 302 9938 tanjameh.com "-" "Mozilla/5.0 (iPhone; CPU iPhone OS 16_2 like Mac OS X) AppleWebKit/605.1.15 (KHTML, like Gecko) CriOS/108.0.5359.112 Mobile/15E148 Safari/604.1" "-"
114.119.153.0 - - [17/Jan/2023:02:39:25 +0100] "GET /iweb/?part=Product&page=Size&Size=UK%2012R HTTP/1.1" 200 6540 tanjameh.com "http://tanjameh.com/iweb/?part=Brand&page=Size" "Mozilla/5.0 (Linux; Android 7.0;) AppleWebKit/537.36 (KHTML, like Gecko) Mobile Safari/537.36 (compatible; PetalBot;+https://webmaster.petalsearch.com/site/petalbot)" "-"
114.119.159.0 - - [17/Jan/2023:02:40:07 +0100] "GET /iweb/?Gender=Men&Category=shorts&pagein=78 HTTP/1.1" 200 34131 tanjameh.com "https://tanjameh.com/iweb/?Gender=Men&Category=shorts&pagein=338" "Mozilla/5.0 (Linux; Android 7.0;) AppleWebKit/537.36 (KHTML, like Gecko) Mobile Safari/537.36 (compatible; PetalBot;+https://webmaster.petalsearch.com/site/petalbot)" "-"
114.119.136.0 - - [17/Jan/2023:02:40:07 +0100] "GET /iweb/?Gender=Men&Category=shorts&pagein=215 HTTP/1.1" 200 34069 tanjameh.com "https://tanjameh.com/iweb/?Gender=Men&Category=shorts&pagein=338" "Mozilla/5.0 (Linux; Android 7.0;) AppleWebKit/537.36 (KHTML, like Gecko) Mobile Safari/537.36 (compatible; PetalBot;+https://webmaster.petalsearch.com/site/petalbot)" "-"
207.46.13.0 - - [17/Jan/2023:02:40:11 +0100] "GET /iweb/index.php?gender=sale&category=men HTTP/1.1" 200 10093 tanjameh.com "-" "Mozilla/5.0 (compatible; bingbot/2.0; +http://www.bing.com/bingbot.htm)" "-"
114.119.144.0 - - [17/Jan/2023:02:40:34 +0100] "GET /iweb/?Gender=Men&Category=Brands&pagein=37 HTTP/1.1" 200 33883 tanjameh.com "https://tanjameh.com/iweb/?Gender=Men&Category=Brands&pagein=289" "Mozilla/5.0 (Linux; Android 7.0;) AppleWebKit/537.36 (KHTML, like Gecko) Mobile Safari/537.36 (compatible; PetalBot;+https://webmaster.petalsearch.com/site/petalbot)" "-"
40.77.167.0 - - [17/Jan/2023:02:40:54 +0100] "GET /iweb/index.php?gender=sale HTTP/1.1" 200 10001 tanjameh.com "-" "Mozilla/5.0 (compatible; bingbot/2.0; +http://www.bing.com/bingbot.htm)" "-"
114.119.155.0 - - [17/Jan/2023:02:40:58 +0100] "GET /iweb/?Gender=Men&Category=Brands&pagein=33 HTTP/1.1" 200 33984 tanjameh.com "https://tanjameh.com/iweb/?Gender=Men&Category=Brands&pagein=289" "Mozilla/5.0 (Linux; Android 7.0;) AppleWebKit/537.36 (KHTML, like Gecko) Mobile Safari/537.36 (compatible; PetalBot;+https://webmaster.petalsearch.com/site/petalbot)" "-"
114.119.141.0 - - [17/Jan/2023:02:41:15 +0100] "GET /iweb/index.php?part=Product&page=Type&ProductType=Trousers&Size=W31%20L32 HTTP/1.1" 200 10389 www.tanjameh.com "https://www.tanjameh.com/iweb/index.php?part=Product&page=Type&ProductType=Trousers&Size=W31%20L30" "Mozilla/5.0 (Linux; Android 7.0;) AppleWebKit/537.36 (KHTML, like Gecko) Mobile Safari/537.36 (compatible; PetalBot;+https://webmaster.petalsearch.com/site/petalbot)" "-"
114.119.136.0 - - [17/Jan/2023:02:41:42 +0100] "GET /iweb/?Gender=Men&Category=Outlet&pagein=68 HTTP/1.1" 200 34000 www.tanjameh.com "https://www.tanjameh.com/iweb/?Gender=Men&Category=Outlet&pagein=128" "Mozilla/5.0 (Linux; Android 7.0;) AppleWebKit/537.36 (KHTML, like Gecko) Mobile Safari/537.36 (compatible; PetalBot;+https://webmaster.petalsearch.com/site/petalbot)" "-"
114.119.155.0 - - [17/Jan/2023:02:42:36 +0100] "GET /iweb/index.php?part=Product&page=Size&Size=3XL&Color=GOLD HTTP/1.1" 200 7345 tanjameh.com "https://tanjameh.com/iweb/index.php?part=Product&page=Size&Size=3XL" "Mozilla/5.0 (Linux; Android 7.0;) AppleWebKit/537.36 (KHTML, like Gecko) Mobile Safari/537.36 (compatible; PetalBot;+https://webmaster.petalsearch.com/site/petalbot)" "-"
114.119.148.0 - - [17/Jan/2023:02:43:35 +0100] "GET /iweb/index.php?Gender=Women&Category=festival&pagein=257 HTTP/1.1" 200 34122 tanjameh.com "https://tanjameh.com/iweb/index.php?Gender=Women&Category=festival&pagein=20" "Mozilla/5.0 (Linux; Android 7.0;) AppleWebKit/537.36 (KHTML, like Gecko) Mobile Safari/537.36 (compatible; PetalBot;+https://webmaster.petalsearch.com/site/petalbot)" "-"
114.119.154.0 - - [17/Jan/2023:02:44:01 +0100] "GET /iweb/?Gender=men&Category=FaceBody&pagein=200 HTTP/1.1" 200 33957 tanjameh.com "https://tanjameh.com/iweb/?Gender=men&Category=FaceBody&pagein=331" "Mozilla/5.0 (Linux; Android 7.0;) AppleWebKit/537.36 (KHTML, like Gecko) Mobile Safari/537.36 (compatible; PetalBot;+https://webmaster.petalsearch.com/site/petalbot)" "-"
114.119.157.0 - - [17/Jan/2023:02:44:19 +0100] "GET /irepository/img/attachedimage/thumbnail/tanjameh-1671954710-897081050--314--.webp HTTP/1.1" 200 8326 tanjameh.com "https://tanjameh.com/iweb/index.php?part=Product&page=Size&Size=W29&Color=KHAKI" "Mozilla/5.0 (Linux; Android 7.0;) AppleWebKit/537.36 (KHTML, like Gecko) Mobile Safari/537.36 (compatible; PetalBot;+https://webmaster.petalsearch.com/site/petalbot)" "-"
114.119.146.0 - - [17/Jan/2023:02:44:44 +0100] "GET /irepository/img/attachedimage/thumbnail/tanjameh-1671560503-1529504561--314--.webp HTTP/1.1" 200 8534 tanjameh.com "https://tanjameh.com/iweb/?part=Product&page=Size&Size=3X&Color=BOTTLE%20GREEN" "Mozilla/5.0 (Linux; Android 7.0;) AppleWebKit/537.36 (KHTML, like Gecko) Mobile Safari/537.36 (compatible; PetalBot;+https://webmaster.petalsearch.com/site/petalbot)" "-"
114.119.132.0 - - [17/Jan/2023:02:45:12 +0100] "GET /irepository/img/attachedimage/thumbnail/tanjameh-1670793255-1628914223--120--.webp HTTP/1.1" 200 1228 tanjameh.com "https://tanjameh.com/iweb/?part=Product&page=Type&ProductType=Coats&Size=XS%20Long" "Mozilla/5.0 (Linux; Android 7.0;) AppleWebKit/537.36 (KHTML, like Gecko) Mobile Safari/537.36 (compatible; PetalBot;+https://webmaster.petalsearch.com/site/petalbot)" "-"
114.119.131.0 - - [17/Jan/2023:02:45:32 +0100] "GET /irepository/img/attachedimage/thumbnail/tanjameh-1668934727-1280249049--314--.webp HTTP/1.1" 200 10544 tanjameh.com "https://tanjameh.com/iweb/?Gender=Men&Category=gifts&pagein=300" "Mozilla/5.0 (Linux; Android 7.0;) AppleWebKit/537.36 (KHTML, like Gecko) Mobile Safari/537.36 (compatible; PetalBot;+https://webmaster.petalsearch.com/site/petalbot)" "-"
114.119.138.0 - - [17/Jan/2023:02:45:58 +0100] "GET /iweb/?Gender=Men&Category=Sale&Size=XL&pagein=137 HTTP/1.1" 200 22819 www.tanjameh.com "https://www.tanjameh.com/iweb/?Gender=Men&Category=Sale&Size=XL&pagein=19" "Mozilla/5.0 (Linux; Android 7.0;) AppleWebKit/537.36 (KHTML, like Gecko) Mobile Safari/537.36 (compatible; PetalBot;+https://webmaster.petalsearch.com/site/petalbot)" "-"
114.119.157.0 - - [17/Jan/2023:02:46:11 +0100] "GET /iweb/index.php?Gender=Women&Category=workwear&pagein=194 HTTP/1.1" 200 33968 tanjameh.com "https://tanjameh.com/iweb/index.php?Gender=Women&Category=workwear&pagein=254" "Mozilla/5.0 (Linux; Android 7.0;) AppleWebKit/537.36 (KHTML, like Gecko) Mobile Safari/537.36 (compatible; PetalBot;+https://webmaster.petalsearch.com/site/petalbot)" "-"
114.119.150.0 - - [17/Jan/2023:02:46:49 +0100] "GET /iweb/?part=Product&page=Size&Size=W30%20L32&BrandName=Polo%20Ralph%20Lauren HTTP/1.1" 200 7270 tanjameh.com "https://tanjameh.com/iweb/?part=Product&page=Size&Size=W30%20L32" "Mozilla/5.0 (Linux; Android 7.0;) AppleWebKit/537.36 (KHTML, like Gecko) Mobile Safari/537.36 (compatible; PetalBot;+https://webmaster.petalsearch.com/site/petalbot)" "-"
114.119.143.0 - - [17/Jan/2023:02:46:57 +0100] "GET /iweb/?part=Product&page=Size&Size=2XS&Type=Dressing%20Gowns HTTP/1.1" 200 14560 tanjameh.com "https://tanjameh.com/iweb/?part=Product&page=Size&Size=2XS&Type=Sweatshirts" "Mozilla/5.0 (Linux; Android 7.0;) AppleWebKit/537.36 (KHTML, like Gecko) Mobile Safari/537.36 (compatible; PetalBot;+https://webmaster.petalsearch.com/site/petalbot)" "-"
114.119.160.0 - - [17/Jan/2023:02:47:19 +0100] "GET /iweb/?Gender=Men&Category=Face%20%2B%20Body&pagein=179 HTTP/1.1" 200 33954 tanjameh.com "https://tanjameh.com/iweb/?Gender=Men&Category=Face%20%2B%20Body&pagein=75" "Mozilla/5.0 (Linux; Android 7.0;) AppleWebKit/537.36 (KHTML, like Gecko) Mobile Safari/537.36 (compatible; PetalBot;+https://webmaster.petalsearch.com/site/petalbot)" "-"
114.119.141.0 - - [17/Jan/2023:02:47:42 +0100] "GET /irepository/img/attachedimage/thumbnail/tanjameh-1668846469-1417292263--670--.webp HTTP/1.1" 200 18508 tanjameh.com "https://tanjameh.com/iweb/index.php?Root=%D8%A2%D9%82%D8%A7&Id=0&Root2=Topman&Id2=8" "Mozilla/5.0 (Linux; Android 7.0;) AppleWebKit/537.36 (KHTML, like Gecko) Mobile Safari/537.36 (compatible; PetalBot;+https://webmaster.petalsearch.com/site/petalbot)" "-"
114.119.143.0 - - [17/Jan/2023:02:48:02 +0100] "GET /irepository/img/attachedimage/thumbnail/tanjameh-1667951323-1860992926--314--.webp HTTP/1.1" 200 16016 tanjameh.com "https://tanjameh.com/iweb/index.php?part=Product&page=Size&Size=S&Color=Brunette/Honey" "Mozilla/5.0 (Linux; Android 7.0;) AppleWebKit/537.36 (KHTML, like Gecko) Mobile Safari/537.36 (compatible; PetalBot;+https://webmaster.petalsearch.com/site/petalbot)" "-"
157.55.39.0 - - [17/Jan/2023:02:48:05 +0100] "GET /product?title=ZA153240-Med HTTP/1.1" 404 626 tanjameh.com "-" "Mozilla/5.0 (compatible; bingbot/2.0; +http://www.bing.com/bingbot.htm)" "-"
114.119.145.0 - - [17/Jan/2023:02:48:35 +0100] "GET /irepository/img/attachedimage/thumbnail/tanjameh-1667944675-346075871--314--.webp HTTP/1.1" 200 6936 tanjameh.com "https://tanjameh.com/iweb/?part=Product&page=Type&ProductType=Socks&Color=Cream" "Mozilla/5.0 (Linux; Android 7.0;) AppleWebKit/537.36 (KHTML, like Gecko) Mobile Safari/537.36 (compatible; PetalBot;+https://webmaster.petalsearch.com/site/petalbot)" "-"
114.119.148.0 - - [17/Jan/2023:02:48:54 +0100] "GET /irepository/img/attachedimage/thumbnail/tanjameh-1667943627-454379941--314--.webp HTTP/1.1" 200 7500 tanjameh.com "https://tanjameh.com/iweb/index.php?part=Product&page=Size&Size=S&Color=LEOPARD" "Mozilla/5.0 (Linux; Android 7.0;) AppleWebKit/537.36 (KHTML, like Gecko) Mobile Safari/537.36 (compatible; PetalBot;+https://webmaster.petalsearch.com/site/petalbot)" "-"
114.119.140.0 - - [17/Jan/2023:02:49:12 +0100] "GET /iweb/index.php?part=Product&page=Brand&CatId=27656&BrandName=the-shrine HTTP/1.1" 200 6547 www.tanjameh.com "https://www.tanjameh.com/iweb/index.php?part=Brand&page=Brands" "Mozilla/5.0 (Linux; Android 7.0;) AppleWebKit/537.36 (KHTML, like Gecko) Mobile Safari/537.36 (compatible; PetalBot;+https://webmaster.petalsearch.com/site/petalbot)" "-"
114.119.130.0 - - [17/Jan/2023:02:49:33 +0100] "GET /iweb/?part=Product&page=Type&ProductType=Swim%20Briefs&Color=Shadow%20Grey/%20Black HTTP/1.1" 200 7170 www.tanjameh.com "https://www.tanjameh.com/iweb/?part=Product&page=Type&ProductType=Swim%20Briefs" "Mozilla/5.0 (Linux; Android 7.0;) AppleWebKit/537.36 (KHTML, like Gecko) Mobile Safari/537.36 (compatible; PetalBot;+https://webmaster.petalsearch.com/site/petalbot)" "-"
157.55.39.0 - - [17/Jan/2023:02:50:01 +0100] "GET /iweb/index.php?gender=women&category=dresses HTTP/1.1" 200 9931 tanjameh.com "-" "Mozilla/5.0 (compatible; bingbot/2.0; +http://www.bing.com/bingbot.htm)" "-"
114.119.154.0 - - [17/Jan/2023:02:50:05 +0100] "GET /iweb/?part=Product&page=Size&Size=M&Color=Purple HTTP/1.1" 200 9886 www.tanjameh.com "https://www.tanjameh.com/iweb/?part=Product&page=Size&Size=M" "Mozilla/5.0 (Linux; Android 7.0;) AppleWebKit/537.36 (KHTML, like Gecko) Mobile Safari/537.36 (compatible; PetalBot;+https://webmaster.petalsearch.com/site/petalbot)" "-"
114.119.151.0 - - [17/Jan/2023:02:50:18 +0100] "GET /iweb/?Gender=Men&Category=Sale&pagein=7&Size=S HTTP/1.1" 200 28776 www.tanjameh.com "https://www.tanjameh.com/iweb/?Gender=Men&Category=Sale&pagein=54&Size=S" "Mozilla/5.0 (Linux; Android 7.0;) AppleWebKit/537.36 (KHTML, like Gecko) Mobile Safari/537.36 (compatible; PetalBot;+https://webmaster.petalsearch.com/site/petalbot)" "-"
114.119.145.0 - - [17/Jan/2023:02:50:47 +0100] "GET /iweb/index.php?Gender=Men&Category=jumpers-cardigans&Size=S&pagein=15 HTTP/1.1" 200 28836 tanjameh.com "https://tanjameh.com/iweb/index.php?Gender=Men&Category=jumpers-cardigans&Size=S&pagein=4" "Mozilla/5.0 (Linux; Android 7.0;) AppleWebKit/537.36 (KHTML, like Gecko) Mobile Safari/537.36 (compatible; PetalBot;+https://webmaster.petalsearch.com/site/petalbot)" "-"
114.119.148.0 - - [17/Jan/2023:02:51:11 +0100] "GET /iweb/index.php?Gender=Men&Category=accessories&pagein=249 HTTP/1.1" 200 33941 tanjameh.com "https://tanjameh.com/iweb/index.php?Gender=Men&Category=accessories&pagein=15" "Mozilla/5.0 (Linux; Android 7.0;) AppleWebKit/537.36 (KHTML, like Gecko) Mobile Safari/537.36 (compatible; PetalBot;+https://webmaster.petalsearch.com/site/petalbot)" "-"
114.119.141.0 - - [17/Jan/2023:02:51:30 +0100] "GET /iweb/index.php?Gender=%D9%85%D8%B1%D8%AF%D8%A7%D9%86%D9%87&Category=Sale&pagein=239 HTTP/1.1" 200 33991 tanjameh.com "https://tanjameh.com/iweb/index.php?Gender=%D9%85%D8%B1%D8%AF%D8%A7%D9%86%D9%87&Category=Sale&pagein=360" "Mozilla/5.0 (Linux; Android 7.0;) AppleWebKit/537.36 (KHTML, like Gecko) Mobile Safari/537.36 (compatible; PetalBot;+https://webmaster.petalsearch.com/site/petalbot)" "-"
114.119.152.0 - - [17/Jan/2023:02:52:20 +0100] "GET /iweb/?part=Product&page=Brand&CatId=16988&BrandName=chelsea-peers HTTP/1.1" 200 7111 tanjameh.com "https://tanjameh.com/iweb/?part=Brand&page=Brands" "Mozilla/5.0 (Linux; Android 7.0;) AppleWebKit/537.36 (KHTML, like Gecko) Mobile Safari/537.36 (compatible; PetalBot;+https://webmaster.petalsearch.com/site/petalbot)" "-"
207.46.13.0 - - [17/Jan/2023:02:53:21 +0100] "GET /product?title=ZA397244-zAi HTTP/1.1" 404 626 www.tanjameh.com "-" "Mozilla/5.0 AppleWebKit/537.36 (KHTML, like Gecko; compatible; bingbot/2.0; +http://www.bing.com/bingbot.htm) Chrome/103.0.5060.134 Safari/537.36" "-"
114.119.160.0 - - [17/Jan/2023:02:53:26 +0100] "GET /iweb/?Gender=Men&Category=Trending%20now&pagein=80 HTTP/1.1" 200 34226 tanjameh.com "https://tanjameh.com/iweb/?Gender=Men&Category=Trending%20now&pagein=272" "Mozilla/5.0 (Linux; Android 7.0;) AppleWebKit/537.36 (KHTML, like Gecko) Mobile Safari/537.36 (compatible; PetalBot;+https://webmaster.petalsearch.com/site/petalbot)" "-"
114.119.132.0 - - [17/Jan/2023:02:53:55 +0100] "GET /iwwtheme/img/products/-_637627112194843481_405.html HTTP/1.1" 301 283 www.tanjameh.com "https://www.tanjameh.com/fa/decorative-sculptures.html" "Mozilla/5.0 (Linux; Android 7.0;) AppleWebKit/537.36 (KHTML, like Gecko) Mobile Safari/537.36 (compatible; PetalBot;+https://webmaster.petalsearch.com/site/petalbot)" "-"
114.119.132.0 - - [17/Jan/2023:02:54:04 +0100] "GET /iwtheme/img/products/-_637627112194843481_405.html HTTP/1.1" 404 626 www.tanjameh.com "https://www.tanjameh.com/fa/decorative-sculptures.html" "Mozilla/5.0 (Linux; Android 7.0;) AppleWebKit/537.36 (KHTML, like Gecko) Mobile Safari/537.36 (compatible; PetalBot;+https://webmaster.petalsearch.com/site/petalbot)" "-"
114.119.132.0 - - [17/Jan/2023:02:54:06 +0100] "GET /iweb/index.php?Gender=Women&Category=Sportswear&pagein=70 HTTP/1.1" 200 34086 www.tanjameh.com "https://www.tanjameh.com/iweb/index.php?Gender=Women&Category=Sportswear&pagein=8" "Mozilla/5.0 (Linux; Android 7.0;) AppleWebKit/537.36 (KHTML, like Gecko) Mobile Safari/537.36 (compatible; PetalBot;+https://webmaster.petalsearch.com/site/petalbot)" "-"
114.119.131.0 - - [17/Jan/2023:02:54:27 +0100] "GET /iweb/index.php?Gender=Men&Category=hoodies-sweatshirts&pagein=173 HTTP/1.1" 200 34080 www.tanjameh.com "https://www.tanjameh.com/iweb/index.php?Gender=Men&Category=hoodies-sweatshirts&pagein=246" "Mozilla/5.0 (Linux; Android 7.0;) AppleWebKit/537.36 (KHTML, like Gecko) Mobile Safari/537.36 (compatible; PetalBot;+https://webmaster.petalsearch.com/site/petalbot)" "-"
114.119.156.0 - - [17/Jan/2023:02:55:00 +0100] "GET /iweb/?Gender=Men&Category=jeans&pagein=371 HTTP/1.1" 200 33894 www.tanjameh.com "https://www.tanjameh.com/iweb/?Gender=Men&Category=jeans&pagein=195" "Mozilla/5.0 (Linux; Android 7.0;) AppleWebKit/537.36 (KHTML, like Gecko) Mobile Safari/537.36 (compatible; PetalBot;+https://webmaster.petalsearch.com/site/petalbot)" "-"
114.119.145.0 - - [17/Jan/2023:02:55:05 +0100] "GET /iweb/?Gender=Men&Category=Trending%20now&pagein=279 HTTP/1.1" 200 33981 www.tanjameh.com "https://www.tanjameh.com/iweb/?Gender=Men&Category=Trending%20now&pagein=26" "Mozilla/5.0 (Linux; Android 7.0;) AppleWebKit/537.36 (KHTML, like Gecko) Mobile Safari/537.36 (compatible; PetalBot;+https://webmaster.petalsearch.com/site/petalbot)" "-"
114.119.157.0 - - [17/Jan/2023:02:55:51 +0100] "GET /iweb/?Gender=Men&Category=Sale&pagein=13&Size=W30%20L34 HTTP/1.1" 200 12368 www.tanjameh.com "https://www.tanjameh.com/iweb/?Gender=Men&Category=Sale&pagein=16&Size=W30%20L34" "Mozilla/5.0 (Linux; Android 7.0;) AppleWebKit/537.36 (KHTML, like Gecko) Mobile Safari/537.36 (compatible; PetalBot;+https://webmaster.petalsearch.com/site/petalbot)" "-"
157.55.39.0 - - [17/Jan/2023:02:56:01 +0100] "GET /product?title=ZA176446-cxq HTTP/1.1" 404 626 tanjameh.com "-" "Mozilla/5.0 (compatible; bingbot/2.0; +http://www.bing.com/bingbot.htm)" "-"
114.119.146.0 - - [17/Jan/2023:02:56:12 +0100] "GET /iweb/?Gender=Men&Category=Brands&pagein=59 HTTP/1.1" 200 33732 www.tanjameh.com "https://www.tanjameh.com/iweb/?Gender=Men&Category=Brands" "Mozilla/5.0 (Linux; Android 7.0;) AppleWebKit/537.36 (KHTML, like Gecko) Mobile Safari/537.36 (compatible; PetalBot;+https://webmaster.petalsearch.com/site/petalbot)" "-"
114.119.146.0 - - [17/Jan/2023:02:56:20 +0100] "GET /iweb/index.php?Gender=Men&Category=Sale&pagein=163 HTTP/1.1" 200 34168 tanjameh.com "https://tanjameh.com/iweb/index.php?Gender=Men&Category=Sale&pagein=365" "Mozilla/5.0 (Linux; Android 7.0;) AppleWebKit/537.36 (KHTML, like Gecko) Mobile Safari/537.36 (compatible; PetalBot;+https://webmaster.petalsearch.com/site/petalbot)" "-"
114.119.132.0 - - [17/Jan/2023:02:56:31 +0100] "GET /iweb/index.php?Gender=Men&Category=New%20in&pagein=197 HTTP/1.1" 200 34045 tanjameh.com "https://tanjameh.com/iweb/index.php?Gender=Men&Category=New%20in&pagein=266" "Mozilla/5.0 (Linux; Android 7.0;) AppleWebKit/537.36 (KHTML, like Gecko) Mobile Safari/537.36 (compatible; PetalBot;+https://webmaster.petalsearch.com/site/petalbot)" "-"
114.119.140.0 - - [17/Jan/2023:02:56:50 +0100] "GET /iweb/index.php?Gender=%D8%B2%D9%86%D8%A7%D9%86%D9%87&Category=%D8%A7%DA%A9%D8%B3%D8%B3%D9%88%D8%B1%DB%8C&pagein=340 HTTP/1.1" 200 34063 tanjameh.com "https://tanjameh.com/iweb/index.php?Gender=%D8%B2%D9%86%D8%A7%D9%86%D9%87&Category=%D8%A7%DA%A9%D8%B3%D8%B3%D9%88%D8%B1%DB%8C&pagein=142" "Mozilla/5.0 (Linux; Android 7.0;) AppleWebKit/537.36 (KHTML, like Gecko) Mobile Safari/537.36 (compatible; PetalBot;+https://webmaster.petalsearch.com/site/petalbot)" "-"
114.119.143.0 - - [17/Jan/2023:02:57:08 +0100] "GET /iweb/?part=Product&page=Size&Size=2XL&pagein=142 HTTP/1.1" 200 19430 tanjameh.com "https://tanjameh.com/iweb/?part=Product&page=Size&Size=2XL&pagein=46" "Mozilla/5.0 (Linux; Android 7.0;) AppleWebKit/537.36 (KHTML, like Gecko) Mobile Safari/537.36 (compatible; PetalBot;+https://webmaster.petalsearch.com/site/petalbot)" "-"
40.77.167.0 - - [17/Jan/2023:02:57:24 +0100] "GET /product?title=ZA179779-Tm5 HTTP/1.1" 404 626 tanjameh.com "-" "Mozilla/5.0 (compatible; bingbot/2.0; +http://www.bing.com/bingbot.htm)" "-"
114.119.132.0 - - [17/Jan/2023:02:57:44 +0100] "GET /iweb/?Gender=women&Category=accessories&pagein=299 HTTP/1.1" 200 34067 tanjameh.com "https://tanjameh.com/iweb/?Gender=women&Category=accessories&pagein=54" "Mozilla/5.0 (Linux; Android 7.0;) AppleWebKit/537.36 (KHTML, like Gecko) Mobile Safari/537.36 (compatible; PetalBot;+https://webmaster.petalsearch.com/site/petalbot)" "-"
114.119.159.0 - - [17/Jan/2023:02:57:53 +0100] "GET /irepository/img/attachedimage/thumbnail/tanjameh-1667902848-1020602037--670--.webp HTTP/1.1" 200 27354 tanjameh.com "https://tanjameh.com/iweb/index.php?Root=%D8%AE%D8%A7%D9%86%D9%85&Id=1&Root2=%D8%A7%DA%A9%D8%B3%D8%B3%D9%88%D8%B1%DB%8C&Id2=6" "Mozilla/5.0 (Linux; Android 7.0;) AppleWebKit/537.36 (KHTML, like Gecko) Mobile Safari/537.36 (compatible; PetalBot;+https://webmaster.petalsearch.com/site/petalbot)" "-"
176.97.210.0 - - [17/Jan/2023:02:58:29 +0100] "GET /iweb/index.php?Gender=%27 HTTP/1.1" 200 4397 tanjameh.com "-" "Mozilla/5.0 (Windows NT 10.0; Win64; x64) AppleWebKit/537.36 (KHTML, like Gecko) Chrome/80.0.3987.163 Safari/537.36" "-"
114.119.159.0 - - [17/Jan/2023:02:59:27 +0100] "GET /irepository/img/attachedimage/thumbnail/tanjameh-1667902400-1451999560--314--.webp HTTP/1.1" 200 6980 tanjameh.com "https://tanjameh.com/iweb/?part=Product&page=Type&ProductType=Jumpers&Color=Grey%20Marl" "Mozilla/5.0 (Linux; Android 7.0;) AppleWebKit/537.36 (KHTML, like Gecko) Mobile Safari/537.36 (compatible; PetalBot;+https://webmaster.petalsearch.com/site/petalbot)" "-"
114.119.165.0 - - [17/Jan/2023:02:59:52 +0100] "GET /iweb/index.php?part=Product&page=Brand&CatId=28308&BrandName=holika-holika HTTP/1.1" 200 6548 www.tanjameh.com "https://www.tanjameh.com/iweb/index.php?part=Brand&page=Brands" "Mozilla/5.0 (Linux; Android 7.0;) AppleWebKit/537.36 (KHTML, like Gecko) Mobile Safari/537.36 (compatible; PetalBot;+https://webmaster.petalsearch.com/site/petalbot)" "-"
114.119.155.0 - - [17/Jan/2023:03:00:23 +0100] "GET /iweb/?part=Product&page=Size&Size=No%20Size&BrandName=Chelsea%20Peers HTTP/1.1" 200 7038 tanjameh.com "http://tanjameh.com/iweb/?part=Product&page=Size&Size=No%20Size" "Mozilla/5.0 (Linux; Android 7.0;) AppleWebKit/537.36 (KHTML, like Gecko) Mobile Safari/537.36 (compatible; PetalBot;+https://webmaster.petalsearch.com/site/petalbot)" "-"
114.119.155.0 - - [17/Jan/2023:03:00:54 +0100] "GET /iweb/?part=Product&page=Brand&CatId=26397&BrandName=hunkemoller HTTP/1.1" 200 6539 tanjameh.com "https://tanjameh.com/iweb/?part=Brand&page=Brands" "Mozilla/5.0 (Linux; Android 7.0;) AppleWebKit/537.36 (KHTML, like Gecko) Mobile Safari/537.36 (compatible; PetalBot;+https://webmaster.petalsearch.com/site/petalbot)" "-"
114.119.131.0 - - [17/Jan/2023:03:01:16 +0100] "GET /iweb/?Gender=men&Category=FaceBody&pagein=33 HTTP/1.1" 200 33980 tanjameh.com "https://tanjameh.com/iweb/?Gender=men&Category=FaceBody&pagein=331" "Mozilla/5.0 (Linux; Android 7.0;) AppleWebKit/537.36 (KHTML, like Gecko) Mobile Safari/537.36 (compatible; PetalBot;+https://webmaster.petalsearch.com/site/petalbot)" "-"
114.119.151.0 - - [17/Jan/2023:03:01:38 +0100] "GET /iweb/?Gender=Men&Category=Trending%20now&pagein=43 HTTP/1.1" 200 34016 tanjameh.com "https://tanjameh.com/iweb/?Gender=Men&Category=Trending%20now&pagein=272" "Mozilla/5.0 (Linux; Android 7.0;) AppleWebKit/537.36 (KHTML, like Gecko) Mobile Safari/537.36 (compatible; PetalBot;+https://webmaster.petalsearch.com/site/petalbot)" "-"
114.119.135.0 - - [17/Jan/2023:03:01:50 +0100] "GET /irepository/img/attachedimage/thumbnail/tanjameh-1670327870-1017891231--670--.webp HTTP/1.1" 200 37460 tanjameh.com "https://tanjameh.com/iweb/index.php?Root=%D8%A2%D9%82%D8%A7&Id=0&Root2=%D8%A7%DA%A9%D8%B3%D8%B3%D9%88%D8%B1%DB%8C&Id2=6" "Mozilla/5.0 (Linux; Android 7.0;) AppleWebKit/537.36 (KHTML, like Gecko) Mobile Safari/537.36 (compatible; PetalBot;+https://webmaster.petalsearch.com/site/petalbot)" "-"
87.250.224.0 - - [17/Jan/2023:03:02:08 +0100] "GET /categories/mens-shoes-high-top-trainers/ HTTP/1.1" 404 626 tanjameh.com "-" "Mozilla/5.0 (compatible; YandexBot/3.0; +http://yandex.com/bots)" "-"
114.119.154.0 - - [17/Jan/2023:03:02:12 +0100] "GET /irepository/img/attachedimage/thumbnail/tanjameh-1667898543-1106530579--314--.webp HTTP/1.1" 200 6154 tanjameh.com "https://tanjameh.com/iweb/index.php?part=Product&page=Size&Size=W29%20L30&Color=Black%20Denim" "Mozilla/5.0 (Linux; Android 7.0;) AppleWebKit/537.36 (KHTML, like Gecko) Mobile Safari/537.36 (compatible; PetalBot;+https://webmaster.petalsearch.com/site/petalbot)" "-"
114.119.137.0 - - [17/Jan/2023:03:02:42 +0100] "GET /iweb/index.php?part=Product&page=Type&ProductType=Blazers&Size=Chest%2042%20Regular HTTP/1.1" 200 9704 tanjameh.com "https://tanjameh.com/iweb/index.php?part=Product&page=Type&ProductType=Blazers" "Mozilla/5.0 (Linux; Android 7.0;) AppleWebKit/537.36 (KHTML, like Gecko) Mobile Safari/537.36 (compatible; PetalBot;+https://webmaster.petalsearch.com/site/petalbot)" "-"
114.119.156.0 - - [17/Jan/2023:03:02:59 +0100] "GET /irepository/img/attachedimage/thumbnail/tanjameh-1668727160-519274109--670--.webp HTTP/1.1" 200 27698 tanjameh.com "https://tanjameh.com/iweb/" "Mozilla/5.0 (Linux; Android 7.0;) AppleWebKit/537.36 (KHTML, like Gecko) Mobile Safari/537.36 (compatible; PetalBot;+https://webmaster.petalsearch.com/site/petalbot)" "-"
114.119.138.0 - - [17/Jan/2023:03:03:18 +0100] "GET /irepository/img/attachedimage/thumbnail/tanjameh-1667824234-1778396028--670--.webp HTTP/1.1" 200 16394 tanjameh.com "https://tanjameh.com/iweb/index.php?Root=%D8%A2%D9%82%D8%A7&Id=0&Root2=Topman&Id2=8" "Mozilla/5.0 (Linux; Android 7.0;) AppleWebKit/537.36 (KHTML, like Gecko) Mobile Safari/537.36 (compatible; PetalBot;+https://webmaster.petalsearch.com/site/petalbot)" "-"
114.119.151.0 - - [17/Jan/2023:03:03:47 +0100] "GET /irepository/img/attachedimage/thumbnail/tanjameh-1667822374-1789871486--314--.webp HTTP/1.1" 200 7906 tanjameh.com "https://tanjameh.com/iweb/?part=Product&page=Size&Size=W28&Color=dark%20wash" "Mozilla/5.0 (Linux; Android 7.0;) AppleWebKit/537.36 (KHTML, like Gecko) Mobile Safari/537.36 (compatible; PetalBot;+https://webmaster.petalsearch.com/site/petalbot)" "-"
114.119.135.0 - - [17/Jan/2023:03:04:10 +0100] "GET /iweb/index.php?part=Product&page=Brand&CatId=20452&BrandName=eyland HTTP/1.1" 200 6545 www.tanjameh.com "https://www.tanjameh.com/iweb/index.php?part=Brand&page=Brands" "Mozilla/5.0 (Linux; Android 7.0;) AppleWebKit/537.36 (KHTML, like Gecko) Mobile Safari/537.36 (compatible; PetalBot;+https://webmaster.petalsearch.com/site/petalbot)" "-"
114.119.129.0 - - [17/Jan/2023:03:04:30 +0100] "GET /iweb/index.php?Gender=Men&Category=Brands&pagein=96 HTTP/1.1" 200 33933 www.tanjameh.com "https://www.tanjameh.com/iweb/index.php?Gender=Men&Category=Brands&pagein=134" "Mozilla/5.0 (Linux; Android 7.0;) AppleWebKit/537.36 (KHTML, like Gecko) Mobile Safari/537.36 (compatible; PetalBot;+https://webmaster.petalsearch.com/site/petalbot)" "-"
114.119.135.0 - - [17/Jan/2023:03:04:59 +0100] "GET /iweb/index.php?part=Product&page=Size&Size=One%20Size&Type=Necklaces HTTP/1.1" 200 12815 tanjameh.com "https://tanjameh.com/iweb/index.php?part=Product&page=Size&Size=One%20Size&Type=Slippers" "Mozilla/5.0 (Linux; Android 7.0;) AppleWebKit/537.36 (KHTML, like Gecko) Mobile Safari/537.36 (compatible; PetalBot;+https://webmaster.petalsearch.com/site/petalbot)" "-"
157.55.39.0 - - [17/Jan/2023:03:05:20 +0100] "GET /product?title=ZA179779-keg HTTP/1.1" 404 626 www.tanjameh.com "-" "Mozilla/5.0 AppleWebKit/537.36 (KHTML, like Gecko; compatible; bingbot/2.0; +http://www.bing.com/bingbot.htm) Chrome/103.0.5060.134 Safari/537.36" "-"
114.119.150.0 - - [17/Jan/2023:03:05:22 +0100] "GET /iweb/?part=Product&page=Type&ProductType=Boots&Color=Stone HTTP/1.1" 302 7318 tanjameh.com "http://tanjameh.com/iweb/?part=Product&page=Type&ProductType=Boots" "Mozilla/5.0 (Linux; Android 7.0;) AppleWebKit/537.36 (KHTML, like Gecko) Mobile Safari/537.36 (compatible; PetalBot;+https://webmaster.petalsearch.com/site/petalbot)" "-"
114.119.159.0 - - [17/Jan/2023:03:05:44 +0100] "GET /iweb/?part=Product&page=Size&Size=M&Color=MINT HTTP/1.1" 200 7027 www.tanjameh.com "https://www.tanjameh.com/iweb/?part=Product&page=Size&Size=M&Color=Mint" "Mozilla/5.0 (Linux; Android 7.0;) AppleWebKit/537.36 (KHTML, like Gecko) Mobile Safari/537.36 (compatible; PetalBot;+https://webmaster.petalsearch.com/site/petalbot)" "-"
114.119.131.0 - - [17/Jan/2023:03:06:12 +0100] "GET /iweb/?Gender=Men&Category=Trending%20now&pagein=38 HTTP/1.1" 200 34000 www.tanjameh.com "https://www.tanjameh.com/iweb/?Gender=Men&Category=Trending%20now&pagein=26" "Mozilla/5.0 (Linux; Android 7.0;) AppleWebKit/537.36 (KHTML, like Gecko) Mobile Safari/537.36 (compatible; PetalBot;+https://webmaster.petalsearch.com/site/petalbot)" "-"
114.119.137.0 - - [17/Jan/2023:03:06:27 +0100] "GET /iweb/index.php?Gender=Men&Category=Marketplace&pagein=390 HTTP/1.1" 200 34052 tanjameh.com "https://tanjameh.com/iweb/index.php?Gender=Men&Category=Marketplace&pagein=216" "Mozilla/5.0 (Linux; Android 7.0;) AppleWebKit/537.36 (KHTML, like Gecko) Mobile Safari/537.36 (compatible; PetalBot;+https://webmaster.petalsearch.com/site/petalbot)" "-"
114.119.162.0 - - [17/Jan/2023:03:06:52 +0100] "GET /iweb/?part=Product&page=Size&Size=XS&pagein=47 HTTP/1.1" 200 20363 tanjameh.com "https://tanjameh.com/iweb/?part=Product&page=Size&Size=XS&pagein=187" "Mozilla/5.0 (Linux; Android 7.0;) AppleWebKit/537.36 (KHTML, like Gecko) Mobile Safari/537.36 (compatible; PetalBot;+https://webmaster.petalsearch.com/site/petalbot)" "-"
114.119.133.0 - - [17/Jan/2023:03:08:12 +0100] "GET /iweb/?Gender=women&Category=accessories&pagein=170 HTTP/1.1" 200 34110 tanjameh.com "https://tanjameh.com/iweb/?Gender=women&Category=accessories&pagein=54" "Mozilla/5.0 (Linux; Android 7.0;) AppleWebKit/537.36 (KHTML, like Gecko) Mobile Safari/537.36 (compatible; PetalBot;+https://webmaster.petalsearch.com/site/petalbot)" "-"
114.119.158.0 - - [17/Jan/2023:03:09:01 +0100] "GET /iweb/index.php?part=Product&page=Size&Size=M&pagein=206 HTTP/1.1" 200 23226 www.tanjameh.com "https://www.tanjameh.com/iweb/index.php?part=Product&page=Size&Size=M&pagein=198" "Mozilla/5.0 (Linux; Android 7.0;) AppleWebKit/537.36 (KHTML, like Gecko) Mobile Safari/537.36 (compatible; PetalBot;+https://webmaster.petalsearch.com/site/petalbot)" "-"
157.55.39.0 - - [17/Jan/2023:03:09:06 +0100] "GET /product?title=ZA156494-UP5 HTTP/1.1" 404 626 tanjameh.com "-" "Mozilla/5.0 (compatible; bingbot/2.0; +http://www.bing.com/bingbot.htm)" "-"
114.119.138.0 - - [17/Jan/2023:03:09:08 +0100] "GET /iweb/?Gender=Men&Category=Sportswear&pagein=110 HTTP/1.1" 200 33979 tanjameh.com "https://tanjameh.com/iweb/?Gender=Men&Category=Sportswear&pagein=58" "Mozilla/5.0 (Linux; Android 7.0;) AppleWebKit/537.36 (KHTML, like Gecko) Mobile Safari/537.36 (compatible; PetalBot;+https://webmaster.petalsearch.com/site/petalbot)" "-"
114.119.152.0 - - [17/Jan/2023:03:09:21 +0100] "GET /iweb/index.php?part=Product&page=Size&Size=40R&Color=GREEN HTTP/1.1" 200 7062 www.tanjameh.com "http://www.tanjameh.com/iweb/index.php?part=Product&page=Size&Size=40R" "Mozilla/5.0 (Linux; Android 7.0;) AppleWebKit/537.36 (KHTML, like Gecko) Mobile Safari/537.36 (compatible; PetalBot;+https://webmaster.petalsearch.com/site/petalbot)" "-"
114.119.143.0 - - [17/Jan/2023:03:09:55 +0100] "GET /iweb/?Gender=Men&Category=jeans&pagein=53 HTTP/1.1" 200 33958 www.tanjameh.com "https://www.tanjameh.com/iweb/?Gender=Men&Category=jeans&pagein=195" "Mozilla/5.0 (Linux; Android 7.0;) AppleWebKit/537.36 (KHTML, like Gecko) Mobile Safari/537.36 (compatible; PetalBot;+https://webmaster.petalsearch.com/site/petalbot)" "-"
114.119.148.0 - - [17/Jan/2023:03:10:19 +0100] "GET /iweb/?Gender=men&Category=FaceBody&pagein=477 HTTP/1.1" 200 31296 tanjameh.com "https://tanjameh.com/iweb/?Gender=men&Category=FaceBody&pagein=168" "Mozilla/5.0 (Linux; Android 7.0;) AppleWebKit/537.36 (KHTML, like Gecko) Mobile Safari/537.36 (compatible; PetalBot;+https://webmaster.petalsearch.com/site/petalbot)" "-"
114.119.149.0 - - [17/Jan/2023:03:10:40 +0100] "GET /irepository/img/attachedimage/thumbnail/tanjameh-1667819844-449164022--670--.webp HTTP/1.1" 200 21620 tanjameh.com "https://tanjameh.com/iweb/index.php?Root=%D8%A2%D9%82%D8%A7&Id=0&Root2=Topman&Id2=8" "Mozilla/5.0 (Linux; Android 7.0;) AppleWebKit/537.36 (KHTML, like Gecko) Mobile Safari/537.36 (compatible; PetalBot;+https://webmaster.petalsearch.com/site/petalbot)" "-"
114.119.132.0 - - [17/Jan/2023:03:11:02 +0100] "GET /irepository/img/attachedimage/thumbnail/tanjameh-1664763937-1942646261--120--.webp HTTP/1.1" 200 1998 tanjameh.com "https://tanjameh.com/iweb/?part=Product&page=Type&ProductType=Jackets&Color=LIGHT%20PINK" "Mozilla/5.0 (Linux; Android 7.0;) AppleWebKit/537.36 (KHTML, like Gecko) Mobile Safari/537.36 (compatible; PetalBot;+https://webmaster.petalsearch.com/site/petalbot)" "-"
114.119.130.0 - - [17/Jan/2023:03:11:24 +0100] "GET /iweb/index.php?Gender=women&Category=dresses&pagein=122 HTTP/1.1" 200 34068 www.tanjameh.com "https://www.tanjameh.com/iweb/index.php?Gender=women&Category=dresses&pagein=12" "Mozilla/5.0 (Linux; Android 7.0;) AppleWebKit/537.36 (KHTML, like Gecko) Mobile Safari/537.36 (compatible; PetalBot;+https://webmaster.petalsearch.com/site/petalbot)" "-"
114.119.148.0 - - [17/Jan/2023:03:11:49 +0100] "GET /iweb/index.php?part=Product&page=Size&Size=UK%206.5&Color=GREEN HTTP/1.1" 200 7900 www.tanjameh.com "https://www.tanjameh.com/iweb/index.php?part=Product&page=Size&Size=UK%206.5" "Mozilla/5.0 (Linux; Android 7.0;) AppleWebKit/537.36 (KHTML, like Gecko) Mobile Safari/537.36 (compatible; PetalBot;+https://webmaster.petalsearch.com/site/petalbot)" "-"
114.119.157.0 - - [17/Jan/2023:03:12:10 +0100] "GET /iweb/?Gender=Men&Category=Sportswear&pagein=176 HTTP/1.1" 200 33993 www.tanjameh.com "https://www.tanjameh.com/iweb/?Gender=Men&Category=Sportswear&pagein=333" "Mozilla/5.0 (Linux; Android 7.0;) AppleWebKit/537.36 (KHTML, like Gecko) Mobile Safari/537.36 (compatible; PetalBot;+https://webmaster.petalsearch.com/site/petalbot)" "-"
114.119.159.0 - - [17/Jan/2023:03:12:38 +0100] "GET /iweb/index.php?Gender=Women&Category=festival&pagein=111 HTTP/1.1" 200 34121 tanjameh.com "https://tanjameh.com/iweb/index.php?Gender=Women&Category=festival&pagein=20" "Mozilla/5.0 (Linux; Android 7.0;) AppleWebKit/537.36 (KHTML, like Gecko) Mobile Safari/537.36 (compatible; PetalBot;+https://webmaster.petalsearch.com/site/petalbot)" "-"
114.119.135.0 - - [17/Jan/2023:03:12:54 +0100] "GET /irepository/img/attachedimage/thumbnail/tanjameh-1664719520-296778036--314--.webp HTTP/1.1" 200 6844 tanjameh.com "https://tanjameh.com/iweb/?part=Product&page=Size&Size=30&Color=Deep%20Blue" "Mozilla/5.0 (Linux; Android 7.0;) AppleWebKit/537.36 (KHTML, like Gecko) Mobile Safari/537.36 (compatible; PetalBot;+https://webmaster.petalsearch.com/site/petalbot)" "-"
114.119.132.0 - - [17/Jan/2023:03:13:20 +0100] "GET /irepository/img/attachedimage/thumbnail/tanjameh-1663000024-1713410759--670--.webp HTTP/1.1" 200 26810 tanjameh.com "https://tanjameh.com/iweb/index.php?Root=%D8%AE%D8%A7%D9%86%D9%85&Id=1&Root2=Marketplace&Id2=13" "Mozilla/5.0 (Linux; Android 7.0;) AppleWebKit/537.36 (KHTML, like Gecko) Mobile Safari/537.36 (compatible; PetalBot;+https://webmaster.petalsearch.com/site/petalbot)" "-"
114.119.138.0 - - [17/Jan/2023:03:13:56 +0100] "GET /irepository/img/attachedimage/thumbnail/tanjameh-1659425030-589939199--314--.webp HTTP/1.1" 200 11774 tanjameh.com "https://tanjameh.com/iweb/?part=Product&page=Type&ProductType=Caps&Color=MULTI" "Mozilla/5.0 (Linux; Android 7.0;) AppleWebKit/537.36 (KHTML, like Gecko) Mobile Safari/537.36 (compatible; PetalBot;+https://webmaster.petalsearch.com/site/petalbot)" "-"
114.119.152.0 - - [17/Jan/2023:03:14:06 +0100] "GET /irepository/img/attachedimage/thumbnail/tanjameh-1658950431-1739801944--670--.webp HTTP/1.1" 200 22292 tanjameh.com "https://tanjameh.com/iweb/index.php?Root=%D8%AE%D8%A7%D9%86%D9%85&Id=1&Root2=%D8%AD%D8%B1%D8%A7%D8%AC%20&Id2=0" "Mozilla/5.0 (Linux; Android 7.0;) AppleWebKit/537.36 (KHTML, like Gecko) Mobile Safari/537.36 (compatible; PetalBot;+https://webmaster.petalsearch.com/site/petalbot)" "-"
114.119.159.0 - - [17/Jan/2023:03:14:35 +0100] "GET /irepository/img/attachedimage/thumbnail/tanjameh-1657742286-495083862--314--.webp HTTP/1.1" 200 25186 tanjameh.com "https://tanjameh.com/iweb/index.php?part=Product&page=Size&Size=US%204" "Mozilla/5.0 (Linux; Android 7.0;) AppleWebKit/537.36 (KHTML, like Gecko) Mobile Safari/537.36 (compatible; PetalBot;+https://webmaster.petalsearch.com/site/petalbot)" "-"
114.119.158.0 - - [17/Jan/2023:03:14:53 +0100] "GET /iweb/index.php?Gender=%D9%85%D8%B1%D8%AF%D8%A7%D9%86%D9%87&Category=Outlet&pagein=164 HTTP/1.1" 200 34258 www.tanjameh.com "https://www.tanjameh.com/iweb/index.php?Gender=%D9%85%D8%B1%D8%AF%D8%A7%D9%86%D9%87&Category=Outlet&pagein=78" "Mozilla/5.0 (Linux; Android 7.0;) AppleWebKit/537.36 (KHTML, like Gecko) Mobile Safari/537.36 (compatible; PetalBot;+https://webmaster.petalsearch.com/site/petalbot)" "-"
114.119.151.0 - - [17/Jan/2023:03:15:19 +0100] "GET /iweb/?part=Product&page=Type&ProductType=Trainers&Color=Brown/Black HTTP/1.1" 200 7110 www.tanjameh.com "https://www.tanjameh.com/iweb/?part=Product&page=Type&ProductType=Trainers" "Mozilla/5.0 (Linux; Android 7.0;) AppleWebKit/537.36 (KHTML, like Gecko) Mobile Safari/537.36 (compatible; PetalBot;+https://webmaster.petalsearch.com/site/petalbot)" "-"
114.119.149.0 - - [17/Jan/2023:03:15:46 +0100] "GET /iweb/index.php?part=Product&page=Type&ProductType=Blazers&Size=2XL HTTP/1.1" 200 7893 tanjameh.com "https://tanjameh.com/iweb/index.php?part=Product&page=Type&ProductType=Blazers" "Mozilla/5.0 (Linux; Android 7.0;) AppleWebKit/537.36 (KHTML, like Gecko) Mobile Safari/537.36 (compatible; PetalBot;+https://webmaster.petalsearch.com/site/petalbot)" "-"
114.119.136.0 - - [17/Jan/2023:03:16:04 +0100] "GET /iweb/index.php?Gender=Men&Category=Outlet&pagein=61 HTTP/1.1" 200 33821 tanjameh.com "https://tanjameh.com/iweb/index.php?Gender=Men&Category=Outlet&pagein=315" "Mozilla/5.0 (Linux; Android 7.0;) AppleWebKit/537.36 (KHTML, like Gecko) Mobile Safari/537.36 (compatible; PetalBot;+https://webmaster.petalsearch.com/site/petalbot)" "-"
114.119.144.0 - - [17/Jan/2023:03:16:31 +0100] "GET /irepository/img/attachedimage/thumbnail/tanjameh-1657054973-525629914--670--.webp HTTP/1.1" 404 626 tanjameh.com "https://tanjameh.com/iweb/index.php?Root=%D8%A2%D9%82%D8%A7&Id=0&Root2=Trending%20now&Id2=7" "Mozilla/5.0 (Linux; Android 7.0;) AppleWebKit/537.36 (KHTML, like Gecko) Mobile Safari/537.36 (compatible; PetalBot;+https://webmaster.petalsearch.com/site/petalbot)" "-"
114.119.147.0 - - [17/Jan/2023:03:17:02 +0100] "GET /irepository/img/attachedimage/thumbnail/tanjameh-1670445148-401781254--314--.webp HTTP/1.1" 200 6080 www.tanjameh.com "https://www.tanjameh.com/iweb/?part=Product&page=Size&Size=32&Color=MID%20GREY" "Mozilla/5.0 (Linux; Android 7.0;) AppleWebKit/537.36 (KHTML, like Gecko) Mobile Safari/537.36 (compatible; PetalBot;+https://webmaster.petalsearch.com/site/petalbot)" "-"
114.119.133.0 - - [17/Jan/2023:03:17:08 +0100] "GET /iweb/index.php?part=Product&page=Size&Size=W40&Color=BLACK HTTP/1.1" 302 279 www.tanjameh.com "http://www.tanjameh.com/iweb/index.php?part=Product&page=Size&Size=W40" "Mozilla/5.0 (Linux; Android 7.0;) AppleWebKit/537.36 (KHTML, like Gecko) Mobile Safari/537.36 (compatible; PetalBot;+https://webmaster.petalsearch.com/site/petalbot)" "-"
114.119.133.0 - - [17/Jan/2023:03:17:09 +0100] "GET /iweb/index.php?part=Product&page=Size&Size=W40&Color=BLACK HTTP/1.1" 200 9245 www.tanjameh.com "http://www.tanjameh.com/iweb/index.php?part=Product&page=Size&Size=W40" "Mozilla/5.0 (Linux; Android 7.0;) AppleWebKit/537.36 (KHTML, like Gecko) Mobile Safari/537.36 (compatible; PetalBot;+https://webmaster.petalsearch.com/site/petalbot)" "-"
114.119.166.0 - - [17/Jan/2023:03:17:38 +0100] "GET /iweb/index.php?Gender=Men&Category=gifts&pagein=110 HTTP/1.1" 200 34014 tanjameh.com "https://tanjameh.com/iweb/index.php?Gender=Men&Category=gifts&pagein=375" "Mozilla/5.0 (Linux; Android 7.0;) AppleWebKit/537.36 (KHTML, like Gecko) Mobile Safari/537.36 (compatible; PetalBot;+https://webmaster.petalsearch.com/site/petalbot)" "-"
114.119.136.0 - - [17/Jan/2023:03:18:13 +0100] "GET /iweb/index.php?part=Product&page=Size&Size=W34%20L30&Color=Beige%20as%2012214561 HTTP/1.1" 302 301 www.tanjameh.com "http://www.tanjameh.com/iweb/index.php?part=Product&page=Size&Size=W34%20L30" "Mozilla/5.0 (Linux; Android 7.0;) AppleWebKit/537.36 (KHTML, like Gecko) Mobile Safari/537.36 (compatible; PetalBot;+https://webmaster.petalsearch.com/site/petalbot)" "-"
114.119.134.0 - - [17/Jan/2023:03:18:22 +0100] "GET /iweb/index.php?part=Product&page=Size&Size=W28&Color=GREY%20CROSSHATCH HTTP/1.1" 302 291 www.tanjameh.com "http://www.tanjameh.com/iweb/index.php?part=Product&page=Size&Size=W28&Color=GREY%20CROSSHATCH" "Mozilla/5.0 (Linux; Android 7.0;) AppleWebKit/537.36 (KHTML, like Gecko) Mobile Safari/537.36 (compatible; PetalBot;+https://webmaster.petalsearch.com/site/petalbot)" "-"
114.119.134.0 - - [17/Jan/2023:03:18:23 +0100] "GET /iweb/index.php?part=Product&page=Size&Size=W28&Color=GREY%20CROSSHATCH HTTP/1.1" 200 7067 www.tanjameh.com "http://www.tanjameh.com/iweb/index.php?part=Product&page=Size&Size=W28&Color=GREY%20CROSSHATCH" "Mozilla/5.0 (Linux; Android 7.0;) AppleWebKit/537.36 (KHTML, like Gecko) Mobile Safari/537.36 (compatible; PetalBot;+https://webmaster.petalsearch.com/site/petalbot)" "-"
114.119.136.0 - - [17/Jan/2023:03:18:31 +0100] "GET /iweb/index.php?part=Product&page=Size&Size=W34%20L30&Color=Beige%20as%2012214561 HTTP/1.1" 200 7075 www.tanjameh.com "http://www.tanjameh.com/iweb/index.php?part=Product&page=Size&Size=W34%20L30" "Mozilla/5.0 (Linux; Android 7.0;) AppleWebKit/537.36 (KHTML, like Gecko) Mobile Safari/537.36 (compatible; PetalBot;+https://webmaster.petalsearch.com/site/petalbot)" "-"
114.119.158.0 - - [17/Jan/2023:03:18:50 +0100] "GET /iweb/index.php?part=Product&page=Size&Size=W28%20L32&Color=Navy HTTP/1.1" 302 284 www.tanjameh.com "http://www.tanjameh.com/iweb/index.php?part=Product&page=Size&Size=W28%20L32" "Mozilla/5.0 (Linux; Android 7.0;) AppleWebKit/537.36 (KHTML, like Gecko) Mobile Safari/537.36 (compatible; PetalBot;+https://webmaster.petalsearch.com/site/petalbot)" "-"
114.119.158.0 - - [17/Jan/2023:03:18:53 +0100] "GET /iweb/index.php?part=Product&page=Size&Size=W28%20L32&Color=Navy HTTP/1.1" 200 9268 www.tanjameh.com "http://www.tanjameh.com/iweb/index.php?part=Product&page=Size&Size=W28%20L32" "Mozilla/5.0 (Linux; Android 7.0;) AppleWebKit/537.36 (KHTML, like Gecko) Mobile Safari/537.36 (compatible; PetalBot;+https://webmaster.petalsearch.com/site/petalbot)" "-"
114.119.136.0 - - [17/Jan/2023:03:19:10 +0100] "GET /iweb/index.php?part=Product&page=Size&Size=S&Color=Glacier%20Gray HTTP/1.1" 302 286 www.tanjameh.com "http://www.tanjameh.com/iweb/index.php?part=Product&page=Size&Size=S" "Mozilla/5.0 (Linux; Android 7.0;) AppleWebKit/537.36 (KHTML, like Gecko) Mobile Safari/537.36 (compatible; PetalBot;+https://webmaster.petalsearch.com/site/petalbot)" "-"
114.119.136.0 - - [17/Jan/2023:03:19:11 +0100] "GET /iweb/index.php?part=Product&page=Size&Size=S&Color=Glacier%20Gray HTTP/1.1" 200 7051 www.tanjameh.com "http://www.tanjameh.com/iweb/index.php?part=Product&page=Size&Size=S" "Mozilla/5.0 (Linux; Android 7.0;) AppleWebKit/537.36 (KHTML, like Gecko) Mobile Safari/537.36 (compatible; PetalBot;+https://webmaster.petalsearch.com/site/petalbot)" "-"
207.46.13.0 - - [17/Jan/2023:03:19:18 +0100] "GET /iweb/index.php?gender=sale&category=men HTTP/1.1" 200 9981 tanjameh.com "-" "Mozilla/5.0 (compatible; bingbot/2.0; +http://www.bing.com/bingbot.htm)" "-"
