93.158.161.0 - - [23/Jan/2023:00:00:32 +0100] "GET /iweb/index.php HTTP/1.1" 200 9412 tanjameh.com "https://tanjameh.com/" "Mozilla/5.0 (compatible; YandexBot/3.0; +http://yandex.com/bots) AppleWebKit/537.36 (KHTML, like Gecko) Chrome/81.0.4044.268" "-"
114.119.147.0 - - [23/Jan/2023:00:00:32 +0100] "GET /iweb/index.php?Gender=Men&Category=Accessories&pagein=32 HTTP/1.1" 200 34203 tanjameh.com "https://tanjameh.com/iweb/index.php?Gender=Men&Category=Accessories&pagein=118" "Mozilla/5.0 (Linux; Android 7.0;) AppleWebKit/537.36 (KHTML, like Gecko) Mobile Safari/537.36 (compatible; PetalBot;+https://webmaster.petalsearch.com/site/petalbot)" "-"
114.119.147.0 - - [23/Jan/2023:00:00:54 +0100] "GET /iweb/?part=Product&page=Size&Size=W32%20L30&Color=Ermine HTTP/1.1" 200 6918 tanjameh.com "https://tanjameh.com/iweb/?part=Product&page=Size&Size=W32%20L30" "Mozilla/5.0 (Linux; Android 7.0;) AppleWebKit/537.36 (KHTML, like Gecko) Mobile Safari/537.36 (compatible; PetalBot;+https://webmaster.petalsearch.com/site/petalbot)" "-"
77.88.5.0 - - [23/Jan/2023:00:00:58 +0100] "GET /favicon.ico HTTP/1.1" 404 626 tanjameh.com "-" "Mozilla/5.0 (compatible; YandexFavicons/1.0; +http://yandex.com/bots)" "-"
114.119.143.0 - - [23/Jan/2023:00:01:03 +0100] "GET /irepository/img/attachedimage/thumbnail/tanjameh-1671029937-46178778--670--.webp HTTP/1.1" 200 24530 tanjameh.com "https://tanjameh.com/iweb/index.php?Root=%D8%AE%D8%A7%D9%86%D9%85&Id=1&Root2=Outlet&Id2=12" "Mozilla/5.0 (Linux; Android 7.0;) AppleWebKit/537.36 (KHTML, like Gecko) Mobile Safari/537.36 (compatible; PetalBot;+https://webmaster.petalsearch.com/site/petalbot)" "-"
93.158.161.0 - - [23/Jan/2023:00:01:05 +0100] "GET /iwtheme/assets/js/form-validator.min.js HTTP/1.1" 200 6066 tanjameh.com "https://tanjameh.com/iweb/index.php" "Mozilla/5.0 (compatible; YandexBot/3.0; +http://yandex.com/bots) AppleWebKit/537.36 (KHTML, like Gecko) Chrome/81.0.4044.268" "-"
77.88.5.0 - - [23/Jan/2023:00:01:09 +0100] "GET /iwtheme2/js/theme.min.js HTTP/1.1" 200 14976 tanjameh.com "https://tanjameh.com/iweb/index.php" "Mozilla/5.0 (compatible; YandexBot/3.0; +http://yandex.com/bots) AppleWebKit/537.36 (KHTML, like Gecko) Chrome/81.0.4044.268" "-"
77.88.5.0 - - [23/Jan/2023:00:01:11 +0100] "GET /iwtheme/assets/js/wow.min.js HTTP/1.1" 200 8183 tanjameh.com "https://tanjameh.com/iweb/index.php" "Mozilla/5.0 (compatible; YandexBot/3.0; +http://yandex.com/bots) AppleWebKit/537.36 (KHTML, like Gecko) Chrome/81.0.4044.268" "-"
77.88.5.0 - - [23/Jan/2023:00:01:13 +0100] "GET /iwtheme/assets/js/slick.min.js HTTP/1.1" 200 50657 tanjameh.com "https://tanjameh.com/iweb/index.php" "Mozilla/5.0 (compatible; YandexBot/3.0; +http://yandex.com/bots) AppleWebKit/537.36 (KHTML, like Gecko) Chrome/81.0.4044.268" "-"
93.158.161.0 - - [23/Jan/2023:00:01:15 +0100] "GET /iwtheme/assets/js/meanmenu.min.js HTTP/1.1" 200 4169 tanjameh.com "https://tanjameh.com/iweb/index.php" "Mozilla/5.0 (compatible; YandexBot/3.0; +http://yandex.com/bots) AppleWebKit/537.36 (KHTML, like Gecko) Chrome/81.0.4044.268" "-"
77.88.5.0 - - [23/Jan/2023:00:01:17 +0100] "GET /iwtheme/assets/js/popper.min.js HTTP/1.1" 200 18558 tanjameh.com "https://tanjameh.com/iweb/index.php" "Mozilla/5.0 (compatible; YandexBot/3.0; +http://yandex.com/bots) AppleWebKit/537.36 (KHTML, like Gecko) Chrome/81.0.4044.268" "-"
77.88.5.0 - - [23/Jan/2023:00:01:19 +0100] "GET /iwtheme/assets/js/main.js HTTP/1.1" 200 21615 tanjameh.com "https://tanjameh.com/iweb/index.php" "Mozilla/5.0 (compatible; YandexBot/3.0; +http://yandex.com/bots) AppleWebKit/537.36 (KHTML, like Gecko) Chrome/81.0.4044.268" "-"
77.88.5.0 - - [23/Jan/2023:00:01:21 +0100] "GET /iwtheme/assets/js/bootstrap.min.js HTTP/1.1" 200 60054 tanjameh.com "https://tanjameh.com/iweb/index.php" "Mozilla/5.0 (compatible; YandexBot/3.0; +http://yandex.com/bots) AppleWebKit/537.36 (KHTML, like Gecko) Chrome/81.0.4044.268" "-"
77.88.5.0 - - [23/Jan/2023:00:01:23 +0100] "GET /iwtheme/assets/js/sticky-sidebar.min.js HTTP/1.1" 200 12492 tanjameh.com "https://tanjameh.com/iweb/index.php" "Mozilla/5.0 (compatible; YandexBot/3.0; +http://yandex.com/bots) AppleWebKit/537.36 (KHTML, like Gecko) Chrome/81.0.4044.268" "-"
93.158.161.0 - - [23/Jan/2023:00:01:25 +0100] "GET /ijson/jquery-ui.js HTTP/1.1" 200 520714 tanjameh.com "https://tanjameh.com/iweb/index.php" "Mozilla/5.0 (compatible; YandexBot/3.0; +http://yandex.com/bots) AppleWebKit/537.36 (KHTML, like Gecko) Chrome/81.0.4044.268" "-"
77.88.5.0 - - [23/Jan/2023:00:01:27 +0100] "GET /iwtheme/assets/js/rangeSlider.min.js HTTP/1.1" 200 41135 tanjameh.com "https://tanjameh.com/iweb/index.php" "Mozilla/5.0 (compatible; YandexBot/3.0; +http://yandex.com/bots) AppleWebKit/537.36 (KHTML, like Gecko) Chrome/81.0.4044.268" "-"
77.88.5.0 - - [23/Jan/2023:00:01:29 +0100] "GET /iwtheme/assets/js/ajaxchimp.min.js HTTP/1.1" 200 2381 tanjameh.com "https://tanjameh.com/iweb/index.php" "Mozilla/5.0 (compatible; YandexBot/3.0; +http://yandex.com/bots) AppleWebKit/537.36 (KHTML, like Gecko) Chrome/81.0.4044.268" "-"
77.88.5.0 - - [23/Jan/2023:00:01:31 +0100] "GET /iwtheme/assets/js/contact-form-script.js HTTP/1.1" 200 2056 tanjameh.com "https://tanjameh.com/iweb/index.php" "Mozilla/5.0 (compatible; YandexBot/3.0; +http://yandex.com/bots) AppleWebKit/537.36 (KHTML, like Gecko) Chrome/81.0.4044.268" "-"
77.88.5.0 - - [23/Jan/2023:00:01:33 +0100] "GET /iwtheme/assets/js/jquery.min.js HTTP/1.1" 200 89501 tanjameh.com "https://tanjameh.com/iweb/index.php" "Mozilla/5.0 (compatible; YandexBot/3.0; +http://yandex.com/bots) AppleWebKit/537.36 (KHTML, like Gecko) Chrome/81.0.4044.268" "-"
93.158.161.0 - - [23/Jan/2023:00:01:35 +0100] "GET /iwtheme2/vendor/smooth-scroll/dist/smooth-scroll.polyfills.min.js HTTP/1.1" 200 6563 tanjameh.com "https://tanjameh.com/iweb/index.php" "Mozilla/5.0 (compatible; YandexBot/3.0; +http://yandex.com/bots) AppleWebKit/537.36 (KHTML, like Gecko) Chrome/81.0.4044.268" "-"
93.158.161.0 - - [23/Jan/2023:00:01:36 +0100] "GET /ijson/OnClickAdd.js HTTP/1.1" 200 6050 tanjameh.com "https://tanjameh.com/iweb/index.php" "Mozilla/5.0 (compatible; YandexBot/3.0; +http://yandex.com/bots) AppleWebKit/537.36 (KHTML, like Gecko) Chrome/81.0.4044.268" "-"
77.88.5.0 - - [23/Jan/2023:00:01:38 +0100] "GET /iwtheme2/vendor/nouislider/dist/nouislider.min.js HTTP/1.1" 200 26682 tanjameh.com "https://tanjameh.com/iweb/index.php" "Mozilla/5.0 (compatible; YandexBot/3.0; +http://yandex.com/bots) AppleWebKit/537.36 (KHTML, like Gecko) Chrome/81.0.4044.268" "-"
77.88.5.0 - - [23/Jan/2023:00:01:40 +0100] "GET /iwtheme/assets/js/magnific-popup.min.js HTTP/1.1" 200 20219 tanjameh.com "https://tanjameh.com/iweb/index.php" "Mozilla/5.0 (compatible; YandexBot/3.0; +http://yandex.com/bots) AppleWebKit/537.36 (KHTML, like Gecko) Chrome/81.0.4044.268" "-"
93.158.161.0 - - [23/Jan/2023:00:01:42 +0100] "GET /iwtheme/assets/js/isotope.pkgd.min.js HTTP/1.1" 200 35456 tanjameh.com "https://tanjameh.com/iweb/index.php" "Mozilla/5.0 (compatible; YandexBot/3.0; +http://yandex.com/bots) AppleWebKit/537.36 (KHTML, like Gecko) Chrome/81.0.4044.268" "-"
77.88.5.0 - - [23/Jan/2023:00:01:44 +0100] "GET /iwtheme/assets/js/nice-select.min.js HTTP/1.1" 200 2939 tanjameh.com "https://tanjameh.com/iweb/index.php" "Mozilla/5.0 (compatible; YandexBot/3.0; +http://yandex.com/bots) AppleWebKit/537.36 (KHTML, like Gecko) Chrome/81.0.4044.268" "-"
77.88.5.0 - - [23/Jan/2023:00:01:45 +0100] "GET /iwtheme/assets/js/parallax.min.js HTTP/1.1" 200 13311 tanjameh.com "https://tanjameh.com/iweb/index.php" "Mozilla/5.0 (compatible; YandexBot/3.0; +http://yandex.com/bots) AppleWebKit/537.36 (KHTML, like Gecko) Chrome/81.0.4044.268" "-"
93.158.161.0 - - [23/Jan/2023:00:01:47 +0100] "GET /iwtheme/assets/js/isotope.pkgd.min.js HTTP/1.1" 200 35456 tanjameh.com "https://tanjameh.com/iweb/index.php" "Mozilla/5.0 (compatible; YandexBot/3.0; +http://yandex.com/bots) AppleWebKit/537.36 (KHTML, like Gecko) Chrome/81.0.4044.268" "-"
77.88.5.0 - - [23/Jan/2023:00:01:49 +0100] "GET /iwtheme/assets/js/main.js HTTP/1.1" 200 21615 tanjameh.com "https://tanjameh.com/iweb/index.php" "Mozilla/5.0 (compatible; YandexBot/3.0; +http://yandex.com/bots) AppleWebKit/537.36 (KHTML, like Gecko) Chrome/81.0.4044.268" "-"
77.88.5.0 - - [23/Jan/2023:00:04:07 +0100] "GET /iwtheme/assets/js/owl.carousel.min.js HTTP/1.1" 200 44348 tanjameh.com "https://tanjameh.com/iweb/index.php" "Mozilla/5.0 (compatible; YandexBot/3.0; +http://yandex.com/bots) AppleWebKit/537.36 (KHTML, like Gecko) Chrome/81.0.4044.268" "-"
157.55.39.0 - - [23/Jan/2023:00:05:08 +0100] "GET /iweb/index.php?gender=sale&category=men HTTP/1.1" 302 9497 tanjameh.com "-" "Mozilla/5.0 AppleWebKit/537.36 (KHTML, like Gecko; compatible; bingbot/2.0; +http://www.bing.com/bingbot.htm) Chrome/103.0.5060.134 Safari/537.36" "-"
157.55.39.0 - - [23/Jan/2023:00:05:11 +0100] "GET /iweb/ HTTP/1.1" 302 9545 tanjameh.com "-" "Mozilla/5.0 AppleWebKit/537.36 (KHTML, like Gecko; compatible; bingbot/2.0; +http://www.bing.com/bingbot.htm) Chrome/103.0.5060.134 Safari/537.36" "-"
157.55.39.0 - - [23/Jan/2023:00:05:19 +0100] "GET /iweb/ HTTP/1.1" 200 9509 tanjameh.com "-" "Mozilla/5.0 AppleWebKit/537.36 (KHTML, like Gecko; compatible; bingbot/2.0; +http://www.bing.com/bingbot.htm) Chrome/103.0.5060.134 Safari/537.36" "-"
157.55.39.0 - - [23/Jan/2023:00:05:48 +0100] "GET /men/trousers-chinos/chinos/cat/?cid=14051 HTTP/1.1" 302 246 tanjameh.com "-" "Mozilla/5.0 AppleWebKit/537.36 (KHTML, like Gecko; compatible; bingbot/2.0; +http://www.bing.com/bingbot.htm) Chrome/103.0.5060.134 Safari/537.36" "-"
157.55.39.0 - - [23/Jan/2023:00:05:49 +0100] "GET /men/trousers-chinos/chinos/cat/?cid=14051 HTTP/1.1" 404 626 tanjameh.com "-" "Mozilla/5.0 AppleWebKit/537.36 (KHTML, like Gecko; compatible; bingbot/2.0; +http://www.bing.com/bingbot.htm) Chrome/103.0.5060.134 Safari/537.36" "-"
40.77.167.0 - - [23/Jan/2023:00:06:46 +0100] "GET /product?title=ZA179925-v8o HTTP/1.1" 404 626 tanjameh.com "-" "Mozilla/5.0 (compatible; bingbot/2.0; +http://www.bing.com/bingbot.htm)" "-"
157.55.39.0 - - [23/Jan/2023:00:07:53 +0100] "GET /product?title=ZA179683-GmF HTTP/1.1" 404 626 tanjameh.com "-" "Mozilla/5.0 AppleWebKit/537.36 (KHTML, like Gecko; compatible; bingbot/2.0; +http://www.bing.com/bingbot.htm) Chrome/103.0.5060.134 Safari/537.36" "-"
157.55.39.0 - - [23/Jan/2023:00:11:42 +0100] "GET /product?title=ZA128966-NJa HTTP/1.1" 404 626 tanjameh.com "-" "Mozilla/5.0 AppleWebKit/537.36 (KHTML, like Gecko; compatible; bingbot/2.0; +http://www.bing.com/bingbot.htm) Chrome/103.0.5060.134 Safari/537.36" "-"
114.119.137.0 - - [23/Jan/2023:00:19:35 +0100] "GET /iwwtheme/img/products/-_637653293773121910_405.jpeg HTTP/1.1" 301 283 www.tanjameh.com "https://www.tanjameh.com/fa/fashion.html" "Mozilla/5.0 (Linux; Android 7.0;) AppleWebKit/537.36 (KHTML, like Gecko) Mobile Safari/537.36 (compatible; PetalBot;+https://webmaster.petalsearch.com/site/petalbot)" "-"
114.119.137.0 - - [23/Jan/2023:00:19:43 +0100] "GET /iwtheme/img/products/-_637653293773121910_405.jpeg HTTP/1.1" 404 626 www.tanjameh.com "https://www.tanjameh.com/fa/fashion.html" "Mozilla/5.0 (Linux; Android 7.0;) AppleWebKit/537.36 (KHTML, like Gecko) Mobile Safari/537.36 (compatible; PetalBot;+https://webmaster.petalsearch.com/site/petalbot)" "-"
114.119.136.0 - - [23/Jan/2023:00:20:03 +0100] "GET /iweb/?part=Product&page=Size&Size=L&pagein=205 HTTP/1.1" 200 24522 www.tanjameh.com "https://www.tanjameh.com/iweb/?part=Product&page=Size&Size=L&pagein=147" "Mozilla/5.0 (Linux; Android 7.0;) AppleWebKit/537.36 (KHTML, like Gecko) Mobile Safari/537.36 (compatible; PetalBot;+https://webmaster.petalsearch.com/site/petalbot)" "-"
114.119.135.0 - - [23/Jan/2023:00:20:30 +0100] "GET /iweb/?Gender=Men&Category=Sportswear&pagein=23 HTTP/1.1" 200 34226 www.tanjameh.com "https://www.tanjameh.com/iweb/?Gender=Men&Category=Sportswear&pagein=207" "Mozilla/5.0 (Linux; Android 7.0;) AppleWebKit/537.36 (KHTML, like Gecko) Mobile Safari/537.36 (compatible; PetalBot;+https://webmaster.petalsearch.com/site/petalbot)" "-"
114.119.140.0 - - [23/Jan/2023:00:20:40 +0100] "GET /iweb/?Gender=Men&Category=Face%20%2B%20Body&pagein=373 HTTP/1.1" 200 34303 www.tanjameh.com "https://www.tanjameh.com/iweb/?Gender=Men&Category=Face%20%2B%20Body&pagein=35" "Mozilla/5.0 (Linux; Android 7.0;) AppleWebKit/537.36 (KHTML, like Gecko) Mobile Safari/537.36 (compatible; PetalBot;+https://webmaster.petalsearch.com/site/petalbot)" "-"
114.119.140.0 - - [23/Jan/2023:00:20:53 +0100] "GET /iweb/index.php?part=Product&page=Size&Size=W30&pagein=31 HTTP/1.1" 200 12778 tanjameh.com "https://tanjameh.com/iweb/index.php?part=Product&page=Size&Size=W30&pagein=7" "Mozilla/5.0 (Linux; Android 7.0;) AppleWebKit/537.36 (KHTML, like Gecko) Mobile Safari/537.36 (compatible; PetalBot;+https://webmaster.petalsearch.com/site/petalbot)" "-"
114.119.134.0 - - [23/Jan/2023:00:21:23 +0100] "GET /iweb/index.php?part=Product&page=Size&Size=M&pagein=99 HTTP/1.1" 200 23205 tanjameh.com "https://tanjameh.com/iweb/index.php?part=Product&page=Size&Size=M&pagein=221" "Mozilla/5.0 (Linux; Android 7.0;) AppleWebKit/537.36 (KHTML, like Gecko) Mobile Safari/537.36 (compatible; PetalBot;+https://webmaster.petalsearch.com/site/petalbot)" "-"
114.119.138.0 - - [23/Jan/2023:00:21:56 +0100] "GET /irepository/img/attachedimage/thumbnail/tanjameh-1667947529-2074558122--314--.webp HTTP/1.1" 200 7286 www.tanjameh.com "https://www.tanjameh.com/iweb/?part=Product&page=Size&Size=No%20Size&BrandName=Aveda" "Mozilla/5.0 (Linux; Android 7.0;) AppleWebKit/537.36 (KHTML, like Gecko) Mobile Safari/537.36 (compatible; PetalBot;+https://webmaster.petalsearch.com/site/petalbot)" "-"
114.119.151.0 - - [23/Jan/2023:00:22:08 +0100] "GET /iweb/index.php?Gender=Men&Category=accessories&pagein=327 HTTP/1.1" 200 34017 tanjameh.com "https://tanjameh.com/iweb/index.php?Gender=Men&Category=accessories&pagein=229" "Mozilla/5.0 (Linux; Android 7.0;) AppleWebKit/537.36 (KHTML, like Gecko) Mobile Safari/537.36 (compatible; PetalBot;+https://webmaster.petalsearch.com/site/petalbot)" "-"
114.119.161.0 - - [23/Jan/2023:00:22:43 +0100] "GET /iweb/?Gender=Men&Category=%D8%AA%D8%A7%D8%A8%D8%B3%D8%AA%D8%A7%D9%86&pagein=355 HTTP/1.1" 200 34343 www.tanjameh.com "https://www.tanjameh.com/iweb/?Gender=Men&Category=%D8%AA%D8%A7%D8%A8%D8%B3%D8%AA%D8%A7%D9%86&pagein=295" "Mozilla/5.0 (Linux; Android 7.0;) AppleWebKit/537.36 (KHTML, like Gecko) Mobile Safari/537.36 (compatible; PetalBot;+https://webmaster.petalsearch.com/site/petalbot)" "-"
114.119.150.0 - - [23/Jan/2023:00:23:07 +0100] "GET /iweb/index.php?Gender=Men&Category=Sale&pagein=79 HTTP/1.1" 200 34352 tanjameh.com "https://tanjameh.com/iweb/index.php?Gender=Men&Category=Sale&pagein=338" "Mozilla/5.0 (Linux; Android 7.0;) AppleWebKit/537.36 (KHTML, like Gecko) Mobile Safari/537.36 (compatible; PetalBot;+https://webmaster.petalsearch.com/site/petalbot)" "-"
114.119.143.0 - - [23/Jan/2023:00:24:02 +0100] "GET /iweb/index.php?Gender=%D9%85%D8%B1%D8%AF%D8%A7%D9%86%D9%87&Category=Sale&pagein=304 HTTP/1.1" 200 33895 tanjameh.com "https://tanjameh.com/iweb/index.php?Gender=%D9%85%D8%B1%D8%AF%D8%A7%D9%86%D9%87&Category=Sale&pagein=410" "Mozilla/5.0 (Linux; Android 7.0;) AppleWebKit/537.36 (KHTML, like Gecko) Mobile Safari/537.36 (compatible; PetalBot;+https://webmaster.petalsearch.com/site/petalbot)" "-"
114.119.141.0 - - [23/Jan/2023:00:24:26 +0100] "GET /iweb/index.php?Gender=%D8%B2%D9%86%D8%A7%D9%86%D9%87&Category=%D8%A8%D8%B1%D9%86%D8%AF%20%D9%87%D8%A7&pagein=258 HTTP/1.1" 200 34550 tanjameh.com "https://tanjameh.com/iweb/index.php?Gender=%D8%B2%D9%86%D8%A7%D9%86%D9%87&Category=%D8%A8%D8%B1%D9%86%D8%AF%20%D9%87%D8%A7&pagein=405" "Mozilla/5.0 (Linux; Android 7.0;) AppleWebKit/537.36 (KHTML, like Gecko) Mobile Safari/537.36 (compatible; PetalBot;+https://webmaster.petalsearch.com/site/petalbot)" "-"
114.119.159.0 - - [23/Jan/2023:00:25:08 +0100] "GET /iweb/?part=Product&page=Type&Size=95%20cm HTTP/1.1" 200 6390 tanjameh.com "https://tanjameh.com/iweb/?part=Product&page=Size&Size=95%20cm&Color=REGULAR%20BLACK" "Mozilla/5.0 (Linux; Android 7.0;) AppleWebKit/537.36 (KHTML, like Gecko) Mobile Safari/537.36 (compatible; PetalBot;+https://webmaster.petalsearch.com/site/petalbot)" "-"
114.119.135.0 - - [23/Jan/2023:00:25:10 +0100] "GET /iweb/index.php?Gender=women&Category=dresses&pagein=194 HTTP/1.1" 200 34377 www.tanjameh.com "https://www.tanjameh.com/iweb/index.php?Gender=women&Category=dresses&pagein=227" "Mozilla/5.0 (Linux; Android 7.0;) AppleWebKit/537.36 (KHTML, like Gecko) Mobile Safari/537.36 (compatible; PetalBot;+https://webmaster.petalsearch.com/site/petalbot)" "-"
114.119.150.0 - - [23/Jan/2023:00:25:28 +0100] "GET /iweb/?Gender=women&Category=Accessories&pagein=30 HTTP/1.1" 200 34190 tanjameh.com "https://tanjameh.com/iweb/?Gender=women&Category=Accessories&pagein=311" "Mozilla/5.0 (Linux; Android 7.0;) AppleWebKit/537.36 (KHTML, like Gecko) Mobile Safari/537.36 (compatible; PetalBot;+https://webmaster.petalsearch.com/site/petalbot)" "-"
114.119.143.0 - - [23/Jan/2023:00:25:52 +0100] "GET /iweb/?Gender=men&Category=Accessories&pagein=29 HTTP/1.1" 200 34157 tanjameh.com "https://tanjameh.com/iweb/?Gender=men&Category=Accessories&pagein=370" "Mozilla/5.0 (Linux; Android 7.0;) AppleWebKit/537.36 (KHTML, like Gecko) Mobile Safari/537.36 (compatible; PetalBot;+https://webmaster.petalsearch.com/site/petalbot)" "-"
157.55.39.0 - - [23/Jan/2023:00:26:02 +0100] "GET /product?title=ZA128966-ilR HTTP/1.1" 404 626 tanjameh.com "-" "Mozilla/5.0 AppleWebKit/537.36 (KHTML, like Gecko; compatible; bingbot/2.0; +http://www.bing.com/bingbot.htm) Chrome/103.0.5060.134 Safari/537.36" "-"
114.119.167.0 - - [23/Jan/2023:00:26:14 +0100] "GET /irepository/img/attachedimage/thumbnail/tanjameh-1667821380-1752863421--670--.webp HTTP/1.1" 200 21264 tanjameh.com "https://tanjameh.com/iweb/index.php?Root=%D8%A2%D9%82%D8%A7&Id=0&Root2=%DA%A9%D9%81%D8%B4%20&Id2=4" "Mozilla/5.0 (Linux; Android 7.0;) AppleWebKit/537.36 (KHTML, like Gecko) Mobile Safari/537.36 (compatible; PetalBot;+https://webmaster.petalsearch.com/site/petalbot)" "-"
114.119.146.0 - - [23/Jan/2023:00:26:49 +0100] "GET /irepository/img/attachedimage/thumbnail/tanjameh-1656930426-1825950269--314--.webp HTTP/1.1" 200 3462 tanjameh.com "https://tanjameh.com/iweb/?Gender=Men&Category=gifts&pagein=376" "Mozilla/5.0 (Linux; Android 7.0;) AppleWebKit/537.36 (KHTML, like Gecko) Mobile Safari/537.36 (compatible; PetalBot;+https://webmaster.petalsearch.com/site/petalbot)" "-"
114.119.134.0 - - [23/Jan/2023:00:27:00 +0100] "GET /iweb/index.php?part=Product&page=Size&Size=W30%20L34&Color=ICE%20GREY HTTP/1.1" 302 290 www.tanjameh.com "https://www.tanjameh.com/iweb/index.php?part=Product&page=Size&Size=W30%20L34" "Mozilla/5.0 (Linux; Android 7.0;) AppleWebKit/537.36 (KHTML, like Gecko) Mobile Safari/537.36 (compatible; PetalBot;+https://webmaster.petalsearch.com/site/petalbot)" "-"
114.119.134.0 - - [23/Jan/2023:00:27:11 +0100] "GET /iweb/index.php?part=Product&page=Size&Size=W30%20L34&Color=ICE%20GREY HTTP/1.1" 200 7141 www.tanjameh.com "https://www.tanjameh.com/iweb/index.php?part=Product&page=Size&Size=W30%20L34" "Mozilla/5.0 (Linux; Android 7.0;) AppleWebKit/537.36 (KHTML, like Gecko) Mobile Safari/537.36 (compatible; PetalBot;+https://webmaster.petalsearch.com/site/petalbot)" "-"
114.119.131.0 - - [23/Jan/2023:00:27:28 +0100] "GET /iweb/index.php?Gender=Men&Category=trousers-chinos&pagein=367 HTTP/1.1" 200 34048 www.tanjameh.com "https://www.tanjameh.com/iweb/index.php?Gender=Men&Category=trousers-chinos&pagein=257" "Mozilla/5.0 (Linux; Android 7.0;) AppleWebKit/537.36 (KHTML, like Gecko) Mobile Safari/537.36 (compatible; PetalBot;+https://webmaster.petalsearch.com/site/petalbot)" "-"
114.119.130.0 - - [23/Jan/2023:00:28:01 +0100] "GET /iweb/index.php?part=Product&page=Type&ProductType=Polo%20Shirts&Color=Black HTTP/1.1" 302 292 tanjameh.com "http://tanjameh.com/iweb/index.php?part=Product&page=Type&ProductType=Polo%20Shirts&Color=Black" "Mozilla/5.0 (Linux; Android 7.0;) AppleWebKit/537.36 (KHTML, like Gecko) Mobile Safari/537.36 (compatible; PetalBot;+https://webmaster.petalsearch.com/site/petalbot)" "-"
114.119.130.0 - - [23/Jan/2023:00:28:02 +0100] "GET /iweb/index.php?part=Product&page=Type&ProductType=Polo%20Shirts&Color=Black HTTP/1.1" 200 9444 tanjameh.com "http://tanjameh.com/iweb/index.php?part=Product&page=Type&ProductType=Polo%20Shirts&Color=Black" "Mozilla/5.0 (Linux; Android 7.0;) AppleWebKit/537.36 (KHTML, like Gecko) Mobile Safari/537.36 (compatible; PetalBot;+https://webmaster.petalsearch.com/site/petalbot)" "-"
114.119.149.0 - - [23/Jan/2023:00:28:18 +0100] "GET /iweb/index.php?part=Product&page=Size&Size=UK%207.5&Color=Black HTTP/1.1" 302 284 www.tanjameh.com "http://www.tanjameh.com/iweb/index.php?part=Product&page=Size&Size=UK%207.5&Color=Black" "Mozilla/5.0 (Linux; Android 7.0;) AppleWebKit/537.36 (KHTML, like Gecko) Mobile Safari/537.36 (compatible; PetalBot;+https://webmaster.petalsearch.com/site/petalbot)" "-"
114.119.149.0 - - [23/Jan/2023:00:28:48 +0100] "GET /iweb/index.php?part=Product&page=Size&Size=UK%207.5&Color=Black HTTP/1.1" 200 9196 www.tanjameh.com "http://www.tanjameh.com/iweb/index.php?part=Product&page=Size&Size=UK%207.5&Color=Black" "Mozilla/5.0 (Linux; Android 7.0;) AppleWebKit/537.36 (KHTML, like Gecko) Mobile Safari/537.36 (compatible; PetalBot;+https://webmaster.petalsearch.com/site/petalbot)" "-"
114.119.156.0 - - [23/Jan/2023:00:32:21 +0100] "GET /irepository/img/attachedimage/thumbnail/tanjameh-1657600791-205768745--120--.webp HTTP/1.1" 200 1562 www.tanjameh.com "https://www.tanjameh.com/iweb/?part=Product&page=Type&ProductType=Sweatshirts&Color=MULTI" "Mozilla/5.0 (Linux; Android 7.0;) AppleWebKit/537.36 (KHTML, like Gecko) Mobile Safari/537.36 (compatible; PetalBot;+https://webmaster.petalsearch.com/site/petalbot)" "-"
114.119.156.0 - - [23/Jan/2023:00:32:34 +0100] "GET /iweb/index.php?Gender=men&Category=Clothing&pagein=16 HTTP/1.1" 200 33986 www.tanjameh.com "https://www.tanjameh.com/iweb/index.php?Gender=men&Category=Clothing&pagein=186" "Mozilla/5.0 (Linux; Android 7.0;) AppleWebKit/537.36 (KHTML, like Gecko) Mobile Safari/537.36 (compatible; PetalBot;+https://webmaster.petalsearch.com/site/petalbot)" "-"
207.46.13.0 - - [23/Jan/2023:00:32:47 +0100] "GET /iweb/index.php?gender=sale HTTP/1.1" 200 9453 tanjameh.com "-" "Mozilla/5.0 AppleWebKit/537.36 (KHTML, like Gecko; compatible; bingbot/2.0; +http://www.bing.com/bingbot.htm) Chrome/103.0.5060.134 Safari/537.36" "-"
114.119.156.0 - - [23/Jan/2023:00:32:58 +0100] "GET /iweb/?part=Product&page=Brand&CatId=8971&BrandName=house-of-holland HTTP/1.1" 200 6440 tanjameh.com "https://tanjameh.com/iweb/?part=Brand&page=Brands" "Mozilla/5.0 (Linux; Android 7.0;) AppleWebKit/537.36 (KHTML, like Gecko) Mobile Safari/537.36 (compatible; PetalBot;+https://webmaster.petalsearch.com/site/petalbot)" "-"
114.119.132.0 - - [23/Jan/2023:00:33:24 +0100] "GET /iweb/index.php?Gender=Men&Category=hoodies-sweatshirts&Size=S&pagein=63 HTTP/1.1" 200 29351 www.tanjameh.com "https://www.tanjameh.com/iweb/index.php?Gender=Men&Category=hoodies-sweatshirts&Size=S&pagein=77" "Mozilla/5.0 (Linux; Android 7.0;) AppleWebKit/537.36 (KHTML, like Gecko) Mobile Safari/537.36 (compatible; PetalBot;+https://webmaster.petalsearch.com/site/petalbot)" "-"
114.119.135.0 - - [23/Jan/2023:00:33:37 +0100] "GET /irepository/img/attachedimage/thumbnail/tanjameh-1667951287-280016192--314--.webp HTTP/1.1" 200 4882 tanjameh.com "https://tanjameh.com/iweb/index.php?part=Product&page=Size&Size=XXL&Color=dark%20olive" "Mozilla/5.0 (Linux; Android 7.0;) AppleWebKit/537.36 (KHTML, like Gecko) Mobile Safari/537.36 (compatible; PetalBot;+https://webmaster.petalsearch.com/site/petalbot)" "-"
114.119.128.0 - - [23/Jan/2023:00:34:14 +0100] "GET /iweb/?part=Product&page=Size&Size=S&pagein=279 HTTP/1.1" 200 28918 tanjameh.com "https://tanjameh.com/iweb/?part=Product&page=Size&Size=S&pagein=135" "Mozilla/5.0 (Linux; Android 7.0;) AppleWebKit/537.36 (KHTML, like Gecko) Mobile Safari/537.36 (compatible; PetalBot;+https://webmaster.petalsearch.com/site/petalbot)" "-"
114.119.156.0 - - [23/Jan/2023:00:34:18 +0100] "GET /irepository/img/attachedimage/thumbnail/tanjameh-1672159750-1943736227--314--.webp HTTP/1.1" 200 4968 tanjameh.com "https://tanjameh.com/iweb/index.php?Gender=Men&Category=Outlet&pagein=14" "Mozilla/5.0 (Linux; Android 7.0;) AppleWebKit/537.36 (KHTML, like Gecko) Mobile Safari/537.36 (compatible; PetalBot;+https://webmaster.petalsearch.com/site/petalbot)" "-"
89.163.153.0 - - [23/Jan/2023:00:38:16 +0100] "GET /iweb/index.php?Gender=%25u0645%25u0631%25u062f%25u0627%25u0646%25u0647'&GId=0&Category=Outlet&CId=11&Group=Vans&GrId=11&part=Product&page=Category HTTP/1.1" 200 34503 tanjameh.com "-" "Mozilla/5.0 (Windows NT 10.0; WOW64) AppleWebKit/537.36 (KHTML, like Gecko) Chrome/77.0.2695.51 Safari/537.36" "-"
89.163.153.0 - - [23/Jan/2023:00:38:18 +0100] "GET /iweb/index.php?Gender=%25u0645%25u0631%25u062f%25u0627%25u0646%25u0647&GId=0'&Category=Outlet&CId=11&Group=Vans&GrId=11&part=Product&page=Category HTTP/1.1" 200 34502 tanjameh.com "-" "Mozilla/5.0 (Windows NT 10.0; WOW64) AppleWebKit/537.36 (KHTML, like Gecko) Chrome/77.0.2695.51 Safari/537.36" "-"
89.163.153.0 - - [23/Jan/2023:00:38:19 +0100] "GET /iweb/index.php?Gender=%25u0645%25u0631%25u062f%25u0627%25u0646%25u0647&GId=0&Category=Outlet'&CId=11&Group=Vans&GrId=11&part=Product&page=Category HTTP/1.1" 200 34503 tanjameh.com "-" "Mozilla/5.0 (Windows NT 10.0; WOW64) AppleWebKit/537.36 (KHTML, like Gecko) Chrome/77.0.2695.51 Safari/537.36" "-"
89.163.153.0 - - [23/Jan/2023:00:38:20 +0100] "GET /iweb/index.php?Gender=%25u0645%25u0631%25u062f%25u0627%25u0646%25u0647&GId=0&Category=Outlet&CId=11'&Group=Vans&GrId=11&part=Product&page=Category HTTP/1.1" 200 34502 tanjameh.com "-" "Mozilla/5.0 (Windows NT 10.0; WOW64) AppleWebKit/537.36 (KHTML, like Gecko) Chrome/77.0.2695.51 Safari/537.36" "-"
89.163.153.0 - - [23/Jan/2023:00:38:21 +0100] "GET /iweb/index.php?Gender=%25u0645%25u0631%25u062f%25u0627%25u0646%25u0647&GId=0&Category=Outlet&CId=11&Group=Vans'&GrId=11&part=Product&page=Category HTTP/1.1" 200 34503 tanjameh.com "-" "Mozilla/5.0 (Windows NT 10.0; WOW64) AppleWebKit/537.36 (KHTML, like Gecko) Chrome/77.0.2695.51 Safari/537.36" "-"
89.163.153.0 - - [23/Jan/2023:00:38:22 +0100] "GET /iweb/index.php?Gender=%25u0645%25u0631%25u062f%25u0627%25u0646%25u0647&GId=0&Category=Outlet&CId=11&Group=Vans&GrId=11'&part=Product&page=Category HTTP/1.1" 200 34502 tanjameh.com "-" "Mozilla/5.0 (Windows NT 10.0; WOW64) AppleWebKit/537.36 (KHTML, like Gecko) Chrome/77.0.2695.51 Safari/537.36" "-"
89.163.153.0 - - [23/Jan/2023:00:38:23 +0100] "GET /iweb/index.php?Gender=%25u0645%25u0631%25u062f%25u0627%25u0646%25u0647&GId=0&Category=Outlet&CId=11&Group=Vans&GrId=11&part=Product'&page=Category HTTP/1.1" 200 6730 tanjameh.com "-" "Mozilla/5.0 (Windows NT 10.0; WOW64) AppleWebKit/537.36 (KHTML, like Gecko) Chrome/77.0.2695.51 Safari/537.36" "-"
89.163.153.0 - - [23/Jan/2023:00:38:24 +0100] "GET /iweb/index.php?Gender=%25u0645%25u0631%25u062f%25u0627%25u0646%25u0647&GId=0&Category=Outlet&CId=11&Group=Vans&GrId=11&part=Product&page=Category' HTTP/1.1" 200 6730 tanjameh.com "-" "Mozilla/5.0 (Windows NT 10.0; WOW64) AppleWebKit/537.36 (KHTML, like Gecko) Chrome/77.0.2695.51 Safari/537.36" "-"
157.55.39.0 - - [23/Jan/2023:00:39:32 +0100] "GET /iweb/index.php?gender=sale&category=men HTTP/1.1" 200 9524 tanjameh.com "-" "Mozilla/5.0 AppleWebKit/537.36 (KHTML, like Gecko; compatible; bingbot/2.0; +http://www.bing.com/bingbot.htm) Chrome/103.0.5060.134 Safari/537.36" "-"
89.163.153.0 - - [23/Jan/2023:00:40:10 +0100] "GET /iweb/index.php?Gender=%27nvOpzp;%20AND%201=1%20OR%20(%3C%27%22%3EiKO)),&GId=%27nvOpzp;%20AND%201=1%20OR%20(%3C%27%22%3EiKO)),&Category=%27nvOpzp;%20AND%201=1%20OR%20(%3C%27%22%3EiKO)),&CId=%27nvOpzp;%20AND%201=1%20OR%20(%3C%27%22%3EiKO)),&Group=%27nvOpzp;%20AND%201=1%20OR%20(%3C%27%22%3EiKO)),&+Accessories=%27nvOpzp;%20AND%201=1%20OR%20(%3C%27%22%3EiKO)),&GrId=%27nvOpzp;%20AND%201=1%20OR%20(%3C%27%22%3EiKO)),&part=%27nvOpzp;%20AND%201=1%20OR%20(%3C%27%22%3EiKO)),&page=%27nvOpzp;%20AND%201=1%20OR%20(%3C%27%22%3EiKO)), HTTP/1.1" 200 4314 tanjameh.com "-" "-" "-"
54.190.55.0 - - [23/Jan/2023:00:43:24 +0100] "GET / HTTP/1.1" 302 205 tanjameh.com "-" "Mozilla/5.0 (X11; Linux x86_64) AppleWebKit/537.36 (KHTML, like Gecko) Chrome/83.0.4103.97 Safari/537.36" "-"
18.236.179.0 - - [23/Jan/2023:00:43:27 +0100] "GET / HTTP/1.1" 200 58 tanjameh.com "-" "Mozilla/5.0 (X11; Linux x86_64) AppleWebKit/537.36 (KHTML, like Gecko) Chrome/83.0.4103.97 Safari/537.36" "-"
54.190.55.0 - - [23/Jan/2023:00:43:27 +0100] "GET / HTTP/1.1" 200 58 tanjameh.com "-" "Mozilla/5.0 (X11; Linux x86_64) AppleWebKit/537.36 (KHTML, like Gecko) Chrome/83.0.4103.97 Safari/537.36" "-"
35.91.228.0 - - [23/Jan/2023:00:43:56 +0100] "GET /favicon.ico HTTP/1.1" 302 216 tanjameh.com "-" "Mozilla/5.0 (X11; Linux x86_64) AppleWebKit/537.36 (KHTML, like Gecko) Chrome/83.0.4103.97 Safari/537.36" "-"
35.91.228.0 - - [23/Jan/2023:00:43:59 +0100] "GET /favicon.ico HTTP/1.1" 404 626 tanjameh.com "http://tanjameh.com/favicon.ico" "Mozilla/5.0 (X11; Linux x86_64) AppleWebKit/537.36 (KHTML, like Gecko) Chrome/83.0.4103.97 Safari/537.36" "-"
35.91.228.0 - - [23/Jan/2023:00:44:00 +0100] "GET / HTTP/1.1" 302 205 tanjameh.com "-" "Mozilla/5.0 (X11; Linux x86_64) AppleWebKit/537.36 (KHTML, like Gecko) Chrome/83.0.4103.97 Safari/537.36" "-"
35.91.228.0 - - [23/Jan/2023:00:44:01 +0100] "GET / HTTP/1.1" 200 58 tanjameh.com "http://tanjameh.com" "Mozilla/5.0 (X11; Linux x86_64) AppleWebKit/537.36 (KHTML, like Gecko) Chrome/83.0.4103.97 Safari/537.36" "-"
34.219.215.0 - - [23/Jan/2023:00:45:50 +0100] "GET /favicon.ico HTTP/1.1" 404 626 tanjameh.com "-" "Mozilla/5.0 (X11; Linux x86_64) AppleWebKit/537.36 (KHTML, like Gecko) Chrome/83.0.4103.97 Safari/537.36" "-"
34.219.215.0 - - [23/Jan/2023:00:45:54 +0100] "GET / HTTP/1.1" 200 58 tanjameh.com "-" "Mozilla/5.0 (X11; Linux x86_64) AppleWebKit/537.36 (KHTML, like Gecko) Chrome/83.0.4103.97 Safari/537.36" "-"
89.163.153.0 - - [23/Jan/2023:00:47:21 +0100] "GET /iweb/index.php?Gender=%27nvOpzp;%20AND%201=1%20OR%20(%3C%27%22%3EiKO)),&GId=%27nvOpzp;%20AND%201=1%20OR%20(%3C%27%22%3EiKO)),&Category=%27nvOpzp;%20AND%201=1%20OR%20(%3C%27%22%3EiKO)),&CId=%27nvOpzp;%20AND%201=1%20OR%20(%3C%27%22%3EiKO)),&Group=%27nvOpzp;%20AND%201=1%20OR%20(%3C%27%22%3EiKO)),&GrId=%27nvOpzp;%20AND%201=1%20OR%20(%3C%27%22%3EiKO)),&part=%27nvOpzp;%20AND%201=1%20OR%20(%3C%27%22%3EiKO)),&page=%27nvOpzp;%20AND%201=1%20OR%20(%3C%27%22%3EiKO)), HTTP/1.1" 200 4314 tanjameh.com "-" "-" "-"
114.119.136.0 - - [23/Jan/2023:00:58:07 +0100] "GET /iweb/index.php?part=Product&page=Size&Size=2XL&pagein=145 HTTP/1.1" 200 19736 www.tanjameh.com "https://www.tanjameh.com/iweb/index.php?part=Product&page=Size&Size=2XL&pagein=82" "Mozilla/5.0 (Linux; Android 7.0;) AppleWebKit/537.36 (KHTML, like Gecko) Mobile Safari/537.36 (compatible; PetalBot;+https://webmaster.petalsearch.com/site/petalbot)" "-"
114.119.139.0 - - [23/Jan/2023:00:58:28 +0100] "GET /iweb/index.php?part=Product&page=Size&Size=XL&Type=Socks HTTP/1.1" 200 22796 www.tanjameh.com "https://www.tanjameh.com/iweb/index.php?part=Product&page=Size&Size=XL&Type=Shirts" "Mozilla/5.0 (Linux; Android 7.0;) AppleWebKit/537.36 (KHTML, like Gecko) Mobile Safari/537.36 (compatible; PetalBot;+https://webmaster.petalsearch.com/site/petalbot)" "-"
114.119.144.0 - - [23/Jan/2023:00:58:44 +0100] "GET /iweb/index.php?Gender=Men&Category=New%20in&pagein=277 HTTP/1.1" 200 34344 www.tanjameh.com "https://www.tanjameh.com/iweb/index.php?Gender=Men&Category=New%20in&pagein=235" "Mozilla/5.0 (Linux; Android 7.0;) AppleWebKit/537.36 (KHTML, like Gecko) Mobile Safari/537.36 (compatible; PetalBot;+https://webmaster.petalsearch.com/site/petalbot)" "-"
114.119.159.0 - - [23/Jan/2023:00:58:44 +0100] "GET /iweb/?part=Product&page=Type&ProductType=Shirts&pagein=87 HTTP/1.1" 302 17303 www.tanjameh.com "https://www.tanjameh.com/iweb/?part=Product&page=Type&ProductType=Shirts&pagein=25" "Mozilla/5.0 (Linux; Android 7.0;) AppleWebKit/537.36 (KHTML, like Gecko) Mobile Safari/537.36 (compatible; PetalBot;+https://webmaster.petalsearch.com/site/petalbot)" "-"
114.119.134.0 - - [23/Jan/2023:00:59:57 +0100] "GET /iweb/?part=Product&page=Size&Size=S&Color=SILVER HTTP/1.1" 200 9576 www.tanjameh.com "https://www.tanjameh.com/iweb/?part=Product&page=Size&Size=S" "Mozilla/5.0 (Linux; Android 7.0;) AppleWebKit/537.36 (KHTML, like Gecko) Mobile Safari/537.36 (compatible; PetalBot;+https://webmaster.petalsearch.com/site/petalbot)" "-"
114.119.151.0 - - [23/Jan/2023:01:00:15 +0100] "GET /irepository/img/attachedimage/thumbnail/tanjameh-1657524448-1377683036--314--.webp HTTP/1.1" 200 8000 www.tanjameh.com "https://www.tanjameh.com/iweb/index.php?Gender=Men&Category=suits&Size=W36%20L30" "Mozilla/5.0 (Linux; Android 7.0;) AppleWebKit/537.36 (KHTML, like Gecko) Mobile Safari/537.36 (compatible; PetalBot;+https://webmaster.petalsearch.com/site/petalbot)" "-"
114.119.149.0 - - [23/Jan/2023:01:00:17 +0100] "GET /iweb/?Gender=Men&Category=Outlet&pagein=371 HTTP/1.1" 200 34213 www.tanjameh.com "https://www.tanjameh.com/iweb/?Gender=Men&Category=Outlet&pagein=303" "Mozilla/5.0 (Linux; Android 7.0;) AppleWebKit/537.36 (KHTML, like Gecko) Mobile Safari/537.36 (compatible; PetalBot;+https://webmaster.petalsearch.com/site/petalbot)" "-"
114.119.128.0 - - [23/Jan/2023:01:00:46 +0100] "GET /iweb/?Gender=Women&Category=shoes&pagein=126 HTTP/1.1" 200 34394 tanjameh.com "https://tanjameh.com/iweb/?Gender=Women&Category=shoes&pagein=158" "Mozilla/5.0 (Linux; Android 7.0;) AppleWebKit/537.36 (KHTML, like Gecko) Mobile Safari/537.36 (compatible; PetalBot;+https://webmaster.petalsearch.com/site/petalbot)" "-"
114.119.150.0 - - [23/Jan/2023:01:01:54 +0100] "GET /irepository/img/attachedimage/thumbnail/tanjameh-1671090823-2124411377--120--.webp HTTP/1.1" 200 2408 tanjameh.com "https://tanjameh.com/iweb/?part=Product&page=Type&ProductType=Cardigans&BrandName=Vero%20Moda%20Curve" "Mozilla/5.0 (Linux; Android 7.0;) AppleWebKit/537.36 (KHTML, like Gecko) Mobile Safari/537.36 (compatible; PetalBot;+https://webmaster.petalsearch.com/site/petalbot)" "-"
207.46.13.0 - - [23/Jan/2023:01:06:51 +0100] "GET /iweb/index.php?gender=sale HTTP/1.1" 302 9481 tanjameh.com "-" "Mozilla/5.0 AppleWebKit/537.36 (KHTML, like Gecko; compatible; bingbot/2.0; +http://www.bing.com/bingbot.htm) Chrome/103.0.5060.134 Safari/537.36" "-"
207.46.13.0 - - [23/Jan/2023:01:06:54 +0100] "GET /iweb/ HTTP/1.1" 200 9466 tanjameh.com "-" "Mozilla/5.0 AppleWebKit/537.36 (KHTML, like Gecko; compatible; bingbot/2.0; +http://www.bing.com/bingbot.htm) Chrome/103.0.5060.134 Safari/537.36" "-"
40.77.167.0 - - [23/Jan/2023:01:11:42 +0100] "GET /product?title=ZA121804-Gtx HTTP/1.1" 404 626 tanjameh.com "-" "Mozilla/5.0 (compatible; bingbot/2.0; +http://www.bing.com/bingbot.htm)" "-"
207.46.13.0 - - [23/Jan/2023:01:11:55 +0100] "GET /toktam-hemmati.html HTTP/1.1" 404 626 tanjameh.com "-" "Mozilla/5.0 AppleWebKit/537.36 (KHTML, like Gecko; compatible; bingbot/2.0; +http://www.bing.com/bingbot.htm) Chrome/103.0.5060.134 Safari/537.36" "-"
157.55.39.0 - - [23/Jan/2023:01:13:45 +0100] "GET /iweb/index.php?gender=sale&category=men HTTP/1.1" 302 9504 tanjameh.com "-" "Mozilla/5.0 AppleWebKit/537.36 (KHTML, like Gecko; compatible; bingbot/2.0; +http://www.bing.com/bingbot.htm) Chrome/103.0.5060.134 Safari/537.36" "-"
157.55.39.0 - - [23/Jan/2023:01:13:48 +0100] "GET /iweb/ HTTP/1.1" 200 9568 tanjameh.com "-" "Mozilla/5.0 AppleWebKit/537.36 (KHTML, like Gecko; compatible; bingbot/2.0; +http://www.bing.com/bingbot.htm) Chrome/103.0.5060.134 Safari/537.36" "-"
40.77.167.0 - - [23/Jan/2023:01:14:04 +0100] "GET /product?title=ZA179779-kUT HTTP/1.1" 404 626 tanjameh.com "-" "Mozilla/5.0 (compatible; bingbot/2.0; +http://www.bing.com/bingbot.htm)" "-"
157.55.39.0 - - [23/Jan/2023:01:18:16 +0100] "GET / HTTP/1.1" 200 58 www.tanjameh.com "-" "Mozilla/5.0 AppleWebKit/537.36 (KHTML, like Gecko; compatible; bingbot/2.0; +http://www.bing.com/bingbot.htm) Chrome/103.0.5060.134 Safari/537.36" "-"
40.77.167.0 - - [23/Jan/2023:01:30:04 +0100] "GET /product?title=ZA128966-UTr HTTP/1.1" 404 626 tanjameh.com "-" "Mozilla/5.0 AppleWebKit/537.36 (KHTML, like Gecko; compatible; bingbot/2.0; +http://www.bing.com/bingbot.htm) Chrome/103.0.5060.134 Safari/537.36" "-"
207.46.13.0 - - [23/Jan/2023:01:41:05 +0100] "GET /iweb/index.php?gender=sale HTTP/1.1" 200 9594 tanjameh.com "-" "Mozilla/5.0 AppleWebKit/537.36 (KHTML, like Gecko; compatible; bingbot/2.0; +http://www.bing.com/bingbot.htm) Chrome/103.0.5060.134 Safari/537.36" "-"
207.46.13.0 - - [23/Jan/2023:01:41:06 +0100] "GET /product?title=ZA156496-a6n HTTP/1.1" 404 626 tanjameh.com "-" "Mozilla/5.0 AppleWebKit/537.36 (KHTML, like Gecko; compatible; bingbot/2.0; +http://www.bing.com/bingbot.htm) Chrome/103.0.5060.134 Safari/537.36" "-"
157.55.39.0 - - [23/Jan/2023:01:46:39 +0100] "GET /iweb/index.php?gender=sale&category=men HTTP/1.1" 200 9413 tanjameh.com "-" "Mozilla/5.0 AppleWebKit/537.36 (KHTML, like Gecko; compatible; bingbot/2.0; +http://www.bing.com/bingbot.htm) Chrome/103.0.5060.134 Safari/537.36" "-"
207.46.13.0 - - [23/Jan/2023:01:48:43 +0100] "GET /product?title=ZA179925-tHJ HTTP/1.1" 404 626 tanjameh.com "-" "Mozilla/5.0 AppleWebKit/537.36 (KHTML, like Gecko; compatible; bingbot/2.0; +http://www.bing.com/bingbot.htm) Chrome/103.0.5060.134 Safari/537.36" "-"
40.77.167.0 - - [23/Jan/2023:01:52:08 +0100] "GET /iweb/index.php?gender=women&category=dresses HTTP/1.1" 302 9448 tanjameh.com "-" "Mozilla/5.0 (compatible; bingbot/2.0; +http://www.bing.com/bingbot.htm)" "-"
40.77.167.0 - - [23/Jan/2023:01:52:11 +0100] "GET /iweb/ HTTP/1.1" 200 9559 tanjameh.com "-" "Mozilla/5.0 AppleWebKit/537.36 (KHTML, like Gecko; compatible; bingbot/2.0; +http://www.bing.com/bingbot.htm) Chrome/103.0.5060.134 Safari/537.36" "-"
157.55.39.0 - - [23/Jan/2023:01:52:48 +0100] "GET /product?title=ZA128966-hQo HTTP/1.1" 404 626 tanjameh.com "-" "Mozilla/5.0 AppleWebKit/537.36 (KHTML, like Gecko; compatible; bingbot/2.0; +http://www.bing.com/bingbot.htm) Chrome/103.0.5060.134 Safari/537.36" "-"
40.77.167.0 - - [23/Jan/2023:01:59:17 +0100] "GET /product?title=ZA128966-ikZ HTTP/1.1" 404 626 tanjameh.com "-" "Mozilla/5.0 (compatible; bingbot/2.0; +http://www.bing.com/bingbot.htm)" "-"
157.55.39.0 - - [23/Jan/2023:02:04:24 +0100] "GET /product?title=ZA179918-wll HTTP/1.1" 404 626 tanjameh.com "-" "Mozilla/5.0 AppleWebKit/537.36 (KHTML, like Gecko; compatible; bingbot/2.0; +http://www.bing.com/bingbot.htm) Chrome/103.0.5060.134 Safari/537.36" "-"
157.55.39.0 - - [23/Jan/2023:02:09:51 +0100] "GET /product?title=ZA351290-TnQ HTTP/1.1" 404 626 tanjameh.com "-" "Mozilla/5.0 AppleWebKit/537.36 (KHTML, like Gecko; compatible; bingbot/2.0; +http://www.bing.com/bingbot.htm) Chrome/103.0.5060.134 Safari/537.36" "-"
157.55.39.0 - - [23/Jan/2023:02:10:02 +0100] "GET /product?title=ZA458047-DOp HTTP/1.1" 404 626 tanjameh.com "-" "Mozilla/5.0 AppleWebKit/537.36 (KHTML, like Gecko; compatible; bingbot/2.0; +http://www.bing.com/bingbot.htm) Chrome/103.0.5060.134 Safari/537.36" "-"
207.46.13.0 - - [23/Jan/2023:02:11:49 +0100] "GET /product?title=ZA320534-gF1 HTTP/1.1" 404 626 tanjameh.com "-" "Mozilla/5.0 AppleWebKit/537.36 (KHTML, like Gecko; compatible; bingbot/2.0; +http://www.bing.com/bingbot.htm) Chrome/103.0.5060.134 Safari/537.36" "-"
207.46.13.0 - - [23/Jan/2023:02:16:29 +0100] "GET /iweb/index.php?gender=sale HTTP/1.1" 200 9420 tanjameh.com "-" "Mozilla/5.0 AppleWebKit/537.36 (KHTML, like Gecko; compatible; bingbot/2.0; +http://www.bing.com/bingbot.htm) Chrome/103.0.5060.134 Safari/537.36" "-"
40.77.167.0 - - [23/Jan/2023:02:16:33 +0100] "GET /product?title=ZA179821-k5a HTTP/1.1" 404 626 tanjameh.com "-" "Mozilla/5.0 (compatible; bingbot/2.0; +http://www.bing.com/bingbot.htm)" "-"
114.119.138.0 - - [23/Jan/2023:02:18:38 +0100] "GET /iweb/index.php?Gender=Women&Category=jeans&pagein=367 HTTP/1.1" 200 34107 tanjameh.com "https://tanjameh.com/iweb/index.php?Gender=Women&Category=jeans&pagein=405" "Mozilla/5.0 (Linux; Android 7.0;) AppleWebKit/537.36 (KHTML, like Gecko) Mobile Safari/537.36 (compatible; PetalBot;+https://webmaster.petalsearch.com/site/petalbot)" "-"
114.119.130.0 - - [23/Jan/2023:02:18:48 +0100] "GET /iweb/?Gender=men&Category=FaceBody&pagein=321 HTTP/1.1" 200 34279 tanjameh.com "https://tanjameh.com/iweb/?Gender=men&Category=FaceBody&pagein=25" "Mozilla/5.0 (Linux; Android 7.0;) AppleWebKit/537.36 (KHTML, like Gecko) Mobile Safari/537.36 (compatible; PetalBot;+https://webmaster.petalsearch.com/site/petalbot)" "-"
157.55.39.0 - - [23/Jan/2023:02:20:42 +0100] "GET /iweb/index.php?gender=sale&category=men HTTP/1.1" 302 9461 tanjameh.com "-" "Mozilla/5.0 AppleWebKit/537.36 (KHTML, like Gecko; compatible; bingbot/2.0; +http://www.bing.com/bingbot.htm) Chrome/103.0.5060.134 Safari/537.36" "-"
157.55.39.0 - - [23/Jan/2023:02:20:45 +0100] "GET /iweb/ HTTP/1.1" 302 9433 tanjameh.com "-" "Mozilla/5.0 AppleWebKit/537.36 (KHTML, like Gecko; compatible; bingbot/2.0; +http://www.bing.com/bingbot.htm) Chrome/103.0.5060.134 Safari/537.36" "-"
157.55.39.0 - - [23/Jan/2023:02:20:52 +0100] "GET /iweb/ HTTP/1.1" 200 9544 tanjameh.com "-" "Mozilla/5.0 AppleWebKit/537.36 (KHTML, like Gecko; compatible; bingbot/2.0; +http://www.bing.com/bingbot.htm) Chrome/103.0.5060.134 Safari/537.36" "-"
157.55.39.0 - - [23/Jan/2023:02:25:51 +0100] "GET /product?title=ZA156494-cNg HTTP/1.1" 404 626 tanjameh.com "-" "Mozilla/5.0 AppleWebKit/537.36 (KHTML, like Gecko; compatible; bingbot/2.0; +http://www.bing.com/bingbot.htm) Chrome/103.0.5060.134 Safari/537.36" "-"
157.55.39.0 - - [23/Jan/2023:02:25:52 +0100] "GET /product?title=ZA153240-DIv HTTP/1.1" 404 626 tanjameh.com "-" "Mozilla/5.0 AppleWebKit/537.36 (KHTML, like Gecko; compatible; bingbot/2.0; +http://www.bing.com/bingbot.htm) Chrome/103.0.5060.134 Safari/537.36" "-"
77.88.5.0 - - [23/Jan/2023:02:27:08 +0100] "GET /robots.txt HTTP/1.1" 404 626 tanjameh.com "-" "Mozilla/5.0 (compatible; YandexBot/3.0; +http://yandex.com/bots)" "-"
93.158.161.0 - - [23/Jan/2023:02:27:10 +0100] "GET /categories/kids-rucksacks/ HTTP/1.1" 404 626 tanjameh.com "-" "Mozilla/5.0 (compatible; YandexBot/3.0; +http://yandex.com/bots) AppleWebKit/537.36 (KHTML, like Gecko) Chrome/81.0.4044.268" "-"
40.77.167.0 - - [23/Jan/2023:02:30:30 +0100] "GET /product?title=ZA128966-UIC HTTP/1.1" 404 626 tanjameh.com "-" "Mozilla/5.0 (compatible; bingbot/2.0; +http://www.bing.com/bingbot.htm)" "-"
37.139.53.0 - - [23/Jan/2023:02:35:19 +0100] "GET /iweb/?part=Contact&page=Contact HTTP/1.1" 200 43567 tanjameh.com "https://tanjameh.com/iweb/?part=Contact&page=Contact" "Mozilla/5.0 (Windows NT 10.0; WOW64) AppleWebKit/537.36 (KHTML, like Gecko) Chrome/83.0.4103.61 Safari/537.36" "-"
37.139.53.0 - - [23/Jan/2023:02:35:19 +0100] "POST /iweb/mailto:info%40example.com HTTP/1.1" 404 626 tanjameh.com "https://tanjameh.com/iweb/?part=Contact&page=Contact" "Mozilla/5.0 (Windows NT 10.0; WOW64) AppleWebKit/537.36 (KHTML, like Gecko) Chrome/83.0.4103.61 Safari/537.36" "-"
40.77.167.0 - - [23/Jan/2023:02:49:43 +0100] "GET /product?title=ZA179925-2AX HTTP/1.1" 404 626 tanjameh.com "-" "Mozilla/5.0 (compatible; bingbot/2.0; +http://www.bing.com/bingbot.htm)" "-"
207.46.13.0 - - [23/Jan/2023:02:50:00 +0100] "GET /iweb/index.php?gender=sale HTTP/1.1" 200 9559 tanjameh.com "-" "Mozilla/5.0 AppleWebKit/537.36 (KHTML, like Gecko; compatible; bingbot/2.0; +http://www.bing.com/bingbot.htm) Chrome/103.0.5060.134 Safari/537.36" "-"
207.46.13.0 - - [23/Jan/2023:02:50:03 +0100] "GET / HTTP/1.1" 302 205 tanjameh.com "-" "Mozilla/5.0 AppleWebKit/537.36 (KHTML, like Gecko; compatible; bingbot/2.0; +http://www.bing.com/bingbot.htm) Chrome/103.0.5060.134 Safari/537.36" "-"
40.77.167.0 - - [23/Jan/2023:02:51:03 +0100] "GET /product?title=ZA179823-Ewa HTTP/1.1" 404 626 tanjameh.com "-" "Mozilla/5.0 (compatible; bingbot/2.0; +http://www.bing.com/bingbot.htm)" "-"
114.119.143.0 - - [23/Jan/2023:02:53:06 +0100] "GET /iweb/?Gender=Men&Category=Topman&pagein=301 HTTP/1.1" 200 34544 www.tanjameh.com "https://www.tanjameh.com/iweb/?Gender=Men&Category=Topman&pagein=258" "Mozilla/5.0 (Linux; Android 7.0;) AppleWebKit/537.36 (KHTML, like Gecko) Mobile Safari/537.36 (compatible; PetalBot;+https://webmaster.petalsearch.com/site/petalbot)" "-"
114.119.130.0 - - [23/Jan/2023:02:53:17 +0100] "GET /iweb/?part=Product&page=Size&Size=60 HTTP/1.1" 302 249 tanjameh.com "http://tanjameh.com/iweb/?part=Brand&page=Size" "Mozilla/5.0 (Linux; Android 7.0;) AppleWebKit/537.36 (KHTML, like Gecko) Mobile Safari/537.36 (compatible; PetalBot;+https://webmaster.petalsearch.com/site/petalbot)" "-"
114.119.130.0 - - [23/Jan/2023:02:53:27 +0100] "GET /iweb/?part=Product&page=Size&Size=60 HTTP/1.1" 200 6902 tanjameh.com "http://tanjameh.com/iweb/?part=Brand&page=Size" "Mozilla/5.0 (Linux; Android 7.0;) AppleWebKit/537.36 (KHTML, like Gecko) Mobile Safari/537.36 (compatible; PetalBot;+https://webmaster.petalsearch.com/site/petalbot)" "-"
157.55.39.0 - - [23/Jan/2023:02:54:16 +0100] "GET /iweb/index.php?gender=sale&category=men HTTP/1.1" 302 9406 tanjameh.com "-" "Mozilla/5.0 AppleWebKit/537.36 (KHTML, like Gecko; compatible; bingbot/2.0; +http://www.bing.com/bingbot.htm) Chrome/103.0.5060.134 Safari/537.36" "-"
157.55.39.0 - - [23/Jan/2023:02:54:19 +0100] "GET /iweb/ HTTP/1.1" 302 9497 tanjameh.com "-" "Mozilla/5.0 AppleWebKit/537.36 (KHTML, like Gecko; compatible; bingbot/2.0; +http://www.bing.com/bingbot.htm) Chrome/103.0.5060.134 Safari/537.36" "-"
157.55.39.0 - - [23/Jan/2023:02:54:25 +0100] "GET /iweb/ HTTP/1.1" 200 9446 tanjameh.com "-" "Mozilla/5.0 AppleWebKit/537.36 (KHTML, like Gecko; compatible; bingbot/2.0; +http://www.bing.com/bingbot.htm) Chrome/103.0.5060.134 Safari/537.36" "-"
40.77.167.0 - - [23/Jan/2023:02:58:34 +0100] "GET /product?title=ZA128966-avr HTTP/1.1" 404 626 tanjameh.com "-" "Mozilla/5.0 AppleWebKit/537.36 (KHTML, like Gecko; compatible; bingbot/2.0; +http://www.bing.com/bingbot.htm) Chrome/103.0.5060.134 Safari/537.36" "-"
157.55.39.0 - - [23/Jan/2023:03:00:54 +0100] "GET /product?title=ZA128978-saP HTTP/1.1" 404 626 tanjameh.com "-" "Mozilla/5.0 AppleWebKit/537.36 (KHTML, like Gecko; compatible; bingbot/2.0; +http://www.bing.com/bingbot.htm) Chrome/103.0.5060.134 Safari/537.36" "-"
207.46.13.0 - - [23/Jan/2023:03:05:45 +0100] "GET /product?title=ZA177375-vet HTTP/1.1" 404 626 tanjameh.com "-" "Mozilla/5.0 AppleWebKit/537.36 (KHTML, like Gecko; compatible; bingbot/2.0; +http://www.bing.com/bingbot.htm) Chrome/103.0.5060.134 Safari/537.36" "-"
157.55.39.0 - - [23/Jan/2023:03:06:46 +0100] "GET / HTTP/1.1" 200 58 tanjameh.com "-" "Mozilla/5.0 AppleWebKit/537.36 (KHTML, like Gecko; compatible; bingbot/2.0; +http://www.bing.com/bingbot.htm) Chrome/103.0.5060.134 Safari/537.36" "-"
114.119.158.0 - - [23/Jan/2023:03:07:22 +0100] "GET /iweb/index.php?Gender=Women&Category=shoes&pagein=355 HTTP/1.1" 200 34442 tanjameh.com "https://tanjameh.com/iweb/index.php?Gender=Women&Category=shoes&pagein=398" "Mozilla/5.0 (Linux; Android 7.0;) AppleWebKit/537.36 (KHTML, like Gecko) Mobile Safari/537.36 (compatible; PetalBot;+https://webmaster.petalsearch.com/site/petalbot)" "-"
207.46.13.0 - - [23/Jan/2023:03:12:24 +0100] "GET /product?title=ZA179881-vk6 HTTP/1.1" 404 626 tanjameh.com "-" "Mozilla/5.0 AppleWebKit/537.36 (KHTML, like Gecko; compatible; bingbot/2.0; +http://www.bing.com/bingbot.htm) Chrome/103.0.5060.134 Safari/537.36" "-"
114.119.135.0 - - [23/Jan/2023:03:13:28 +0100] "GET /robots.txt HTTP/1.1" 302 219 www.tanjameh.com "-" "Mozilla/5.0 (compatible;PetalBot;+https://webmaster.petalsearch.com/site/petalbot)" "-"
114.119.135.0 - - [23/Jan/2023:03:13:29 +0100] "GET /robots.txt HTTP/1.1" 404 626 www.tanjameh.com "-" "Mozilla/5.0 (compatible;PetalBot;+https://webmaster.petalsearch.com/site/petalbot)" "-"
207.46.13.0 - - [23/Jan/2023:03:24:24 +0100] "GET /iweb/index.php?gender=sale HTTP/1.1" 200 9460 tanjameh.com "-" "Mozilla/5.0 AppleWebKit/537.36 (KHTML, like Gecko; compatible; bingbot/2.0; +http://www.bing.com/bingbot.htm) Chrome/103.0.5060.134 Safari/537.36" "-"
23.27.240.0 - - [23/Jan/2023:03:26:29 +0100] "GET /iweb/index.php?Gender=%27nvOpzp;%20AND%201=1%20OR%20(%3C%27%22%3EiKO)),&GId=%27nvOpzp;%20AND%201=1%20OR%20(%3C%27%22%3EiKO)),&Category=%27nvOpzp;%20AND%201=1%20OR%20(%3C%27%22%3EiKO)),&CId=%27nvOpzp;%20AND%201=1%20OR%20(%3C%27%22%3EiKO)),&Group=%27nvOpzp;%20AND%201=1%20OR%20(%3C%27%22%3EiKO)),&GrId=%27nvOpzp;%20AND%201=1%20OR%20(%3C%27%22%3EiKO)),&part=%27nvOpzp;%20AND%201=1%20OR%20(%3C%27%22%3EiKO)),&page=%27nvOpzp;%20AND%201=1%20OR%20(%3C%27%22%3EiKO)), HTTP/1.1" 200 4314 tanjameh.com "-" "-" "-"
157.55.39.0 - - [23/Jan/2023:03:28:47 +0100] "GET /iweb/index.php?gender=sale&category=men HTTP/1.1" 302 9465 tanjameh.com "-" "Mozilla/5.0 AppleWebKit/537.36 (KHTML, like Gecko; compatible; bingbot/2.0; +http://www.bing.com/bingbot.htm) Chrome/103.0.5060.134 Safari/537.36" "-"
157.55.39.0 - - [23/Jan/2023:03:28:50 +0100] "GET /iweb/ HTTP/1.1" 200 9515 tanjameh.com "-" "Mozilla/5.0 AppleWebKit/537.36 (KHTML, like Gecko; compatible; bingbot/2.0; +http://www.bing.com/bingbot.htm) Chrome/103.0.5060.134 Safari/537.36" "-"
114.119.129.0 - - [23/Jan/2023:03:32:20 +0100] "GET /iweb/index.php?Gender=Men&Category=Trending%20now&pagein=183 HTTP/1.1" 200 34351 www.tanjameh.com "https://www.tanjameh.com/iweb/index.php?Gender=Men&Category=Trending%20now&pagein=134" "Mozilla/5.0 (Linux; Android 7.0;) AppleWebKit/537.36 (KHTML, like Gecko) Mobile Safari/537.36 (compatible; PetalBot;+https://webmaster.petalsearch.com/site/petalbot)" "-"
