40.77.167.0 - - [17/Jan/2023:03:19:22 +0100] "GET /iweb/index.php?gender=sale HTTP/1.1" 302 9843 tanjameh.com "-" "Mozilla/5.0 (compatible; bingbot/2.0; +http://www.bing.com/bingbot.htm)" "-"
40.77.167.0 - - [17/Jan/2023:03:19:24 +0100] "GET /iweb/ HTTP/1.1" 200 10080 tanjameh.com "-" "Mozilla/5.0 (compatible; bingbot/2.0; +http://www.bing.com/bingbot.htm)" "-"
114.119.134.0 - - [17/Jan/2023:03:19:38 +0100] "GET /iweb/index.php?part=Product&page=Size&Size=M&BrandName=Carhartt%20WIP HTTP/1.1" 302 290 www.tanjameh.com "http://www.tanjameh.com/iweb/index.php?part=Product&page=Size&Size=M" "Mozilla/5.0 (Linux; Android 7.0;) AppleWebKit/537.36 (KHTML, like Gecko) Mobile Safari/537.36 (compatible; PetalBot;+https://webmaster.petalsearch.com/site/petalbot)" "-"
114.119.134.0 - - [17/Jan/2023:03:19:41 +0100] "GET /iweb/index.php?part=Product&page=Size&Size=M&BrandName=Carhartt%20WIP HTTP/1.1" 200 9269 www.tanjameh.com "http://www.tanjameh.com/iweb/index.php?part=Product&page=Size&Size=M" "Mozilla/5.0 (Linux; Android 7.0;) AppleWebKit/537.36 (KHTML, like Gecko) Mobile Safari/537.36 (compatible; PetalBot;+https://webmaster.petalsearch.com/site/petalbot)" "-"
114.119.163.0 - - [17/Jan/2023:03:20:08 +0100] "GET /iweb/index.php?Gender=Men&Category=Summer&pagein=196 HTTP/1.1" 200 34031 www.tanjameh.com "https://www.tanjameh.com/iweb/index.php?Gender=Men&Category=Summer&pagein=325" "Mozilla/5.0 (Linux; Android 7.0;) AppleWebKit/537.36 (KHTML, like Gecko) Mobile Safari/537.36 (compatible; PetalBot;+https://webmaster.petalsearch.com/site/petalbot)" "-"
114.119.132.0 - - [17/Jan/2023:03:21:39 +0100] "GET /iweb/index.php?part=Product&page=Size&Size=M&BrandName=Bershka HTTP/1.1" 302 283 www.tanjameh.com "http://www.tanjameh.com/iweb/index.php?part=Product&page=Size&Size=M" "Mozilla/5.0 (Linux; Android 7.0;) AppleWebKit/537.36 (KHTML, like Gecko) Mobile Safari/537.36 (compatible; PetalBot;+https://webmaster.petalsearch.com/site/petalbot)" "-"
114.119.132.0 - - [17/Jan/2023:03:21:45 +0100] "GET /iweb/index.php?part=Product&page=Size&Size=M&BrandName=Bershka HTTP/1.1" 200 9460 www.tanjameh.com "http://www.tanjameh.com/iweb/index.php?part=Product&page=Size&Size=M" "Mozilla/5.0 (Linux; Android 7.0;) AppleWebKit/537.36 (KHTML, like Gecko) Mobile Safari/537.36 (compatible; PetalBot;+https://webmaster.petalsearch.com/site/petalbot)" "-"
114.119.159.0 - - [17/Jan/2023:03:22:12 +0100] "GET /iweb/index.php?part=Product&page=Size&Size=L&Color=Custard HTTP/1.1" 302 279 www.tanjameh.com "http://www.tanjameh.com/iweb/index.php?part=Product&page=Size&Size=L" "Mozilla/5.0 (Linux; Android 7.0;) AppleWebKit/537.36 (KHTML, like Gecko) Mobile Safari/537.36 (compatible; PetalBot;+https://webmaster.petalsearch.com/site/petalbot)" "-"
114.119.145.0 - - [17/Jan/2023:03:22:29 +0100] "GET /iweb/index.php?part=Product&page=Size&Size=Chest%2044&Color=GREEN HTTP/1.1" 302 286 www.tanjameh.com "http://www.tanjameh.com/iweb/index.php?part=Product&page=Size&Size=Chest%2044" "Mozilla/5.0 (Linux; Android 7.0;) AppleWebKit/537.36 (KHTML, like Gecko) Mobile Safari/537.36 (compatible; PetalBot;+https://webmaster.petalsearch.com/site/petalbot)" "-"
114.119.145.0 - - [17/Jan/2023:03:22:30 +0100] "GET /iweb/index.php?part=Product&page=Size&Size=Chest%2044&Color=GREEN HTTP/1.1" 200 7611 www.tanjameh.com "http://www.tanjameh.com/iweb/index.php?part=Product&page=Size&Size=Chest%2044" "Mozilla/5.0 (Linux; Android 7.0;) AppleWebKit/537.36 (KHTML, like Gecko) Mobile Safari/537.36 (compatible; PetalBot;+https://webmaster.petalsearch.com/site/petalbot)" "-"
114.119.159.0 - - [17/Jan/2023:03:22:33 +0100] "GET /iweb/index.php?part=Product&page=Size&Size=L&Color=Custard HTTP/1.1" 200 7013 www.tanjameh.com "http://www.tanjameh.com/iweb/index.php?part=Product&page=Size&Size=L" "Mozilla/5.0 (Linux; Android 7.0;) AppleWebKit/537.36 (KHTML, like Gecko) Mobile Safari/537.36 (compatible; PetalBot;+https://webmaster.petalsearch.com/site/petalbot)" "-"
114.119.141.0 - - [17/Jan/2023:03:22:55 +0100] "GET /iweb/index.php?part=Product&page=Size&Size=2X&BrandName=New%20Balance HTTP/1.1" 302 290 www.tanjameh.com "http://www.tanjameh.com/iweb/index.php?part=Product&page=Size&Size=2X&BrandName=New%20Balance" "Mozilla/5.0 (Linux; Android 7.0;) AppleWebKit/537.36 (KHTML, like Gecko) Mobile Safari/537.36 (compatible; PetalBot;+https://webmaster.petalsearch.com/site/petalbot)" "-"
114.119.141.0 - - [17/Jan/2023:03:22:56 +0100] "GET /iweb/index.php?part=Product&page=Size&Size=2X&BrandName=New%20Balance HTTP/1.1" 200 9314 www.tanjameh.com "http://www.tanjameh.com/iweb/index.php?part=Product&page=Size&Size=2X&BrandName=New%20Balance" "Mozilla/5.0 (Linux; Android 7.0;) AppleWebKit/537.36 (KHTML, like Gecko) Mobile Safari/537.36 (compatible; PetalBot;+https://webmaster.petalsearch.com/site/petalbot)" "-"
114.119.135.0 - - [17/Jan/2023:03:23:26 +0100] "GET /iweb/?part=Product&page=Size&Size=S&pagein=294 HTTP/1.1" 200 28714 www.tanjameh.com "https://www.tanjameh.com/iweb/?part=Product&page=Size&Size=S&pagein=261" "Mozilla/5.0 (Linux; Android 7.0;) AppleWebKit/537.36 (KHTML, like Gecko) Mobile Safari/537.36 (compatible; PetalBot;+https://webmaster.petalsearch.com/site/petalbot)" "-"
114.119.131.0 - - [17/Jan/2023:03:23:38 +0100] "GET /iweb/index.php?part=Product&page=Type&ProductType=Eyebrow%20Gels HTTP/1.1" 200 6550 tanjameh.com "http://tanjameh.com/iweb/index.php?part=Brand&page=Type" "Mozilla/5.0 (Linux; Android 7.0;) AppleWebKit/537.36 (KHTML, like Gecko) Mobile Safari/537.36 (compatible; PetalBot;+https://webmaster.petalsearch.com/site/petalbot)" "-"
87.250.224.0 - - [17/Jan/2023:03:23:50 +0100] "GET /categories/Shoes HTTP/1.1" 404 626 tanjameh.com "-" "Mozilla/5.0 (compatible; YandexBot/3.0; +http://yandex.com/bots)" "-"
114.119.137.0 - - [17/Jan/2023:03:24:26 +0100] "GET /iweb/index.php?part=Product&page=Brand&CatId=27388&BrandName=be-mine HTTP/1.1" 302 289 www.tanjameh.com "https://www.tanjameh.com/iweb/index.php?part=Brand&page=Brands" "Mozilla/5.0 (Linux; Android 7.0;) AppleWebKit/537.36 (KHTML, like Gecko) Mobile Safari/537.36 (compatible; PetalBot;+https://webmaster.petalsearch.com/site/petalbot)" "-"
114.119.159.0 - - [17/Jan/2023:03:24:27 +0100] "GET /iweb/index.php?Gender=%D9%85%D8%B1%D8%AF%D8%A7%D9%86%D9%87&Category=Outlet&pagein=5 HTTP/1.1" 302 33787 tanjameh.com "https://tanjameh.com/iweb/index.php?Gender=%D9%85%D8%B1%D8%AF%D8%A7%D9%86%D9%87&Category=Outlet&pagein=2" "Mozilla/5.0 (Linux; Android 7.0;) AppleWebKit/537.36 (KHTML, like Gecko) Mobile Safari/537.36 (compatible; PetalBot;+https://webmaster.petalsearch.com/site/petalbot)" "-"
114.119.137.0 - - [17/Jan/2023:03:24:29 +0100] "GET /iweb/index.php?part=Product&page=Brand&CatId=27388&BrandName=be-mine HTTP/1.1" 200 6545 www.tanjameh.com "https://www.tanjameh.com/iweb/index.php?part=Brand&page=Brands" "Mozilla/5.0 (Linux; Android 7.0;) AppleWebKit/537.36 (KHTML, like Gecko) Mobile Safari/537.36 (compatible; PetalBot;+https://webmaster.petalsearch.com/site/petalbot)" "-"
114.119.149.0 - - [17/Jan/2023:03:24:47 +0100] "GET /iweb/index.php?part=Product&page=Brand&CatId=15119&BrandName=lottie-and-holly HTTP/1.1" 302 298 www.tanjameh.com "https://www.tanjameh.com/iweb/index.php?part=Brand&page=Brands" "Mozilla/5.0 (Linux; Android 7.0;) AppleWebKit/537.36 (KHTML, like Gecko) Mobile Safari/537.36 (compatible; PetalBot;+https://webmaster.petalsearch.com/site/petalbot)" "-"
114.119.149.0 - - [17/Jan/2023:03:24:51 +0100] "GET /iweb/index.php?part=Product&page=Brand&CatId=15119&BrandName=lottie-and-holly HTTP/1.1" 200 6553 www.tanjameh.com "https://www.tanjameh.com/iweb/index.php?part=Brand&page=Brands" "Mozilla/5.0 (Linux; Android 7.0;) AppleWebKit/537.36 (KHTML, like Gecko) Mobile Safari/537.36 (compatible; PetalBot;+https://webmaster.petalsearch.com/site/petalbot)" "-"
114.119.136.0 - - [17/Jan/2023:03:25:24 +0100] "GET /iweb/index.php?Gender=%D9%85%D8%B1%D8%AF%D8%A7%D9%86%D9%87&Category=Outlet&pagein=191 HTTP/1.1" 200 34255 www.tanjameh.com "https://www.tanjameh.com/iweb/index.php?Gender=%D9%85%D8%B1%D8%AF%D8%A7%D9%86%D9%87&Category=Outlet&pagein=78" "Mozilla/5.0 (Linux; Android 7.0;) AppleWebKit/537.36 (KHTML, like Gecko) Mobile Safari/537.36 (compatible; PetalBot;+https://webmaster.petalsearch.com/site/petalbot)" "-"
114.119.149.0 - - [17/Jan/2023:03:25:36 +0100] "GET /iweb/index.php?part=Product&page=Brand&CatId=12366&BrandName=reebok HTTP/1.1" 302 288 www.tanjameh.com "https://www.tanjameh.com/iweb/index.php?part=Brand&page=Brands" "Mozilla/5.0 (Linux; Android 7.0;) AppleWebKit/537.36 (KHTML, like Gecko) Mobile Safari/537.36 (compatible; PetalBot;+https://webmaster.petalsearch.com/site/petalbot)" "-"
114.119.149.0 - - [17/Jan/2023:03:25:41 +0100] "GET /iweb/index.php?part=Product&page=Brand&CatId=12366&BrandName=reebok HTTP/1.1" 200 9844 www.tanjameh.com "https://www.tanjameh.com/iweb/index.php?part=Brand&page=Brands" "Mozilla/5.0 (Linux; Android 7.0;) AppleWebKit/537.36 (KHTML, like Gecko) Mobile Safari/537.36 (compatible; PetalBot;+https://webmaster.petalsearch.com/site/petalbot)" "-"
114.119.141.0 - - [17/Jan/2023:03:25:57 +0100] "GET /iweb/index.php?part=Product&page=Type&Size=XXXL HTTP/1.1" 302 260 tanjameh.com "https://tanjameh.com/iweb/index.php?part=Product&page=Size&Size=XXXL&Type=Sweatshirts" "Mozilla/5.0 (Linux; Android 7.0;) AppleWebKit/537.36 (KHTML, like Gecko) Mobile Safari/537.36 (compatible; PetalBot;+https://webmaster.petalsearch.com/site/petalbot)" "-"
114.119.141.0 - - [17/Jan/2023:03:26:02 +0100] "GET /iweb/index.php?part=Product&page=Type&Size=XXXL HTTP/1.1" 200 6493 tanjameh.com "https://tanjameh.com/iweb/index.php?part=Product&page=Size&Size=XXXL&Type=Sweatshirts" "Mozilla/5.0 (Linux; Android 7.0;) AppleWebKit/537.36 (KHTML, like Gecko) Mobile Safari/537.36 (compatible; PetalBot;+https://webmaster.petalsearch.com/site/petalbot)" "-"
114.119.146.0 - - [17/Jan/2023:03:26:24 +0100] "GET /iweb/?Gender=Men&Category=Shoes&pagein=57 HTTP/1.1" 200 33750 www.tanjameh.com "https://www.tanjameh.com/iweb/?Gender=Men&Category=Shoes&pagein=282" "Mozilla/5.0 (Linux; Android 7.0;) AppleWebKit/537.36 (KHTML, like Gecko) Mobile Safari/537.36 (compatible; PetalBot;+https://webmaster.petalsearch.com/site/petalbot)" "-"
114.119.144.0 - - [17/Jan/2023:03:26:53 +0100] "GET /iweb/index.php?part=Product&page=Size&Size=S&pagein=122 HTTP/1.1" 200 28627 tanjameh.com "https://tanjameh.com/iweb/index.php?part=Product&page=Size&Size=S&pagein=182" "Mozilla/5.0 (Linux; Android 7.0;) AppleWebKit/537.36 (KHTML, like Gecko) Mobile Safari/537.36 (compatible; PetalBot;+https://webmaster.petalsearch.com/site/petalbot)" "-"
114.119.156.0 - - [17/Jan/2023:03:27:16 +0100] "GET /iweb/?Gender=Men&Category=Shoes&pagein=26 HTTP/1.1" 200 33943 tanjameh.com "https://tanjameh.com/iweb/?Gender=Men&Category=Shoes&pagein=305" "Mozilla/5.0 (Linux; Android 7.0;) AppleWebKit/537.36 (KHTML, like Gecko) Mobile Safari/537.36 (compatible; PetalBot;+https://webmaster.petalsearch.com/site/petalbot)" "-"
114.119.151.0 - - [17/Jan/2023:03:27:33 +0100] "GET /iweb/index.php?part=Product&page=Type&Size=34G HTTP/1.1" 302 259 tanjameh.com "http://tanjameh.com/iweb/index.php?part=Product&page=Size&Size=34G" "Mozilla/5.0 (Linux; Android 7.0;) AppleWebKit/537.36 (KHTML, like Gecko) Mobile Safari/537.36 (compatible; PetalBot;+https://webmaster.petalsearch.com/site/petalbot)" "-"
114.119.151.0 - - [17/Jan/2023:03:27:34 +0100] "GET /iweb/index.php?part=Product&page=Type&Size=34G HTTP/1.1" 200 6493 tanjameh.com "http://tanjameh.com/iweb/index.php?part=Product&page=Size&Size=34G" "Mozilla/5.0 (Linux; Android 7.0;) AppleWebKit/537.36 (KHTML, like Gecko) Mobile Safari/537.36 (compatible; PetalBot;+https://webmaster.petalsearch.com/site/petalbot)" "-"
157.55.39.0 - - [17/Jan/2023:03:27:45 +0100] "GET /iweb/index.php?gender=women&category=dresses HTTP/1.1" 302 9966 tanjameh.com "-" "Mozilla/5.0 (compatible; bingbot/2.0; +http://www.bing.com/bingbot.htm)" "-"
157.55.39.0 - - [17/Jan/2023:03:27:48 +0100] "GET /iweb/ HTTP/1.1" 200 10008 tanjameh.com "-" "Mozilla/5.0 AppleWebKit/537.36 (KHTML, like Gecko; compatible; bingbot/2.0; +http://www.bing.com/bingbot.htm) Chrome/103.0.5060.134 Safari/537.36" "-"
114.119.151.0 - - [17/Jan/2023:03:27:59 +0100] "GET /iweb/index.php?part=Product&page=Brand&CatId=6173&BrandName=melissa HTTP/1.1" 302 284 tanjameh.com "http://tanjameh.com/iweb/index.php?part=Brand&page=Brands" "Mozilla/5.0 (Linux; Android 7.0;) AppleWebKit/537.36 (KHTML, like Gecko) Mobile Safari/537.36 (compatible; PetalBot;+https://webmaster.petalsearch.com/site/petalbot)" "-"
114.119.151.0 - - [17/Jan/2023:03:28:08 +0100] "GET /iweb/index.php?part=Product&page=Brand&CatId=6173&BrandName=melissa HTTP/1.1" 200 6541 tanjameh.com "http://tanjameh.com/iweb/index.php?part=Brand&page=Brands" "Mozilla/5.0 (Linux; Android 7.0;) AppleWebKit/537.36 (KHTML, like Gecko) Mobile Safari/537.36 (compatible; PetalBot;+https://webmaster.petalsearch.com/site/petalbot)" "-"
207.46.13.0 - - [17/Jan/2023:03:28:21 +0100] "GET /product?title=ZA423151-AWx HTTP/1.1" 404 626 tanjameh.com "-" "Mozilla/5.0 (compatible; bingbot/2.0; +http://www.bing.com/bingbot.htm)" "-"
114.119.137.0 - - [17/Jan/2023:03:28:24 +0100] "GET /iweb/index.php?part=Product&page=Brand&CatId=50122&BrandName=sisters HTTP/1.1" 302 285 tanjameh.com "http://tanjameh.com/iweb/index.php?part=Brand&page=Brands" "Mozilla/5.0 (Linux; Android 7.0;) AppleWebKit/537.36 (KHTML, like Gecko) Mobile Safari/537.36 (compatible; PetalBot;+https://webmaster.petalsearch.com/site/petalbot)" "-"
114.119.137.0 - - [17/Jan/2023:03:28:29 +0100] "GET /iweb/index.php?part=Product&page=Brand&CatId=50122&BrandName=sisters HTTP/1.1" 200 6541 tanjameh.com "http://tanjameh.com/iweb/index.php?part=Brand&page=Brands" "Mozilla/5.0 (Linux; Android 7.0;) AppleWebKit/537.36 (KHTML, like Gecko) Mobile Safari/537.36 (compatible; PetalBot;+https://webmaster.petalsearch.com/site/petalbot)" "-"
114.119.128.0 - - [17/Jan/2023:03:28:47 +0100] "GET /iweb/index.php?part=Product&page=Brand&CatId=50103&BrandName=in-a-seashell HTTP/1.1" 302 291 tanjameh.com "http://tanjameh.com/iweb/index.php?part=Brand&page=Brands" "Mozilla/5.0 (Linux; Android 7.0;) AppleWebKit/537.36 (KHTML, like Gecko) Mobile Safari/537.36 (compatible; PetalBot;+https://webmaster.petalsearch.com/site/petalbot)" "-"
114.119.128.0 - - [17/Jan/2023:03:28:53 +0100] "GET /iweb/index.php?part=Product&page=Brand&CatId=50103&BrandName=in-a-seashell HTTP/1.1" 200 6545 tanjameh.com "http://tanjameh.com/iweb/index.php?part=Brand&page=Brands" "Mozilla/5.0 (Linux; Android 7.0;) AppleWebKit/537.36 (KHTML, like Gecko) Mobile Safari/537.36 (compatible; PetalBot;+https://webmaster.petalsearch.com/site/petalbot)" "-"
114.119.145.0 - - [17/Jan/2023:03:29:09 +0100] "GET /iweb/index.php?part=Product&page=Brand&CatId=29035&BrandName=crocs HTTP/1.1" 302 283 tanjameh.com "http://tanjameh.com/iweb/index.php?part=Brand&page=Brands" "Mozilla/5.0 (Linux; Android 7.0;) AppleWebKit/537.36 (KHTML, like Gecko) Mobile Safari/537.36 (compatible; PetalBot;+https://webmaster.petalsearch.com/site/petalbot)" "-"
114.119.145.0 - - [17/Jan/2023:03:29:20 +0100] "GET /iweb/index.php?part=Product&page=Brand&CatId=29035&BrandName=crocs HTTP/1.1" 200 7726 tanjameh.com "http://tanjameh.com/iweb/index.php?part=Brand&page=Brands" "Mozilla/5.0 (Linux; Android 7.0;) AppleWebKit/537.36 (KHTML, like Gecko) Mobile Safari/537.36 (compatible; PetalBot;+https://webmaster.petalsearch.com/site/petalbot)" "-"
114.119.150.0 - - [17/Jan/2023:03:29:39 +0100] "GET /iweb/index.php?part=Product&page=Brand&CatId=26840&BrandName=ragyard HTTP/1.1" 302 285 tanjameh.com "http://tanjameh.com/iweb/index.php?part=Brand&page=Brands" "Mozilla/5.0 (Linux; Android 7.0;) AppleWebKit/537.36 (KHTML, like Gecko) Mobile Safari/537.36 (compatible; PetalBot;+https://webmaster.petalsearch.com/site/petalbot)" "-"
114.119.146.0 - - [17/Jan/2023:03:29:49 +0100] "GET /iweb/?part=Product&page=Size&Size=W38%20L36&Color=LIGHT%20PINK HTTP/1.1" 302 279 tanjameh.com "http://tanjameh.com/iweb/?part=Product&page=Size&Size=W38%20L36" "Mozilla/5.0 (Linux; Android 7.0;) AppleWebKit/537.36 (KHTML, like Gecko) Mobile Safari/537.36 (compatible; PetalBot;+https://webmaster.petalsearch.com/site/petalbot)" "-"
114.119.146.0 - - [17/Jan/2023:03:29:50 +0100] "GET /iweb/?part=Product&page=Size&Size=W38%20L36&Color=LIGHT%20PINK HTTP/1.1" 200 7045 tanjameh.com "http://tanjameh.com/iweb/?part=Product&page=Size&Size=W38%20L36" "Mozilla/5.0 (Linux; Android 7.0;) AppleWebKit/537.36 (KHTML, like Gecko) Mobile Safari/537.36 (compatible; PetalBot;+https://webmaster.petalsearch.com/site/petalbot)" "-"
114.119.150.0 - - [17/Jan/2023:03:29:52 +0100] "GET /iweb/index.php?part=Product&page=Brand&CatId=26840&BrandName=ragyard HTTP/1.1" 200 6541 tanjameh.com "http://tanjameh.com/iweb/index.php?part=Brand&page=Brands" "Mozilla/5.0 (Linux; Android 7.0;) AppleWebKit/537.36 (KHTML, like Gecko) Mobile Safari/537.36 (compatible; PetalBot;+https://webmaster.petalsearch.com/site/petalbot)" "-"
114.119.132.0 - - [17/Jan/2023:03:30:16 +0100] "GET /iweb/index.php?Gender=Men&Category=Sale&pagein=173 HTTP/1.1" 200 34119 tanjameh.com "https://tanjameh.com/iweb/index.php?Gender=Men&Category=Sale&pagein=365" "Mozilla/5.0 (Linux; Android 7.0;) AppleWebKit/537.36 (KHTML, like Gecko) Mobile Safari/537.36 (compatible; PetalBot;+https://webmaster.petalsearch.com/site/petalbot)" "-"
114.119.140.0 - - [17/Jan/2023:03:30:41 +0100] "GET /iweb/?part=Product&page=Brand&CatId=17260&BrandName=birkenstock HTTP/1.1" 200 7913 www.tanjameh.com "https://www.tanjameh.com/iweb/?part=Brand&page=Brands" "Mozilla/5.0 (Linux; Android 7.0;) AppleWebKit/537.36 (KHTML, like Gecko) Mobile Safari/537.36 (compatible; PetalBot;+https://webmaster.petalsearch.com/site/petalbot)" "-"
114.119.130.0 - - [17/Jan/2023:03:30:59 +0100] "GET /iweb/?part=Product&page=Size&Size=W33%20L34&Color=ICE%20GREY HTTP/1.1" 302 277 tanjameh.com "http://tanjameh.com/iweb/?part=Product&page=Size&Size=W33%20L34" "Mozilla/5.0 (Linux; Android 7.0;) AppleWebKit/537.36 (KHTML, like Gecko) Mobile Safari/537.36 (compatible; PetalBot;+https://webmaster.petalsearch.com/site/petalbot)" "-"
114.119.130.0 - - [17/Jan/2023:03:31:00 +0100] "GET /iweb/?part=Product&page=Size&Size=W33%20L34&Color=ICE%20GREY HTTP/1.1" 200 7262 tanjameh.com "http://tanjameh.com/iweb/?part=Product&page=Size&Size=W33%20L34" "Mozilla/5.0 (Linux; Android 7.0;) AppleWebKit/537.36 (KHTML, like Gecko) Mobile Safari/537.36 (compatible; PetalBot;+https://webmaster.petalsearch.com/site/petalbot)" "-"
114.119.149.0 - - [17/Jan/2023:03:31:23 +0100] "GET /iweb/?Gender=Men&Category=New%20in&pagein=189 HTTP/1.1" 200 34109 www.tanjameh.com "https://www.tanjameh.com/iweb/?Gender=Men&Category=New%20in&pagein=186" "Mozilla/5.0 (Linux; Android 7.0;) AppleWebKit/537.36 (KHTML, like Gecko) Mobile Safari/537.36 (compatible; PetalBot;+https://webmaster.petalsearch.com/site/petalbot)" "-"
114.119.140.0 - - [17/Jan/2023:03:31:58 +0100] "GET /iweb/index.php?Gender=Men&Category=plus-size&pagein=216 HTTP/1.1" 200 33969 tanjameh.com "https://tanjameh.com/iweb/index.php?Gender=Men&Category=plus-size&pagein=248" "Mozilla/5.0 (Linux; Android 7.0;) AppleWebKit/537.36 (KHTML, like Gecko) Mobile Safari/537.36 (compatible; PetalBot;+https://webmaster.petalsearch.com/site/petalbot)" "-"
114.119.152.0 - - [17/Jan/2023:03:32:18 +0100] "GET /iweb/?Gender=women&Category=accessories&pagein=194 HTTP/1.1" 200 34004 tanjameh.com "https://tanjameh.com/iweb/?Gender=women&Category=accessories&pagein=54" "Mozilla/5.0 (Linux; Android 7.0;) AppleWebKit/537.36 (KHTML, like Gecko) Mobile Safari/537.36 (compatible; PetalBot;+https://webmaster.petalsearch.com/site/petalbot)" "-"
114.119.151.0 - - [17/Jan/2023:03:32:36 +0100] "GET /iweb/index.php?part=Product&page=Size&Size=S&pagein=288 HTTP/1.1" 200 28458 www.tanjameh.com "https://www.tanjameh.com/iweb/index.php?part=Product&page=Size&Size=S&pagein=227" "Mozilla/5.0 (Linux; Android 7.0;) AppleWebKit/537.36 (KHTML, like Gecko) Mobile Safari/537.36 (compatible; PetalBot;+https://webmaster.petalsearch.com/site/petalbot)" "-"
114.119.148.0 - - [17/Jan/2023:03:32:57 +0100] "GET /iweb/?part=Product&page=Size&Size=XS&pagein=71 HTTP/1.1" 200 20282 www.tanjameh.com "https://www.tanjameh.com/iweb/?part=Product&page=Size&Size=XS&pagein=65" "Mozilla/5.0 (Linux; Android 7.0;) AppleWebKit/537.36 (KHTML, like Gecko) Mobile Safari/537.36 (compatible; PetalBot;+https://webmaster.petalsearch.com/site/petalbot)" "-"
114.119.135.0 - - [17/Jan/2023:03:33:19 +0100] "GET /iweb/?part=Product&page=Size&Size=UK10%20L30 HTTP/1.1" 302 257 tanjameh.com "http://tanjameh.com/iweb/?part=Brand&page=Size" "Mozilla/5.0 (Linux; Android 7.0;) AppleWebKit/537.36 (KHTML, like Gecko) Mobile Safari/537.36 (compatible; PetalBot;+https://webmaster.petalsearch.com/site/petalbot)" "-"
114.119.135.0 - - [17/Jan/2023:03:33:22 +0100] "GET /iweb/?part=Product&page=Size&Size=UK10%20L30 HTTP/1.1" 200 6541 tanjameh.com "http://tanjameh.com/iweb/?part=Brand&page=Size" "Mozilla/5.0 (Linux; Android 7.0;) AppleWebKit/537.36 (KHTML, like Gecko) Mobile Safari/537.36 (compatible; PetalBot;+https://webmaster.petalsearch.com/site/petalbot)" "-"
114.119.157.0 - - [17/Jan/2023:03:33:40 +0100] "GET /iweb/?part=Product&page=Size&Size=M%20Long&Type=Shirts HTTP/1.1" 302 271 tanjameh.com "http://tanjameh.com/iweb/?part=Product&page=Size&Size=M%20Long&Type=Shirts" "Mozilla/5.0 (Linux; Android 7.0;) AppleWebKit/537.36 (KHTML, like Gecko) Mobile Safari/537.36 (compatible; PetalBot;+https://webmaster.petalsearch.com/site/petalbot)" "-"
114.119.157.0 - - [17/Jan/2023:03:33:44 +0100] "GET /iweb/?part=Product&page=Size&Size=M%20Long&Type=Shirts HTTP/1.1" 200 10427 tanjameh.com "http://tanjameh.com/iweb/?part=Product&page=Size&Size=M%20Long&Type=Shirts" "Mozilla/5.0 (Linux; Android 7.0;) AppleWebKit/537.36 (KHTML, like Gecko) Mobile Safari/537.36 (compatible; PetalBot;+https://webmaster.petalsearch.com/site/petalbot)" "-"
114.119.146.0 - - [17/Jan/2023:03:34:10 +0100] "GET /iweb/?part=Product&page=Size&Size=L&BrandName=Twisted%20Tailor HTTP/1.1" 302 279 tanjameh.com "http://tanjameh.com/iweb/?part=Product&page=Size&Size=L" "Mozilla/5.0 (Linux; Android 7.0;) AppleWebKit/537.36 (KHTML, like Gecko) Mobile Safari/537.36 (compatible; PetalBot;+https://webmaster.petalsearch.com/site/petalbot)" "-"
114.119.146.0 - - [17/Jan/2023:03:34:19 +0100] "GET /iweb/?part=Product&page=Size&Size=L&BrandName=Twisted%20Tailor HTTP/1.1" 200 9067 tanjameh.com "http://tanjameh.com/iweb/?part=Product&page=Size&Size=L" "Mozilla/5.0 (Linux; Android 7.0;) AppleWebKit/537.36 (KHTML, like Gecko) Mobile Safari/537.36 (compatible; PetalBot;+https://webmaster.petalsearch.com/site/petalbot)" "-"
114.119.129.0 - - [17/Jan/2023:03:34:32 +0100] "GET /iweb/?part=Product&page=Size&Size=L%20Long&Color=FUNGI HTTP/1.1" 302 271 tanjameh.com "https://tanjameh.com/iweb/?part=Product&page=Size&Size=L%20Long" "Mozilla/5.0 (Linux; Android 7.0;) AppleWebKit/537.36 (KHTML, like Gecko) Mobile Safari/537.36 (compatible; PetalBot;+https://webmaster.petalsearch.com/site/petalbot)" "-"
114.119.129.0 - - [17/Jan/2023:03:34:40 +0100] "GET /iweb/?part=Product&page=Size&Size=L%20Long&Color=FUNGI HTTP/1.1" 200 7020 tanjameh.com "https://tanjameh.com/iweb/?part=Product&page=Size&Size=L%20Long" "Mozilla/5.0 (Linux; Android 7.0;) AppleWebKit/537.36 (KHTML, like Gecko) Mobile Safari/537.36 (compatible; PetalBot;+https://webmaster.petalsearch.com/site/petalbot)" "-"
114.119.149.0 - - [17/Jan/2023:03:34:59 +0100] "GET /iweb/?part=Product&page=Size&Size=Chest%2038%20Short&Color=NAVY HTTP/1.1" 302 280 tanjameh.com "http://tanjameh.com/iweb/?part=Product&page=Size&Size=Chest%2038%20Short&Color=NAVY" "Mozilla/5.0 (Linux; Android 7.0;) AppleWebKit/537.36 (KHTML, like Gecko) Mobile Safari/537.36 (compatible; PetalBot;+https://webmaster.petalsearch.com/site/petalbot)" "-"
114.119.149.0 - - [17/Jan/2023:03:35:10 +0100] "GET /iweb/?part=Product&page=Size&Size=Chest%2038%20Short&Color=NAVY HTTP/1.1" 200 7643 tanjameh.com "http://tanjameh.com/iweb/?part=Product&page=Size&Size=Chest%2038%20Short&Color=NAVY" "Mozilla/5.0 (Linux; Android 7.0;) AppleWebKit/537.36 (KHTML, like Gecko) Mobile Safari/537.36 (compatible; PetalBot;+https://webmaster.petalsearch.com/site/petalbot)" "-"
157.55.39.0 - - [17/Jan/2023:03:36:22 +0100] "GET /robots.txt HTTP/1.1" 404 626 tanjameh.com "-" "Mozilla/5.0 (compatible; bingbot/2.0; +http://www.bing.com/bingbot.htm)" "-"
114.119.155.0 - - [17/Jan/2023:03:40:12 +0100] "GET /iweb/index.php?Gender=Men&Category=Clothing&pagein=139 HTTP/1.1" 200 34173 www.tanjameh.com "https://www.tanjameh.com/iweb/index.php?Gender=Men&Category=Clothing&pagein=375" "Mozilla/5.0 (Linux; Android 7.0;) AppleWebKit/537.36 (KHTML, like Gecko) Mobile Safari/537.36 (compatible; PetalBot;+https://webmaster.petalsearch.com/site/petalbot)" "-"
114.119.141.0 - - [17/Jan/2023:03:40:41 +0100] "GET /irepository/img/attachedimage/thumbnail/tanjameh-1659438098-114702138--120--.webp HTTP/1.1" 200 2154 www.tanjameh.com "https://www.tanjameh.com/iweb/index.php?part=Product&page=Type&ProductType=Trousers&BrandName=Bolongaro%20Trevor%20Sport" "Mozilla/5.0 (Linux; Android 7.0;) AppleWebKit/537.36 (KHTML, like Gecko) Mobile Safari/537.36 (compatible; PetalBot;+https://webmaster.petalsearch.com/site/petalbot)" "-"
114.119.128.0 - - [17/Jan/2023:03:40:57 +0100] "GET /irepository/img/attachedimage/thumbnail/tanjameh-1658048413-1327702637--670--.webp HTTP/1.1" 200 16010 www.tanjameh.com "https://www.tanjameh.com/iweb/index.php?Gender=Men" "Mozilla/5.0 (Linux; Android 7.0;) AppleWebKit/537.36 (KHTML, like Gecko) Mobile Safari/537.36 (compatible; PetalBot;+https://webmaster.petalsearch.com/site/petalbot)" "-"
114.119.167.0 - - [17/Jan/2023:03:41:15 +0100] "GET /iweb/?Gender=Men&Category=Trending%20now&pagein=19 HTTP/1.1" 200 34008 www.tanjameh.com "https://www.tanjameh.com/iweb/?Gender=Men&Category=Trending%20now&pagein=26" "Mozilla/5.0 (Linux; Android 7.0;) AppleWebKit/537.36 (KHTML, like Gecko) Mobile Safari/537.36 (compatible; PetalBot;+https://webmaster.petalsearch.com/site/petalbot)" "-"
114.119.154.0 - - [17/Jan/2023:03:41:36 +0100] "GET /iweb/index.php?Gender=Men&Category=Accessories&pagein=359 HTTP/1.1" 200 33922 tanjameh.com "https://tanjameh.com/iweb/index.php?Gender=Men&Category=Accessories&pagein=60" "Mozilla/5.0 (Linux; Android 7.0;) AppleWebKit/537.36 (KHTML, like Gecko) Mobile Safari/537.36 (compatible; PetalBot;+https://webmaster.petalsearch.com/site/petalbot)" "-"
40.77.167.0 - - [17/Jan/2023:03:48:38 +0100] "GET /product?title=ZA384498-Shq HTTP/1.1" 404 626 www.tanjameh.com "-" "Mozilla/5.0 AppleWebKit/537.36 (KHTML, like Gecko; compatible; bingbot/2.0; +http://www.bing.com/bingbot.htm) Chrome/103.0.5060.134 Safari/537.36" "-"
157.55.39.0 - - [17/Jan/2023:03:55:51 +0100] "GET /product?title=ZA179684-msC HTTP/1.1" 404 626 www.tanjameh.com "-" "Mozilla/5.0 AppleWebKit/537.36 (KHTML, like Gecko; compatible; bingbot/2.0; +http://www.bing.com/bingbot.htm) Chrome/103.0.5060.134 Safari/537.36" "-"
40.77.167.0 - - [17/Jan/2023:03:57:41 +0100] "GET /iweb/index.php?gender=sale HTTP/1.1" 302 9959 tanjameh.com "-" "Mozilla/5.0 AppleWebKit/537.36 (KHTML, like Gecko; compatible; bingbot/2.0; +http://www.bing.com/bingbot.htm) Chrome/103.0.5060.134 Safari/537.36" "-"
40.77.167.0 - - [17/Jan/2023:03:57:44 +0100] "GET /iweb/ HTTP/1.1" 302 9985 tanjameh.com "-" "Mozilla/5.0 AppleWebKit/537.36 (KHTML, like Gecko; compatible; bingbot/2.0; +http://www.bing.com/bingbot.htm) Chrome/103.0.5060.134 Safari/537.36" "-"
40.77.167.0 - - [17/Jan/2023:03:57:46 +0100] "GET /iweb/ HTTP/1.1" 302 9964 tanjameh.com "-" "Mozilla/5.0 (compatible; bingbot/2.0; +http://www.bing.com/bingbot.htm)" "-"
40.77.167.0 - - [17/Jan/2023:03:58:01 +0100] "GET /iweb/ HTTP/1.1" 200 10012 tanjameh.com "-" "Mozilla/5.0 AppleWebKit/537.36 (KHTML, like Gecko; compatible; bingbot/2.0; +http://www.bing.com/bingbot.htm) Chrome/103.0.5060.134 Safari/537.36" "-"
157.55.39.0 - - [17/Jan/2023:03:59:32 +0100] "GET /product?title=ZA128966-cks HTTP/1.1" 404 626 www.tanjameh.com "-" "Mozilla/5.0 (compatible; bingbot/2.0; +http://www.bing.com/bingbot.htm)" "-"
37.139.53.0 - - [17/Jan/2023:04:00:07 +0100] "GET /iweb/?part=Contact&page=Contact HTTP/1.1" 200 45235 tanjameh.com "https://tanjameh.com/iweb/?part=Contact&page=Contact" "Mozilla/5.0 (Windows NT 10.0; Win64; x64) AppleWebKit/537.36 (KHTML, like Gecko) Chrome/83.0.4103.61 Safari/537.36" "-"
37.139.53.0 - - [17/Jan/2023:04:00:08 +0100] "POST /iweb/mailto:info%40example.com HTTP/1.1" 404 626 tanjameh.com "https://tanjameh.com/iweb/?part=Contact&page=Contact" "Mozilla/5.0 (Windows NT 10.0; Win64; x64) AppleWebKit/537.36 (KHTML, like Gecko) Chrome/83.0.4103.61 Safari/537.36" "-"
114.119.158.0 - - [17/Jan/2023:04:01:42 +0100] "GET /iweb/?part=Product&page=Size&Size=S&Type=Fake%20Tan HTTP/1.1" 200 28466 www.tanjameh.com "https://www.tanjameh.com/iweb/?part=Product&page=Size&Size=S&Type=Cover%20Ups" "Mozilla/5.0 (Linux; Android 7.0;) AppleWebKit/537.36 (KHTML, like Gecko) Mobile Safari/537.36 (compatible; PetalBot;+https://webmaster.petalsearch.com/site/petalbot)" "-"
114.119.138.0 - - [17/Jan/2023:04:01:55 +0100] "GET /iweb/?part=Product&page=Size&Size=L&pagein=128 HTTP/1.1" 200 24190 www.tanjameh.com "https://www.tanjameh.com/iweb/?part=Product&page=Size&Size=L&pagein=86" "Mozilla/5.0 (Linux; Android 7.0;) AppleWebKit/537.36 (KHTML, like Gecko) Mobile Safari/537.36 (compatible; PetalBot;+https://webmaster.petalsearch.com/site/petalbot)" "-"
114.119.134.0 - - [17/Jan/2023:04:02:25 +0100] "GET /iweb/?Gender=Men&Category=Trending%20now&pagein=147 HTTP/1.1" 200 34097 www.tanjameh.com "https://www.tanjameh.com/iweb/?Gender=Men&Category=Trending%20now&pagein=26" "Mozilla/5.0 (Linux; Android 7.0;) AppleWebKit/537.36 (KHTML, like Gecko) Mobile Safari/537.36 (compatible; PetalBot;+https://webmaster.petalsearch.com/site/petalbot)" "-"
114.119.149.0 - - [17/Jan/2023:04:04:02 +0100] "GET /iweb/?Gender=Men&Category=Shoes&pagein=305 HTTP/1.1" 200 33880 www.tanjameh.com "https://www.tanjameh.com/iweb/?Gender=Men&Category=Shoes&pagein=282" "Mozilla/5.0 (Linux; Android 7.0;) AppleWebKit/537.36 (KHTML, like Gecko) Mobile Safari/537.36 (compatible; PetalBot;+https://webmaster.petalsearch.com/site/petalbot)" "-"
114.119.138.0 - - [17/Jan/2023:04:04:24 +0100] "GET /iweb/?Gender=Men&Category=Sale&pagein=341 HTTP/1.1" 200 34027 www.tanjameh.com "https://www.tanjameh.com/iweb/?Gender=Men&Category=Sale&pagein=249" "Mozilla/5.0 (Linux; Android 7.0;) AppleWebKit/537.36 (KHTML, like Gecko) Mobile Safari/537.36 (compatible; PetalBot;+https://webmaster.petalsearch.com/site/petalbot)" "-"
114.119.158.0 - - [17/Jan/2023:04:04:53 +0100] "GET /iweb/index.php?part=Product&page=Type&Size=W32S HTTP/1.1" 200 6493 tanjameh.com "https://tanjameh.com/iweb/index.php?part=Product&page=Size&Size=W32S&BrandName=Topman" "Mozilla/5.0 (Linux; Android 7.0;) AppleWebKit/537.36 (KHTML, like Gecko) Mobile Safari/537.36 (compatible; PetalBot;+https://webmaster.petalsearch.com/site/petalbot)" "-"
114.119.130.0 - - [17/Jan/2023:04:05:13 +0100] "GET /iweb/index.php?part=Product&page=Size&Size=W29%20L30&BrandName=ADPT HTTP/1.1" 200 7044 tanjameh.com "http://tanjameh.com/iweb/index.php?part=Product&page=Size&Size=W29%20L30" "Mozilla/5.0 (Linux; Android 7.0;) AppleWebKit/537.36 (KHTML, like Gecko) Mobile Safari/537.36 (compatible; PetalBot;+https://webmaster.petalsearch.com/site/petalbot)" "-"
207.46.13.0 - - [17/Jan/2023:04:05:15 +0100] "GET /iweb/index.php?gender=sale&category=men HTTP/1.1" 200 9990 tanjameh.com "-" "Mozilla/5.0 AppleWebKit/537.36 (KHTML, like Gecko; compatible; bingbot/2.0; +http://www.bing.com/bingbot.htm) Chrome/103.0.5060.134 Safari/537.36" "-"
114.119.132.0 - - [17/Jan/2023:04:05:55 +0100] "GET /iweb/index.php?part=Product&page=Size&Size=UK%2010&Color=GOLD HTTP/1.1" 200 7035 tanjameh.com "http://tanjameh.com/iweb/index.php?part=Product&page=Size&Size=UK%2010" "Mozilla/5.0 (Linux; Android 7.0;) AppleWebKit/537.36 (KHTML, like Gecko) Mobile Safari/537.36 (compatible; PetalBot;+https://webmaster.petalsearch.com/site/petalbot)" "-"
114.119.158.0 - - [17/Jan/2023:04:05:57 +0100] "GET /iweb/index.php?Gender=Men&Category=Tailoring&pagein=90 HTTP/1.1" 200 34034 tanjameh.com "https://tanjameh.com/iweb/index.php?Gender=Men&Category=Tailoring&pagein=185" "Mozilla/5.0 (Linux; Android 7.0;) AppleWebKit/537.36 (KHTML, like Gecko) Mobile Safari/537.36 (compatible; PetalBot;+https://webmaster.petalsearch.com/site/petalbot)" "-"
114.119.158.0 - - [17/Jan/2023:04:06:19 +0100] "GET /iweb/?Gender=Men&Category=hoodies-sweatshirts&pagein=24 HTTP/1.1" 200 33996 tanjameh.com "https://tanjameh.com/iweb/?Gender=Men&Category=hoodies-sweatshirts&pagein=365" "Mozilla/5.0 (Linux; Android 7.0;) AppleWebKit/537.36 (KHTML, like Gecko) Mobile Safari/537.36 (compatible; PetalBot;+https://webmaster.petalsearch.com/site/petalbot)" "-"
114.119.131.0 - - [17/Jan/2023:04:06:56 +0100] "GET /irepository/img/attachedimage/thumbnail/tanjameh-1671948038-622137100--670--.webp HTTP/1.1" 200 17240 tanjameh.com "https://tanjameh.com/iweb/index.php?Gender=Men" "Mozilla/5.0 (Linux; Android 7.0;) AppleWebKit/537.36 (KHTML, like Gecko) Mobile Safari/537.36 (compatible; PetalBot;+https://webmaster.petalsearch.com/site/petalbot)" "-"
157.55.39.0 - - [17/Jan/2023:04:07:00 +0100] "GET /iweb/index.php?gender=women&category=dresses HTTP/1.1" 200 9977 tanjameh.com "-" "Mozilla/5.0 AppleWebKit/537.36 (KHTML, like Gecko; compatible; bingbot/2.0; +http://www.bing.com/bingbot.htm) Chrome/103.0.5060.134 Safari/537.36" "-"
114.119.132.0 - - [17/Jan/2023:04:07:06 +0100] "GET /irepository/img/attachedimage/thumbnail/tanjameh-1671121991-318835786--314--.webp HTTP/1.1" 200 5188 tanjameh.com "https://tanjameh.com/iweb/index.php?part=Product&page=Size&Size=UK%206.5&Color=STONE%20BROWN" "Mozilla/5.0 (Linux; Android 7.0;) AppleWebKit/537.36 (KHTML, like Gecko) Mobile Safari/537.36 (compatible; PetalBot;+https://webmaster.petalsearch.com/site/petalbot)" "-"
114.119.134.0 - - [17/Jan/2023:04:07:29 +0100] "GET /irepository/img/attachedimage/thumbnail/tanjameh-1667823191-718108376--314--.webp HTTP/1.1" 404 626 tanjameh.com "https://tanjameh.com/iweb/?part=Product&page=Size&Size=UK%2014&Color=ECRU" "Mozilla/5.0 (Linux; Android 7.0;) AppleWebKit/537.36 (KHTML, like Gecko) Mobile Safari/537.36 (compatible; PetalBot;+https://webmaster.petalsearch.com/site/petalbot)" "-"
114.119.154.0 - - [17/Jan/2023:04:07:51 +0100] "GET /fa/home-kitchen1276.html?pagenumber=24 HTTP/1.1" 404 626 tanjameh.com "https://tanjameh.com/fa/home-kitchen.html" "Mozilla/5.0 (Linux; Android 7.0;) AppleWebKit/537.36 (KHTML, like Gecko) Mobile Safari/537.36 (compatible; PetalBot;+https://webmaster.petalsearch.com/site/petalbot)" "-"
114.119.159.0 - - [17/Jan/2023:04:08:19 +0100] "GET /iweb/index.php?part=Product&page=Size&Size=W33&Color=Light%20Wash%20Blue HTTP/1.1" 302 293 www.tanjameh.com "http://www.tanjameh.com/iweb/index.php?part=Product&page=Size&Size=W33" "Mozilla/5.0 (Linux; Android 7.0;) AppleWebKit/537.36 (KHTML, like Gecko) Mobile Safari/537.36 (compatible; PetalBot;+https://webmaster.petalsearch.com/site/petalbot)" "-"
114.119.159.0 - - [17/Jan/2023:04:08:28 +0100] "GET /iweb/index.php?part=Product&page=Size&Size=W33&Color=Light%20Wash%20Blue HTTP/1.1" 200 7264 www.tanjameh.com "http://www.tanjameh.com/iweb/index.php?part=Product&page=Size&Size=W33" "Mozilla/5.0 (Linux; Android 7.0;) AppleWebKit/537.36 (KHTML, like Gecko) Mobile Safari/537.36 (compatible; PetalBot;+https://webmaster.petalsearch.com/site/petalbot)" "-"
207.46.13.0 - - [17/Jan/2023:04:13:36 +0100] "GET /product?title=ZA179683-OKQ HTTP/1.1" 404 626 www.tanjameh.com "-" "Mozilla/5.0 AppleWebKit/537.36 (KHTML, like Gecko; compatible; bingbot/2.0; +http://www.bing.com/bingbot.htm) Chrome/103.0.5060.134 Safari/537.36" "-"
114.119.137.0 - - [17/Jan/2023:04:15:06 +0100] "GET /iweb/?part=Product&page=Size&Size=S&Type=Ski%20Pants HTTP/1.1" 200 28493 www.tanjameh.com "https://www.tanjameh.com/iweb/?part=Product&page=Size&Size=S&Type=Cover%20Ups" "Mozilla/5.0 (Linux; Android 7.0;) AppleWebKit/537.36 (KHTML, like Gecko) Mobile Safari/537.36 (compatible; PetalBot;+https://webmaster.petalsearch.com/site/petalbot)" "-"
114.119.131.0 - - [17/Jan/2023:04:16:44 +0100] "GET /irepository/img/attachedimage/thumbnail/tanjameh-1671958318-1168648066--314--.webp HTTP/1.1" 200 8722 www.tanjameh.com "https://www.tanjameh.com/iweb/index.php?Gender=Men&Category=Sportswear&pagein=27" "Mozilla/5.0 (Linux; Android 7.0;) AppleWebKit/537.36 (KHTML, like Gecko) Mobile Safari/537.36 (compatible; PetalBot;+https://webmaster.petalsearch.com/site/petalbot)" "-"
114.119.135.0 - - [17/Jan/2023:04:17:08 +0100] "GET /iweb/index.php?Gender=Men&Category=Sale&pagein=53&Size=2XL HTTP/1.1" 200 19913 tanjameh.com "https://tanjameh.com/iweb/index.php?Gender=Men&Category=Sale&pagein=106&Size=2XL" "Mozilla/5.0 (Linux; Android 7.0;) AppleWebKit/537.36 (KHTML, like Gecko) Mobile Safari/537.36 (compatible; PetalBot;+https://webmaster.petalsearch.com/site/petalbot)" "-"
114.119.128.0 - - [17/Jan/2023:04:17:44 +0100] "GET /irepository/img/attachedimage/thumbnail/tanjameh-1657915215-80221896--314--.webp HTTP/1.1" 200 6360 tanjameh.com "https://tanjameh.com/iweb/?part=Product&page=Size&Size=UK%2030&Color=STRIPE" "Mozilla/5.0 (Linux; Android 7.0;) AppleWebKit/537.36 (KHTML, like Gecko) Mobile Safari/537.36 (compatible; PetalBot;+https://webmaster.petalsearch.com/site/petalbot)" "-"
176.97.210.0 - - [17/Jan/2023:04:18:06 +0100] "GET /adminer.php HTTP/1.1" 404 626 tanjameh.com "-" "Mozilla/5.0 (Windows NT 10.0; Win64; x64) AppleWebKit/537.36 (KHTML, like Gecko) Chrome/80.0.3987.163 Safari/537.36" "-"
157.55.39.0 - - [17/Jan/2023:04:23:48 +0100] "GET /product?title=ZA146298-zbe HTTP/1.1" 404 626 www.tanjameh.com "-" "Mozilla/5.0 AppleWebKit/537.36 (KHTML, like Gecko; compatible; bingbot/2.0; +http://www.bing.com/bingbot.htm) Chrome/103.0.5060.134 Safari/537.36" "-"
114.119.135.0 - - [17/Jan/2023:04:28:55 +0100] "GET /iweb/index.php?Gender=Men&Category=hoodies-sweatshirts&pagein=375 HTTP/1.1" 200 34191 www.tanjameh.com "https://www.tanjameh.com/iweb/index.php?Gender=Men&Category=hoodies-sweatshirts&pagein=246" "Mozilla/5.0 (Linux; Android 7.0;) AppleWebKit/537.36 (KHTML, like Gecko) Mobile Safari/537.36 (compatible; PetalBot;+https://webmaster.petalsearch.com/site/petalbot)" "-"
114.119.137.0 - - [17/Jan/2023:04:29:27 +0100] "GET /iweb/index.php?part=Product&page=Size&Size=L&pagein=68 HTTP/1.1" 200 24230 www.tanjameh.com "https://www.tanjameh.com/iweb/index.php?part=Product&page=Size&Size=L&pagein=200" "Mozilla/5.0 (Linux; Android 7.0;) AppleWebKit/537.36 (KHTML, like Gecko) Mobile Safari/537.36 (compatible; PetalBot;+https://webmaster.petalsearch.com/site/petalbot)" "-"
114.119.139.0 - - [17/Jan/2023:04:29:42 +0100] "GET /iweb/index.php?Gender=Men&Category=New%20in&pagein=283 HTTP/1.1" 200 34005 www.tanjameh.com "https://www.tanjameh.com/iweb/index.php?Gender=Men&Category=New%20in&pagein=203" "Mozilla/5.0 (Linux; Android 7.0;) AppleWebKit/537.36 (KHTML, like Gecko) Mobile Safari/537.36 (compatible; PetalBot;+https://webmaster.petalsearch.com/site/petalbot)" "-"
114.119.159.0 - - [17/Jan/2023:04:30:08 +0100] "GET /iweb/?Gender=Men&Category=Sportswear&pagein=379 HTTP/1.1" 200 33642 www.tanjameh.com "https://www.tanjameh.com/iweb/?Gender=Men&Category=Sportswear&pagein=333" "Mozilla/5.0 (Linux; Android 7.0;) AppleWebKit/537.36 (KHTML, like Gecko) Mobile Safari/537.36 (compatible; PetalBot;+https://webmaster.petalsearch.com/site/petalbot)" "-"
114.119.132.0 - - [17/Jan/2023:04:30:35 +0100] "GET /irepository/img/attachedimage/thumbnail/tanjameh-1658063152-2058777457--314--.webp HTTP/1.1" 200 8294 www.tanjameh.com "https://www.tanjameh.com/iweb/index.php?part=Product&page=Size&Size=Chest%2038%20Regular&Color=NAVY" "Mozilla/5.0 (Linux; Android 7.0;) AppleWebKit/537.36 (KHTML, like Gecko) Mobile Safari/537.36 (compatible; PetalBot;+https://webmaster.petalsearch.com/site/petalbot)" "-"
114.119.146.0 - - [17/Jan/2023:04:31:01 +0100] "GET /iweb/?part=Product&page=Size&Size=W30%20L32&Color=BROWN HTTP/1.1" 200 9320 tanjameh.com "https://tanjameh.com/iweb/?part=Product&page=Size&Size=W30%20L32" "Mozilla/5.0 (Linux; Android 7.0;) AppleWebKit/537.36 (KHTML, like Gecko) Mobile Safari/537.36 (compatible; PetalBot;+https://webmaster.petalsearch.com/site/petalbot)" "-"
114.119.148.0 - - [17/Jan/2023:04:31:17 +0100] "GET /iweb/?Gender=women&Category=accessories&pagein=38 HTTP/1.1" 200 34002 tanjameh.com "https://tanjameh.com/iweb/?Gender=women&Category=accessories&pagein=54" "Mozilla/5.0 (Linux; Android 7.0;) AppleWebKit/537.36 (KHTML, like Gecko) Mobile Safari/537.36 (compatible; PetalBot;+https://webmaster.petalsearch.com/site/petalbot)" "-"
114.119.150.0 - - [17/Jan/2023:04:31:47 +0100] "GET /iweb/?Gender=Men&Category=plus-size&pagein=385 HTTP/1.1" 200 33921 tanjameh.com "https://tanjameh.com/iweb/?Gender=Men&Category=plus-size&pagein=366" "Mozilla/5.0 (Linux; Android 7.0;) AppleWebKit/537.36 (KHTML, like Gecko) Mobile Safari/537.36 (compatible; PetalBot;+https://webmaster.petalsearch.com/site/petalbot)" "-"
207.46.13.0 - - [17/Jan/2023:04:31:48 +0100] "GET /product?title=ZA163386-a15 HTTP/1.1" 404 626 www.tanjameh.com "-" "Mozilla/5.0 (compatible; bingbot/2.0; +http://www.bing.com/bingbot.htm)" "-"
40.77.167.0 - - [17/Jan/2023:04:35:35 +0100] "GET /iweb/index.php?gender=sale HTTP/1.1" 200 9999 tanjameh.com "-" "Mozilla/5.0 (compatible; bingbot/2.0; +http://www.bing.com/bingbot.htm)" "-"
207.46.13.0 - - [17/Jan/2023:04:36:18 +0100] "GET /iweb/index.php?gender=sale&category=men HTTP/1.1" 200 10044 tanjameh.com "-" "Mozilla/5.0 AppleWebKit/537.36 (KHTML, like Gecko; compatible; bingbot/2.0; +http://www.bing.com/bingbot.htm) Chrome/103.0.5060.134 Safari/537.36" "-"
87.250.224.0 - - [17/Jan/2023:04:36:59 +0100] "GET /robots.txt HTTP/1.1" 404 626 tanjameh.com "-" "Mozilla/5.0 (compatible; YandexBot/3.0; +http://yandex.com/bots)" "-"
87.250.224.0 - - [17/Jan/2023:04:37:04 +0100] "GET /categories/mens-sports-shoes/ HTTP/1.1" 404 626 tanjameh.com "-" "Mozilla/5.0 (compatible; YandexBot/3.0; +http://yandex.com/bots)" "-"
157.55.39.0 - - [17/Jan/2023:04:39:45 +0100] "GET /product?title=ZA161786-uru HTTP/1.1" 404 626 www.tanjameh.com "-" "Mozilla/5.0 (compatible; bingbot/2.0; +http://www.bing.com/bingbot.htm)" "-"
114.119.134.0 - - [17/Jan/2023:04:43:00 +0100] "GET /iweb/index.php?part=Product&page=Size&Size=S&Type=Dry%20Shampoos HTTP/1.1" 200 28555 tanjameh.com "https://tanjameh.com/iweb/index.php?part=Product&page=Size&Size=S&Type=Loungewear%20Sets" "Mozilla/5.0 (Linux; Android 7.0;) AppleWebKit/537.36 (KHTML, like Gecko) Mobile Safari/537.36 (compatible; PetalBot;+https://webmaster.petalsearch.com/site/petalbot)" "-"
114.119.159.0 - - [17/Jan/2023:04:43:24 +0100] "GET /irepository/img/attachedimage/thumbnail/tanjameh-1670706625-44210356--120--.webp HTTP/1.1" 200 4470 tanjameh.com "https://tanjameh.com/iweb/index.php?part=Product&page=Type&ProductType=Fleeces&Size=XL" "Mozilla/5.0 (Linux; Android 7.0;) AppleWebKit/537.36 (KHTML, like Gecko) Mobile Safari/537.36 (compatible; PetalBot;+https://webmaster.petalsearch.com/site/petalbot)" "-"
157.55.39.0 - - [17/Jan/2023:04:46:41 +0100] "GET /iweb/index.php?gender=women&category=dresses HTTP/1.1" 200 9963 tanjameh.com "-" "Mozilla/5.0 AppleWebKit/537.36 (KHTML, like Gecko; compatible; bingbot/2.0; +http://www.bing.com/bingbot.htm) Chrome/103.0.5060.134 Safari/537.36" "-"
157.55.39.0 - - [17/Jan/2023:04:48:32 +0100] "GET /product?title=ZA458023-Wcf HTTP/1.1" 404 626 tanjameh.com "-" "Mozilla/5.0 AppleWebKit/537.36 (KHTML, like Gecko; compatible; bingbot/2.0; +http://www.bing.com/bingbot.htm) Chrome/103.0.5060.134 Safari/537.36" "-"
66.249.66.0 - - [17/Jan/2023:05:02:55 +0100] "GET /fa/home-appliance.html HTTP/1.1" 404 626 www.tanjameh.com "-" "Mozilla/5.0 (compatible; Googlebot/2.1; +http://www.google.com/bot.html)" "-"
66.249.66.0 - - [17/Jan/2023:05:03:20 +0100] "GET /fa/home-appliance.html HTTP/1.1" 404 626 www.tanjameh.com "-" "Mozilla/5.0 (Linux; Android 6.0.1; Nexus 5X Build/MMB29P) AppleWebKit/537.36 (KHTML, like Gecko) Chrome/109.0.5414.74 Mobile Safari/537.36 (compatible; Googlebot/2.1; +http://www.google.com/bot.html)" "-"
157.55.39.0 - - [17/Jan/2023:05:03:43 +0100] "GET /iweb/index.php?gender=women&category=accessories HTTP/1.1" 302 9954 tanjameh.com "-" "Mozilla/5.0 (compatible; bingbot/2.0; +http://www.bing.com/bingbot.htm)" "-"
157.55.39.0 - - [17/Jan/2023:05:03:45 +0100] "GET /product?title=ZA128966-BqM HTTP/1.1" 404 626 tanjameh.com "-" "Mozilla/5.0 AppleWebKit/537.36 (KHTML, like Gecko; compatible; bingbot/2.0; +http://www.bing.com/bingbot.htm) Chrome/103.0.5060.134 Safari/537.36" "-"
207.46.13.0 - - [17/Jan/2023:05:05:00 +0100] "GET /product?title=ZA382456-Mol HTTP/1.1" 404 626 www.tanjameh.com "-" "Mozilla/5.0 (compatible; bingbot/2.0; +http://www.bing.com/bingbot.htm)" "-"
157.55.39.0 - - [17/Jan/2023:05:05:06 +0100] "GET /product?title=ZA458051-FCL HTTP/1.1" 404 626 tanjameh.com "-" "Mozilla/5.0 (compatible; bingbot/2.0; +http://www.bing.com/bingbot.htm)" "-"
157.55.39.0 - - [17/Jan/2023:05:07:45 +0100] "GET /product?title=ZA167971-Kvo HTTP/1.1" 404 626 www.tanjameh.com "-" "Mozilla/5.0 (compatible; bingbot/2.0; +http://www.bing.com/bingbot.htm)" "-"
157.55.39.0 - - [17/Jan/2023:05:09:53 +0100] "GET /product?title=ZA143543-4fV HTTP/1.1" 404 626 www.tanjameh.com "-" "Mozilla/5.0 AppleWebKit/537.36 (KHTML, like Gecko; compatible; bingbot/2.0; +http://www.bing.com/bingbot.htm) Chrome/103.0.5060.134 Safari/537.36" "-"
157.55.39.0 - - [17/Jan/2023:05:11:39 +0100] "GET /product?title=ZA128966-TSk HTTP/1.1" 404 626 tanjameh.com "-" "Mozilla/5.0 AppleWebKit/537.36 (KHTML, like Gecko; compatible; bingbot/2.0; +http://www.bing.com/bingbot.htm) Chrome/103.0.5060.134 Safari/537.36" "-"
40.77.167.0 - - [17/Jan/2023:05:14:09 +0100] "GET /iweb/index.php?gender=sale HTTP/1.1" 200 9951 tanjameh.com "-" "Mozilla/5.0 (compatible; bingbot/2.0; +http://www.bing.com/bingbot.htm)" "-"
207.46.13.0 - - [17/Jan/2023:05:14:35 +0100] "GET /product?title=ZA179682-rdp HTTP/1.1" 404 626 www.tanjameh.com "-" "Mozilla/5.0 AppleWebKit/537.36 (KHTML, like Gecko; compatible; bingbot/2.0; +http://www.bing.com/bingbot.htm) Chrome/103.0.5060.134 Safari/537.36" "-"
207.46.13.0 - - [17/Jan/2023:05:14:43 +0100] "GET /iweb/index.php?gender=sale&category=men HTTP/1.1" 302 9890 tanjameh.com "-" "Mozilla/5.0 AppleWebKit/537.36 (KHTML, like Gecko; compatible; bingbot/2.0; +http://www.bing.com/bingbot.htm) Chrome/103.0.5060.134 Safari/537.36" "-"
207.46.13.0 - - [17/Jan/2023:05:14:46 +0100] "GET /iweb/ HTTP/1.1" 302 9979 tanjameh.com "-" "Mozilla/5.0 (compatible; bingbot/2.0; +http://www.bing.com/bingbot.htm)" "-"
207.46.13.0 - - [17/Jan/2023:05:14:54 +0100] "GET /iweb/ HTTP/1.1" 200 9912 tanjameh.com "-" "Mozilla/5.0 (compatible; bingbot/2.0; +http://www.bing.com/bingbot.htm)" "-"
114.119.167.0 - - [17/Jan/2023:05:16:25 +0100] "GET /iweb/index.php?part=Product&page=Size&Size=W34%20L30&Type=Trousers HTTP/1.1" 200 11256 www.tanjameh.com "https://www.tanjameh.com/iweb/index.php?part=Product&page=Size&Size=W34%20L30&Type=Chinos" "Mozilla/5.0 (Linux; Android 7.0;) AppleWebKit/537.36 (KHTML, like Gecko) Mobile Safari/537.36 (compatible; PetalBot;+https://webmaster.petalsearch.com/site/petalbot)" "-"
157.55.39.0 - - [17/Jan/2023:05:16:35 +0100] "GET /product?title=ZA320002-voc HTTP/1.1" 404 626 www.tanjameh.com "-" "Mozilla/5.0 (compatible; bingbot/2.0; +http://www.bing.com/bingbot.htm)" "-"
114.119.128.0 - - [17/Jan/2023:05:16:52 +0100] "GET /iweb/?Gender=Men&Category=trousers-chinos&pagein=205 HTTP/1.1" 200 34019 www.tanjameh.com "https://www.tanjameh.com/iweb/?Gender=Men&Category=trousers-chinos&pagein=23" "Mozilla/5.0 (Linux; Android 7.0;) AppleWebKit/537.36 (KHTML, like Gecko) Mobile Safari/537.36 (compatible; PetalBot;+https://webmaster.petalsearch.com/site/petalbot)" "-"
114.119.141.0 - - [17/Jan/2023:05:17:06 +0100] "GET /iweb/?Gender=Men&Category=jeans&pagein=269 HTTP/1.1" 200 34082 www.tanjameh.com "https://www.tanjameh.com/iweb/?Gender=Men&Category=jeans&pagein=195" "Mozilla/5.0 (Linux; Android 7.0;) AppleWebKit/537.36 (KHTML, like Gecko) Mobile Safari/537.36 (compatible; PetalBot;+https://webmaster.petalsearch.com/site/petalbot)" "-"
40.77.167.0 - - [17/Jan/2023:05:17:39 +0100] "GET /product?title=ZA320002-0NO HTTP/1.1" 404 626 www.tanjameh.com "-" "Mozilla/5.0 AppleWebKit/537.36 (KHTML, like Gecko; compatible; bingbot/2.0; +http://www.bing.com/bingbot.htm) Chrome/103.0.5060.134 Safari/537.36" "-"
114.119.146.0 - - [17/Jan/2023:05:17:53 +0100] "GET /iweb/index.php?Gender=Men&Category=Sale&pagein=2&Size=W38 HTTP/1.1" 200 12439 tanjameh.com "https://tanjameh.com/iweb/index.php?Gender=Men&Category=Sale&pagein=3&Size=W38" "Mozilla/5.0 (Linux; Android 7.0;) AppleWebKit/537.36 (KHTML, like Gecko) Mobile Safari/537.36 (compatible; PetalBot;+https://webmaster.petalsearch.com/site/petalbot)" "-"
114.119.165.0 - - [17/Jan/2023:05:17:54 +0100] "GET /iweb/?part=Product&page=Size&Size=UK%2013&BrandName=ASOS%20DESIGN HTTP/1.1" 200 9294 tanjameh.com "http://tanjameh.com/iweb/?part=Product&page=Size&Size=UK%2013" "Mozilla/5.0 (Linux; Android 7.0;) AppleWebKit/537.36 (KHTML, like Gecko) Mobile Safari/537.36 (compatible; PetalBot;+https://webmaster.petalsearch.com/site/petalbot)" "-"
114.119.152.0 - - [17/Jan/2023:05:18:14 +0100] "GET /iweb/?Gender=men&Category=Accessories&pagein=292 HTTP/1.1" 200 34068 tanjameh.com "https://tanjameh.com/iweb/?Gender=men&Category=Accessories&pagein=212" "Mozilla/5.0 (Linux; Android 7.0;) AppleWebKit/537.36 (KHTML, like Gecko) Mobile Safari/537.36 (compatible; PetalBot;+https://webmaster.petalsearch.com/site/petalbot)" "-"
157.55.39.0 - - [17/Jan/2023:05:24:57 +0100] "GET /iweb/index.php?gender=women&category=dresses HTTP/1.1" 200 10041 tanjameh.com "-" "Mozilla/5.0 (compatible; bingbot/2.0; +http://www.bing.com/bingbot.htm)" "-"
