114.119.147.0 - - [17/Jan/2023:00:54:17 +0100] "GET /iweb/index.php?Gender=Men&Category=New%20in&pagein=145 HTTP/1.1" 200 34044 www.tanjameh.com "https://www.tanjameh.com/iweb/index.php?Gender=Men&Category=New%20in&pagein=21" "Mozilla/5.0 (Linux; Android 7.0;) AppleWebKit/537.36 (KHTML, like Gecko) Mobile Safari/537.36 (compatible; PetalBot;+https://webmaster.petalsearch.com/site/petalbot)" "-"
157.55.39.0 - - [17/Jan/2023:00:54:21 +0100] "GET /iweb/index.php?gender=women&category=dresses HTTP/1.1" 200 9880 tanjameh.com "-" "Mozilla/5.0 AppleWebKit/537.36 (KHTML, like Gecko; compatible; bingbot/2.0; +http://www.bing.com/bingbot.htm) Chrome/103.0.5060.134 Safari/537.36" "-"
114.119.138.0 - - [17/Jan/2023:00:54:29 +0100] "GET /iweb/index.php?Gender=%D9%85%D8%B1%D8%AF%D8%A7%D9%86%D9%87&Category=Outlet&pagein=372 HTTP/1.1" 200 34350 www.tanjameh.com "https://www.tanjameh.com/iweb/index.php?Gender=%D9%85%D8%B1%D8%AF%D8%A7%D9%86%D9%87&Category=Outlet&pagein=80" "Mozilla/5.0 (Linux; Android 7.0;) AppleWebKit/537.36 (KHTML, like Gecko) Mobile Safari/537.36 (compatible; PetalBot;+https://webmaster.petalsearch.com/site/petalbot)" "-"
114.119.130.0 - - [17/Jan/2023:00:54:46 +0100] "GET /iweb/?Gender=Men&Category=plus-size&pagein=210 HTTP/1.1" 200 33951 www.tanjameh.com "https://www.tanjameh.com/iweb/?Gender=Men&Category=plus-size&pagein=216" "Mozilla/5.0 (Linux; Android 7.0;) AppleWebKit/537.36 (KHTML, like Gecko) Mobile Safari/537.36 (compatible; PetalBot;+https://webmaster.petalsearch.com/site/petalbot)" "-"
114.119.130.0 - - [17/Jan/2023:00:55:11 +0100] "GET /iweb/index.php?Gender=Men&Category=plus-size&pagein=64 HTTP/1.1" 200 34047 tanjameh.com "https://tanjameh.com/iweb/index.php?Gender=Men&Category=plus-size&pagein=107" "Mozilla/5.0 (Linux; Android 7.0;) AppleWebKit/537.36 (KHTML, like Gecko) Mobile Safari/537.36 (compatible; PetalBot;+https://webmaster.petalsearch.com/site/petalbot)" "-"
114.119.138.0 - - [17/Jan/2023:00:55:49 +0100] "GET /iweb/?Gender=Men&Category=Sportswear&pagein=11 HTTP/1.1" 302 33900 www.tanjameh.com "https://www.tanjameh.com/iweb/?Gender=Men&Category=Sportswear&pagein=327" "Mozilla/5.0 (Linux; Android 7.0;) AppleWebKit/537.36 (KHTML, like Gecko) Mobile Safari/537.36 (compatible; PetalBot;+https://webmaster.petalsearch.com/site/petalbot)" "-"
114.119.135.0 - - [17/Jan/2023:00:56:16 +0100] "GET /iweb/index.php?Gender=Women&Category=sportswear&pagein=135 HTTP/1.1" 200 34004 tanjameh.com "https://tanjameh.com/iweb/index.php?Gender=Women&Category=sportswear&pagein=112" "Mozilla/5.0 (Linux; Android 7.0;) AppleWebKit/537.36 (KHTML, like Gecko) Mobile Safari/537.36 (compatible; PetalBot;+https://webmaster.petalsearch.com/site/petalbot)" "-"
114.119.158.0 - - [17/Jan/2023:00:56:38 +0100] "GET /iweb/?part=Product&page=Size&Size=2XL&Color=BURGUNDY HTTP/1.1" 200 9734 tanjameh.com "http://tanjameh.com/iweb/?part=Product&page=Size&Size=2XL" "Mozilla/5.0 (Linux; Android 7.0;) AppleWebKit/537.36 (KHTML, like Gecko) Mobile Safari/537.36 (compatible; PetalBot;+https://webmaster.petalsearch.com/site/petalbot)" "-"
114.119.136.0 - - [17/Jan/2023:00:57:25 +0100] "GET /iweb/index.php?Gender=Men&Category=jumpers-cardigans&Size=S&pagein=238 HTTP/1.1" 200 28735 tanjameh.com "https://tanjameh.com/iweb/index.php?Gender=Men&Category=jumpers-cardigans&Size=S&pagein=260" "Mozilla/5.0 (Linux; Android 7.0;) AppleWebKit/537.36 (KHTML, like Gecko) Mobile Safari/537.36 (compatible; PetalBot;+https://webmaster.petalsearch.com/site/petalbot)" "-"
114.119.141.0 - - [17/Jan/2023:00:57:37 +0100] "GET /iweb/?part=Product&page=Brand&CatId=50573&BrandName=love-mememe HTTP/1.1" 200 6536 tanjameh.com "https://tanjameh.com/iweb/?part=Brand&page=Brands" "Mozilla/5.0 (Linux; Android 7.0;) AppleWebKit/537.36 (KHTML, like Gecko) Mobile Safari/537.36 (compatible; PetalBot;+https://webmaster.petalsearch.com/site/petalbot)" "-"
114.119.147.0 - - [17/Jan/2023:00:58:03 +0100] "GET /iweb/?Gender=Men&Category=Face%20%2B%20Body&pagein=74 HTTP/1.1" 200 34117 tanjameh.com "https://tanjameh.com/iweb/?Gender=Men&Category=Face%20%2B%20Body&pagein=75" "Mozilla/5.0 (Linux; Android 7.0;) AppleWebKit/537.36 (KHTML, like Gecko) Mobile Safari/537.36 (compatible; PetalBot;+https://webmaster.petalsearch.com/site/petalbot)" "-"
114.119.136.0 - - [17/Jan/2023:00:58:26 +0100] "GET /irepository/img/attachedimage/thumbnail/tanjameh-1668841892-938577625--670--.webp HTTP/1.1" 200 7840 tanjameh.com "https://tanjameh.com/iweb/?Gender=Women" "Mozilla/5.0 (Linux; Android 7.0;) AppleWebKit/537.36 (KHTML, like Gecko) Mobile Safari/537.36 (compatible; PetalBot;+https://webmaster.petalsearch.com/site/petalbot)" "-"
114.119.149.0 - - [17/Jan/2023:00:58:56 +0100] "GET /irepository/img/attachedimage/thumbnail/tanjameh-1665816946-843741063--670--.webp HTTP/1.1" 200 35642 tanjameh.com "https://tanjameh.com/iweb/index.php?part=User&page=Shop" "Mozilla/5.0 (Linux; Android 7.0;) AppleWebKit/537.36 (KHTML, like Gecko) Mobile Safari/537.36 (compatible; PetalBot;+https://webmaster.petalsearch.com/site/petalbot)" "-"
114.119.139.0 - - [17/Jan/2023:00:59:01 +0100] "GET /iweb/index.php?Gender=Men&Category=Sale&pagein=1&Size=W38 HTTP/1.1" 200 12607 tanjameh.com "https://tanjameh.com/iweb/index.php?Gender=Men&Category=Sale&pagein=3&Size=W38" "Mozilla/5.0 (Linux; Android 7.0;) AppleWebKit/537.36 (KHTML, like Gecko) Mobile Safari/537.36 (compatible; PetalBot;+https://webmaster.petalsearch.com/site/petalbot)" "-"
114.119.146.0 - - [17/Jan/2023:00:59:55 +0100] "GET /irepository/img/attachedimage/thumbnail/tanjameh-1662951058-7939323--314--.webp HTTP/1.1" 404 626 tanjameh.com "https://tanjameh.com/iweb/index.php?part=Product&page=Type&ProductType=Boots&Color=Choc%20Patent" "Mozilla/5.0 (Linux; Android 7.0;) AppleWebKit/537.36 (KHTML, like Gecko) Mobile Safari/537.36 (compatible; PetalBot;+https://webmaster.petalsearch.com/site/petalbot)" "-"
114.119.143.0 - - [17/Jan/2023:01:00:25 +0100] "GET /irepository/img/attachedimage/thumbnail/tanjameh-1657744863-1351205645--670--.webp HTTP/1.1" 200 17602 tanjameh.com "https://tanjameh.com/iweb/index.php?Gender=women" "Mozilla/5.0 (Linux; Android 7.0;) AppleWebKit/537.36 (KHTML, like Gecko) Mobile Safari/537.36 (compatible; PetalBot;+https://webmaster.petalsearch.com/site/petalbot)" "-"
114.119.155.0 - - [17/Jan/2023:01:00:29 +0100] "GET /changelanguage/5ed3984cbb20f90001ca8952a38b.html?returnurl=/fa/mirrors HTTP/1.1" 404 626 tanjameh.com "https://tanjameh.com/fa/mirrors.html" "Mozilla/5.0 (Linux; Android 7.0;) AppleWebKit/537.36 (KHTML, like Gecko) Mobile Safari/537.36 (compatible; PetalBot;+https://webmaster.petalsearch.com/site/petalbot)" "-"
114.119.138.0 - - [17/Jan/2023:01:00:48 +0100] "GET /iweb/index.php?part=Product&page=Size&Size=W32%20L30&Color=LIGHT%20PINK HTTP/1.1" 302 292 www.tanjameh.com "http://www.tanjameh.com/iweb/index.php?part=Product&page=Size&Size=W32%20L30" "Mozilla/5.0 (Linux; Android 7.0;) AppleWebKit/537.36 (KHTML, like Gecko) Mobile Safari/537.36 (compatible; PetalBot;+https://webmaster.petalsearch.com/site/petalbot)" "-"
114.119.138.0 - - [17/Jan/2023:01:00:49 +0100] "GET /iweb/index.php?part=Product&page=Size&Size=W32%20L30&Color=LIGHT%20PINK HTTP/1.1" 200 7062 www.tanjameh.com "http://www.tanjameh.com/iweb/index.php?part=Product&page=Size&Size=W32%20L30" "Mozilla/5.0 (Linux; Android 7.0;) AppleWebKit/537.36 (KHTML, like Gecko) Mobile Safari/537.36 (compatible; PetalBot;+https://webmaster.petalsearch.com/site/petalbot)" "-"
114.119.137.0 - - [17/Jan/2023:01:01:19 +0100] "GET /iweb/index.php?part=Product&page=Size&Size=UK%205&Color=GREEN HTTP/1.1" 302 282 www.tanjameh.com "http://www.tanjameh.com/iweb/index.php?part=Product&page=Size&Size=UK%205" "Mozilla/5.0 (Linux; Android 7.0;) AppleWebKit/537.36 (KHTML, like Gecko) Mobile Safari/537.36 (compatible; PetalBot;+https://webmaster.petalsearch.com/site/petalbot)" "-"
114.119.137.0 - - [17/Jan/2023:01:01:27 +0100] "GET /iweb/index.php?part=Product&page=Size&Size=UK%205&Color=GREEN HTTP/1.1" 200 7831 www.tanjameh.com "http://www.tanjameh.com/iweb/index.php?part=Product&page=Size&Size=UK%205" "Mozilla/5.0 (Linux; Android 7.0;) AppleWebKit/537.36 (KHTML, like Gecko) Mobile Safari/537.36 (compatible; PetalBot;+https://webmaster.petalsearch.com/site/petalbot)" "-"
114.119.154.0 - - [17/Jan/2023:01:01:56 +0100] "GET /iweb/index.php?part=Product&page=Size&Size=XS&Color=HORIZON%20BLUE HTTP/1.1" 200 7086 www.tanjameh.com "https://www.tanjameh.com/iweb/index.php?part=Product&page=Size&Size=XS" "Mozilla/5.0 (Linux; Android 7.0;) AppleWebKit/537.36 (KHTML, like Gecko) Mobile Safari/537.36 (compatible; PetalBot;+https://webmaster.petalsearch.com/site/petalbot)" "-"
114.119.149.0 - - [17/Jan/2023:01:02:35 +0100] "GET /irepository/img/attachedimage/thumbnail/tanjameh-1664735210-194766567--120--.webp HTTP/1.1" 200 2010 www.tanjameh.com "https://www.tanjameh.com/iweb/index.php?part=Product&page=Type&ProductType=Jackets&BrandName=River%20Island%20Plus" "Mozilla/5.0 (Linux; Android 7.0;) AppleWebKit/537.36 (KHTML, like Gecko) Mobile Safari/537.36 (compatible; PetalBot;+https://webmaster.petalsearch.com/site/petalbot)" "-"
114.119.146.0 - - [17/Jan/2023:01:02:43 +0100] "GET /iweb/index.php?part=Product&page=Size&Size=W30S HTTP/1.1" 302 260 tanjameh.com "http://tanjameh.com/iweb/index.php?part=Brand&page=Size" "Mozilla/5.0 (Linux; Android 7.0;) AppleWebKit/537.36 (KHTML, like Gecko) Mobile Safari/537.36 (compatible; PetalBot;+https://webmaster.petalsearch.com/site/petalbot)" "-"
114.119.146.0 - - [17/Jan/2023:01:02:47 +0100] "GET /iweb/index.php?part=Product&page=Size&Size=W30S HTTP/1.1" 200 8622 tanjameh.com "http://tanjameh.com/iweb/index.php?part=Brand&page=Size" "Mozilla/5.0 (Linux; Android 7.0;) AppleWebKit/537.36 (KHTML, like Gecko) Mobile Safari/537.36 (compatible; PetalBot;+https://webmaster.petalsearch.com/site/petalbot)" "-"
114.119.145.0 - - [17/Jan/2023:01:03:04 +0100] "GET /iweb/index.php?part=Product&page=Size&Size=40DD HTTP/1.1" 302 260 tanjameh.com "http://tanjameh.com/iweb/index.php?part=Brand&page=Size" "Mozilla/5.0 (Linux; Android 7.0;) AppleWebKit/537.36 (KHTML, like Gecko) Mobile Safari/537.36 (compatible; PetalBot;+https://webmaster.petalsearch.com/site/petalbot)" "-"
114.119.145.0 - - [17/Jan/2023:01:03:18 +0100] "GET /iweb/index.php?part=Product&page=Size&Size=40DD HTTP/1.1" 200 6537 tanjameh.com "http://tanjameh.com/iweb/index.php?part=Brand&page=Size" "Mozilla/5.0 (Linux; Android 7.0;) AppleWebKit/537.36 (KHTML, like Gecko) Mobile Safari/537.36 (compatible; PetalBot;+https://webmaster.petalsearch.com/site/petalbot)" "-"
114.119.158.0 - - [17/Jan/2023:01:03:29 +0100] "GET /iweb/?part=Product&page=Type&ProductType=Sweatshirts&Color=SPRING%20LAKE HTTP/1.1" 302 7144 www.tanjameh.com "https://www.tanjameh.com/iweb/?part=Product&page=Type&ProductType=Sweatshirts" "Mozilla/5.0 (Linux; Android 7.0;) AppleWebKit/537.36 (KHTML, like Gecko) Mobile Safari/537.36 (compatible; PetalBot;+https://webmaster.petalsearch.com/site/petalbot)" "-"
114.119.136.0 - - [17/Jan/2023:01:03:50 +0100] "GET /iwwtheme/img/products/tanjameh-fashion-haoma_637507178033682206_405.jpeg HTTP/1.1" 301 304 www.tanjameh.com "https://www.tanjameh.com/fa/women-nightgowns-underwear.html" "Mozilla/5.0 (Linux; Android 7.0;) AppleWebKit/537.36 (KHTML, like Gecko) Mobile Safari/537.36 (compatible; PetalBot;+https://webmaster.petalsearch.com/site/petalbot)" "-"
114.119.136.0 - - [17/Jan/2023:01:03:51 +0100] "GET /iwtheme/img/products/tanjameh-fashion-haoma_637507178033682206_405.jpeg HTTP/1.1" 404 626 www.tanjameh.com "https://www.tanjameh.com/fa/women-nightgowns-underwear.html" "Mozilla/5.0 (Linux; Android 7.0;) AppleWebKit/537.36 (KHTML, like Gecko) Mobile Safari/537.36 (compatible; PetalBot;+https://webmaster.petalsearch.com/site/petalbot)" "-"
114.119.161.0 - - [17/Jan/2023:01:04:16 +0100] "GET /iweb/index.php?part=Product&page=Size&Size=36C HTTP/1.1" 200 6540 www.tanjameh.com "http://www.tanjameh.com/iweb/index.php?part=Brand&page=Size" "Mozilla/5.0 (Linux; Android 7.0;) AppleWebKit/537.36 (KHTML, like Gecko) Mobile Safari/537.36 (compatible; PetalBot;+https://webmaster.petalsearch.com/site/petalbot)" "-"
114.119.153.0 - - [17/Jan/2023:01:05:02 +0100] "GET /iweb/index.php?Gender=Men&Category=Sportswear&pagein=333 HTTP/1.1" 200 33862 www.tanjameh.com "https://www.tanjameh.com/iweb/index.php?Gender=Men&Category=Sportswear&pagein=191" "Mozilla/5.0 (Linux; Android 7.0;) AppleWebKit/537.36 (KHTML, like Gecko) Mobile Safari/537.36 (compatible; PetalBot;+https://webmaster.petalsearch.com/site/petalbot)" "-"
114.119.144.0 - - [17/Jan/2023:01:05:27 +0100] "GET /iweb/?Gender=sale&Category=men&pagein=79 HTTP/1.1" 200 33948 www.tanjameh.com "https://www.tanjameh.com/iweb/?Gender=sale&Category=men&pagein=300" "Mozilla/5.0 (Linux; Android 7.0;) AppleWebKit/537.36 (KHTML, like Gecko) Mobile Safari/537.36 (compatible; PetalBot;+https://webmaster.petalsearch.com/site/petalbot)" "-"
114.119.158.0 - - [17/Jan/2023:01:05:42 +0100] "GET /iweb/?Gender=Men&Category=Sale&pagein=92&Size=XL HTTP/1.1" 200 22775 www.tanjameh.com "https://www.tanjameh.com/iweb/?Gender=Men&Category=Sale&pagein=35&Size=XL" "Mozilla/5.0 (Linux; Android 7.0;) AppleWebKit/537.36 (KHTML, like Gecko) Mobile Safari/537.36 (compatible; PetalBot;+https://webmaster.petalsearch.com/site/petalbot)" "-"
114.119.145.0 - - [17/Jan/2023:01:05:56 +0100] "GET /iweb/?part=Product&page=Size&Size=S&pagein=202 HTTP/1.1" 302 28654 www.tanjameh.com "https://www.tanjameh.com/iweb/?part=Product&page=Size&Size=S&pagein=209" "Mozilla/5.0 (Linux; Android 7.0;) AppleWebKit/537.36 (KHTML, like Gecko) Mobile Safari/537.36 (compatible; PetalBot;+https://webmaster.petalsearch.com/site/petalbot)" "-"
207.46.13.0 - - [17/Jan/2023:01:06:01 +0100] "GET /product?title=ZA128966-ccE HTTP/1.1" 404 626 www.tanjameh.com "-" "Mozilla/5.0 AppleWebKit/537.36 (KHTML, like Gecko; compatible; bingbot/2.0; +http://www.bing.com/bingbot.htm) Chrome/103.0.5060.134 Safari/537.36" "-"
114.119.149.0 - - [17/Jan/2023:01:06:22 +0100] "GET /iweb/?Gender=Men&Category=Sale&pagein=278 HTTP/1.1" 200 34091 www.tanjameh.com "https://www.tanjameh.com/iweb/?Gender=Men&Category=Sale&pagein=99" "Mozilla/5.0 (Linux; Android 7.0;) AppleWebKit/537.36 (KHTML, like Gecko) Mobile Safari/537.36 (compatible; PetalBot;+https://webmaster.petalsearch.com/site/petalbot)" "-"
207.46.13.0 - - [17/Jan/2023:01:06:33 +0100] "GET /product?title=ZA458054-ttD HTTP/1.1" 404 626 www.tanjameh.com "-" "Mozilla/5.0 AppleWebKit/537.36 (KHTML, like Gecko; compatible; bingbot/2.0; +http://www.bing.com/bingbot.htm) Chrome/103.0.5060.134 Safari/537.36" "-"
114.119.159.0 - - [17/Jan/2023:01:07:42 +0100] "GET /irepository/img/attachedimage/thumbnail/tanjameh-1671097564-1500477098--314--.webp HTTP/1.1" 200 6176 www.tanjameh.com "https://www.tanjameh.com/iweb/?part=Product&page=Size&Size=5S" "Mozilla/5.0 (Linux; Android 7.0;) AppleWebKit/537.36 (KHTML, like Gecko) Mobile Safari/537.36 (compatible; PetalBot;+https://webmaster.petalsearch.com/site/petalbot)" "-"
114.119.151.0 - - [17/Jan/2023:01:07:54 +0100] "GET /iweb/index.php?part=Product&page=Size&Size=W29%20L30&Color=Washed%20Black HTTP/1.1" 200 7057 tanjameh.com "https://tanjameh.com/iweb/index.php?part=Product&page=Size&Size=W29%20L30" "Mozilla/5.0 (Linux; Android 7.0;) AppleWebKit/537.36 (KHTML, like Gecko) Mobile Safari/537.36 (compatible; PetalBot;+https://webmaster.petalsearch.com/site/petalbot)" "-"
114.119.156.0 - - [17/Jan/2023:01:08:19 +0100] "GET /iwwtheme/img/products/-_637501068490179344_405.jpeg HTTP/1.1" 301 283 www.tanjameh.com "https://www.tanjameh.com/fa/men-sweatshirts-pullovers.html" "Mozilla/5.0 (Linux; Android 7.0;) AppleWebKit/537.36 (KHTML, like Gecko) Mobile Safari/537.36 (compatible; PetalBot;+https://webmaster.petalsearch.com/site/petalbot)" "-"
114.119.156.0 - - [17/Jan/2023:01:08:20 +0100] "GET /iwtheme/img/products/-_637501068490179344_405.jpeg HTTP/1.1" 404 626 www.tanjameh.com "https://www.tanjameh.com/fa/men-sweatshirts-pullovers.html" "Mozilla/5.0 (Linux; Android 7.0;) AppleWebKit/537.36 (KHTML, like Gecko) Mobile Safari/537.36 (compatible; PetalBot;+https://webmaster.petalsearch.com/site/petalbot)" "-"
114.119.162.0 - - [17/Jan/2023:01:08:25 +0100] "GET /iweb/index.php?Gender=Men&Category=Shoes&pagein=160 HTTP/1.1" 200 34128 tanjameh.com "https://tanjameh.com/iweb/index.php?Gender=Men&Category=Shoes&pagein=327" "Mozilla/5.0 (Linux; Android 7.0;) AppleWebKit/537.36 (KHTML, like Gecko) Mobile Safari/537.36 (compatible; PetalBot;+https://webmaster.petalsearch.com/site/petalbot)" "-"
114.119.143.0 - - [17/Jan/2023:01:08:42 +0100] "GET /iweb/index.php?part=Product&page=Size&Size=W30%20L34 HTTP/1.1" 200 11121 www.tanjameh.com "http://www.tanjameh.com/iweb/index.php?part=Brand&page=Size" "Mozilla/5.0 (Linux; Android 7.0;) AppleWebKit/537.36 (KHTML, like Gecko) Mobile Safari/537.36 (compatible; PetalBot;+https://webmaster.petalsearch.com/site/petalbot)" "-"
114.119.155.0 - - [17/Jan/2023:01:08:59 +0100] "GET /iweb/index.php?part=Product&page=Brand&CatId=50215&BrandName=dame HTTP/1.1" 200 6542 www.tanjameh.com "https://www.tanjameh.com/iweb/index.php?part=Brand&page=Brands" "Mozilla/5.0 (Linux; Android 7.0;) AppleWebKit/537.36 (KHTML, like Gecko) Mobile Safari/537.36 (compatible; PetalBot;+https://webmaster.petalsearch.com/site/petalbot)" "-"
114.119.154.0 - - [17/Jan/2023:01:09:17 +0100] "GET /iweb/?part=Product&page=Type&ProductType=Trunks&pagein=3 HTTP/1.1" 302 9410 www.tanjameh.com "https://www.tanjameh.com/iweb/?part=Product&page=Type&ProductType=Trunks" "Mozilla/5.0 (Linux; Android 7.0;) AppleWebKit/537.36 (KHTML, like Gecko) Mobile Safari/537.36 (compatible; PetalBot;+https://webmaster.petalsearch.com/site/petalbot)" "-"
114.119.147.0 - - [17/Jan/2023:01:10:03 +0100] "GET /iweb/?part=Product&page=Type&ProductType=Boxers HTTP/1.1" 200 9408 www.tanjameh.com "https://www.tanjameh.com/iweb/?part=Brand&page=Type" "Mozilla/5.0 (Linux; Android 7.0;) AppleWebKit/537.36 (KHTML, like Gecko) Mobile Safari/537.36 (compatible; PetalBot;+https://webmaster.petalsearch.com/site/petalbot)" "-"
114.119.132.0 - - [17/Jan/2023:01:10:20 +0100] "GET /iweb/?Gender=sale&Category=men&pagein=243 HTTP/1.1" 200 34104 www.tanjameh.com "https://www.tanjameh.com/iweb/?Gender=sale&Category=men&pagein=300" "Mozilla/5.0 (Linux; Android 7.0;) AppleWebKit/537.36 (KHTML, like Gecko) Mobile Safari/537.36 (compatible; PetalBot;+https://webmaster.petalsearch.com/site/petalbot)" "-"
114.119.136.0 - - [17/Jan/2023:01:10:36 +0100] "GET /iweb/?part=Product&page=Type&ProductType=T-shirts HTTP/1.1" 200 13275 www.tanjameh.com "https://www.tanjameh.com/iweb/?part=Brand&page=Type" "Mozilla/5.0 (Linux; Android 7.0;) AppleWebKit/537.36 (KHTML, like Gecko) Mobile Safari/537.36 (compatible; PetalBot;+https://webmaster.petalsearch.com/site/petalbot)" "-"
114.119.157.0 - - [17/Jan/2023:01:10:56 +0100] "GET /iweb/?Gender=Women&Category=shoes&pagein=168 HTTP/1.1" 200 34014 www.tanjameh.com "https://www.tanjameh.com/iweb/?Gender=Women&Category=shoes&pagein=262" "Mozilla/5.0 (Linux; Android 7.0;) AppleWebKit/537.36 (KHTML, like Gecko) Mobile Safari/537.36 (compatible; PetalBot;+https://webmaster.petalsearch.com/site/petalbot)" "-"
114.119.156.0 - - [17/Jan/2023:01:11:52 +0100] "GET /iweb/?Gender=Men&Category=plus-size&pagein=49 HTTP/1.1" 200 34015 www.tanjameh.com "https://www.tanjameh.com/iweb/?Gender=Men&Category=plus-size&pagein=216" "Mozilla/5.0 (Linux; Android 7.0;) AppleWebKit/537.36 (KHTML, like Gecko) Mobile Safari/537.36 (compatible; PetalBot;+https://webmaster.petalsearch.com/site/petalbot)" "-"
114.119.158.0 - - [17/Jan/2023:01:12:17 +0100] "GET /iweb/?Gender=Men&Category=Summer&pagein=190 HTTP/1.1" 200 34076 www.tanjameh.com "https://www.tanjameh.com/iweb/?Gender=Men&Category=Summer&pagein=227" "Mozilla/5.0 (Linux; Android 7.0;) AppleWebKit/537.36 (KHTML, like Gecko) Mobile Safari/537.36 (compatible; PetalBot;+https://webmaster.petalsearch.com/site/petalbot)" "-"
114.119.141.0 - - [17/Jan/2023:01:12:23 +0100] "GET /irepository/img/attachedimage/thumbnail/tanjameh-1659449505-2042068664--314--.webp HTTP/1.1" 200 4538 www.tanjameh.com "https://www.tanjameh.com/iweb/?part=Product&page=Size&Size=6XL&Color=WHITE" "Mozilla/5.0 (Linux; Android 7.0;) AppleWebKit/537.36 (KHTML, like Gecko) Mobile Safari/537.36 (compatible; PetalBot;+https://webmaster.petalsearch.com/site/petalbot)" "-"
114.119.153.0 - - [17/Jan/2023:01:13:17 +0100] "GET /iweb/index.php?part=Product&page=Type&ProductType=Lip%20Balms HTTP/1.1" 200 6551 www.tanjameh.com "http://www.tanjameh.com/iweb/index.php?part=Brand&page=Type" "Mozilla/5.0 (Linux; Android 7.0;) AppleWebKit/537.36 (KHTML, like Gecko) Mobile Safari/537.36 (compatible; PetalBot;+https://webmaster.petalsearch.com/site/petalbot)" "-"
114.119.132.0 - - [17/Jan/2023:01:13:40 +0100] "GET /irepository/img/attachedimage/thumbnail/tanjameh-1657827389-1366604774--670--.webp HTTP/1.1" 200 57312 www.tanjameh.com "https://www.tanjameh.com/iweb/index.php?Gender=men" "Mozilla/5.0 (Linux; Android 7.0;) AppleWebKit/537.36 (KHTML, like Gecko) Mobile Safari/537.36 (compatible; PetalBot;+https://webmaster.petalsearch.com/site/petalbot)" "-"
114.119.159.0 - - [17/Jan/2023:01:13:55 +0100] "GET /iweb/index.php?part=Product&page=Size&Size=XL%20Long&Color=ECRU HTTP/1.1" 200 7406 www.tanjameh.com "https://www.tanjameh.com/iweb/index.php?part=Product&page=Size&Size=XL%20Long" "Mozilla/5.0 (Linux; Android 7.0;) AppleWebKit/537.36 (KHTML, like Gecko) Mobile Safari/537.36 (compatible; PetalBot;+https://webmaster.petalsearch.com/site/petalbot)" "-"
114.119.148.0 - - [17/Jan/2023:01:14:11 +0100] "GET /iweb/?part=Product&page=Size&Size=36&BrandName=Pretty%20Green HTTP/1.1" 200 7154 www.tanjameh.com "https://www.tanjameh.com/iweb/?part=Product&page=Size&Size=36" "Mozilla/5.0 (Linux; Android 7.0;) AppleWebKit/537.36 (KHTML, like Gecko) Mobile Safari/537.36 (compatible; PetalBot;+https://webmaster.petalsearch.com/site/petalbot)" "-"
114.119.157.0 - - [17/Jan/2023:01:14:40 +0100] "GET /iweb/index.php?part=Product&page=Size&Size=36&Color=Trooper HTTP/1.1" 200 7019 tanjameh.com "https://tanjameh.com/iweb/index.php?part=Product&page=Size&Size=36" "Mozilla/5.0 (Linux; Android 7.0;) AppleWebKit/537.36 (KHTML, like Gecko) Mobile Safari/537.36 (compatible; PetalBot;+https://webmaster.petalsearch.com/site/petalbot)" "-"
114.119.141.0 - - [17/Jan/2023:01:14:51 +0100] "GET /iweb/index.php?part=Product&page=Size&Size=2XL&Color=Antique%20White HTTP/1.1" 200 7047 www.tanjameh.com "https://www.tanjameh.com/iweb/index.php?part=Product&page=Size&Size=2XL" "Mozilla/5.0 (Linux; Android 7.0;) AppleWebKit/537.36 (KHTML, like Gecko) Mobile Safari/537.36 (compatible; PetalBot;+https://webmaster.petalsearch.com/site/petalbot)" "-"
114.119.156.0 - - [17/Jan/2023:01:15:11 +0100] "GET /iweb/index.php?Gender=Women&Category=workwear&pagein=250 HTTP/1.1" 200 33997 tanjameh.com "https://tanjameh.com/iweb/index.php?Gender=Women&Category=workwear&pagein=254" "Mozilla/5.0 (Linux; Android 7.0;) AppleWebKit/537.36 (KHTML, like Gecko) Mobile Safari/537.36 (compatible; PetalBot;+https://webmaster.petalsearch.com/site/petalbot)" "-"
114.119.159.0 - - [17/Jan/2023:01:15:48 +0100] "GET /iweb/index.php?Gender=Men&Category=Sale&pagein=66&Size=M HTTP/1.1" 200 23377 tanjameh.com "https://tanjameh.com/iweb/index.php?Gender=Men&Category=Sale&pagein=100&Size=M" "Mozilla/5.0 (Linux; Android 7.0;) AppleWebKit/537.36 (KHTML, like Gecko) Mobile Safari/537.36 (compatible; PetalBot;+https://webmaster.petalsearch.com/site/petalbot)" "-"
114.119.135.0 - - [17/Jan/2023:01:16:10 +0100] "GET /iweb/index.php?Gender=Men&Category=Sale&pagein=13&Size=W32%20L30 HTTP/1.1" 200 12351 tanjameh.com "https://tanjameh.com/iweb/index.php?Gender=Men&Category=Sale&pagein=21&Size=W32%20L30" "Mozilla/5.0 (Linux; Android 7.0;) AppleWebKit/537.36 (KHTML, like Gecko) Mobile Safari/537.36 (compatible; PetalBot;+https://webmaster.petalsearch.com/site/petalbot)" "-"
114.119.156.0 - - [17/Jan/2023:01:16:34 +0100] "GET /iweb/index.php?Gender=Men&Category=Brands&pagein=19 HTTP/1.1" 200 34012 tanjameh.com "https://tanjameh.com/iweb/index.php?Gender=Men&Category=Brands&pagein=117" "Mozilla/5.0 (Linux; Android 7.0;) AppleWebKit/537.36 (KHTML, like Gecko) Mobile Safari/537.36 (compatible; PetalBot;+https://webmaster.petalsearch.com/site/petalbot)" "-"
114.119.136.0 - - [17/Jan/2023:01:17:07 +0100] "GET /iweb/?part=Product&page=Size&Size=W34%20L32&Color=Medium%20Blue%20Denim HTTP/1.1" 200 7201 tanjameh.com "https://tanjameh.com/iweb/?part=Product&page=Size&Size=W34%20L32" "Mozilla/5.0 (Linux; Android 7.0;) AppleWebKit/537.36 (KHTML, like Gecko) Mobile Safari/537.36 (compatible; PetalBot;+https://webmaster.petalsearch.com/site/petalbot)" "-"
114.119.156.0 - - [17/Jan/2023:01:17:33 +0100] "GET /iweb/?part=Product&page=Size&Size=W34%20L32&Color=High-rise HTTP/1.1" 200 7040 tanjameh.com "https://tanjameh.com/iweb/?part=Product&page=Size&Size=W34%20L32" "Mozilla/5.0 (Linux; Android 7.0;) AppleWebKit/537.36 (KHTML, like Gecko) Mobile Safari/537.36 (compatible; PetalBot;+https://webmaster.petalsearch.com/site/petalbot)" "-"
114.119.132.0 - - [17/Jan/2023:01:17:54 +0100] "GET /irepository/img/attachedimage/thumbnail/tanjameh-1656929936-956163886--120--.webp HTTP/1.1" 200 902 www.tanjameh.com "https://www.tanjameh.com/iweb/?part=Product&page=Type&ProductType=Shirts&Color=Dark%20Navy" "Mozilla/5.0 (Linux; Android 7.0;) AppleWebKit/537.36 (KHTML, like Gecko) Mobile Safari/537.36 (compatible; PetalBot;+https://webmaster.petalsearch.com/site/petalbot)" "-"
114.119.156.0 - - [17/Jan/2023:01:18:16 +0100] "GET /iweb/index.php?part=Product&page=Type&ProductType=Razors%20%26%20Blades HTTP/1.1" 200 7281 tanjameh.com "http://tanjameh.com/iweb/index.php?part=Brand&page=Type" "Mozilla/5.0 (Linux; Android 7.0;) AppleWebKit/537.36 (KHTML, like Gecko) Mobile Safari/537.36 (compatible; PetalBot;+https://webmaster.petalsearch.com/site/petalbot)" "-"
114.119.141.0 - - [17/Jan/2023:01:19:09 +0100] "GET /iweb/index.php?Gender=Men&Category=Face%20%2B%20Body&pagein=269 HTTP/1.1" 200 34057 tanjameh.com "https://tanjameh.com/iweb/index.php?Gender=Men&Category=Face%20%2B%20Body&pagein=110" "Mozilla/5.0 (Linux; Android 7.0;) AppleWebKit/537.36 (KHTML, like Gecko) Mobile Safari/537.36 (compatible; PetalBot;+https://webmaster.petalsearch.com/site/petalbot)" "-"
114.119.159.0 - - [17/Jan/2023:01:19:35 +0100] "GET /iweb/?Gender=Men&Category=Topman&pagein=302 HTTP/1.1" 200 34086 www.tanjameh.com "https://www.tanjameh.com/iweb/?Gender=Men&Category=Topman&pagein=191" "Mozilla/5.0 (Linux; Android 7.0;) AppleWebKit/537.36 (KHTML, like Gecko) Mobile Safari/537.36 (compatible; PetalBot;+https://webmaster.petalsearch.com/site/petalbot)" "-"
114.119.141.0 - - [17/Jan/2023:01:19:48 +0100] "GET /iweb/index.php?part=Product&page=Size&Size=UK%2011&BrandName=Ipanema HTTP/1.1" 200 7050 tanjameh.com "http://tanjameh.com/iweb/index.php?part=Product&page=Size&Size=UK%2011" "Mozilla/5.0 (Linux; Android 7.0;) AppleWebKit/537.36 (KHTML, like Gecko) Mobile Safari/537.36 (compatible; PetalBot;+https://webmaster.petalsearch.com/site/petalbot)" "-"
114.119.157.0 - - [17/Jan/2023:01:20:12 +0100] "GET /iweb/?Gender=Men&Category=%D8%AA%D8%A7%D8%A8%D8%B3%D8%AA%D8%A7%D9%86&pagein=176 HTTP/1.1" 200 33899 www.tanjameh.com "https://www.tanjameh.com/iweb/?Gender=Men&Category=%D8%AA%D8%A7%D8%A8%D8%B3%D8%AA%D8%A7%D9%86&pagein=326" "Mozilla/5.0 (Linux; Android 7.0;) AppleWebKit/537.36 (KHTML, like Gecko) Mobile Safari/537.36 (compatible; PetalBot;+https://webmaster.petalsearch.com/site/petalbot)" "-"
114.119.146.0 - - [17/Jan/2023:01:20:25 +0100] "GET /iweb/index.php?Gender=Women&Category=Sportswear&pagein=53 HTTP/1.1" 200 33941 tanjameh.com "https://tanjameh.com/iweb/index.php?Gender=Women&Category=Sportswear&pagein=250" "Mozilla/5.0 (Linux; Android 7.0;) AppleWebKit/537.36 (KHTML, like Gecko) Mobile Safari/537.36 (compatible; PetalBot;+https://webmaster.petalsearch.com/site/petalbot)" "-"
114.119.134.0 - - [17/Jan/2023:01:20:58 +0100] "GET /iweb/index.php?Gender=Women&Category=Sportswear&pagein=106 HTTP/1.1" 200 33980 tanjameh.com "https://tanjameh.com/iweb/index.php?Gender=Women&Category=Sportswear&pagein=250" "Mozilla/5.0 (Linux; Android 7.0;) AppleWebKit/537.36 (KHTML, like Gecko) Mobile Safari/537.36 (compatible; PetalBot;+https://webmaster.petalsearch.com/site/petalbot)" "-"
114.119.150.0 - - [17/Jan/2023:01:22:04 +0100] "GET /iweb/?Gender=Men&Category=Sale&pagein=105&Size=XS HTTP/1.1" 200 20887 www.tanjameh.com "https://www.tanjameh.com/iweb/?Gender=Men&Category=Sale&pagein=77&Size=XS" "Mozilla/5.0 (Linux; Android 7.0;) AppleWebKit/537.36 (KHTML, like Gecko) Mobile Safari/537.36 (compatible; PetalBot;+https://webmaster.petalsearch.com/site/petalbot)" "-"
114.119.141.0 - - [17/Jan/2023:01:22:09 +0100] "GET /iweb/?Gender=Men&Category=Sale&pagein=142&Size=L HTTP/1.1" 200 25327 www.tanjameh.com "https://www.tanjameh.com/iweb/?Gender=Men&Category=Sale&pagein=89&Size=L" "Mozilla/5.0 (Linux; Android 7.0;) AppleWebKit/537.36 (KHTML, like Gecko) Mobile Safari/537.36 (compatible; PetalBot;+https://webmaster.petalsearch.com/site/petalbot)" "-"
114.119.142.0 - - [17/Jan/2023:01:22:35 +0100] "GET /iweb/?part=Product&page=Type&Size=W40 HTTP/1.1" 200 6493 tanjameh.com "https://tanjameh.com/iweb/?part=Product&page=Size&Size=W40" "Mozilla/5.0 (Linux; Android 7.0;) AppleWebKit/537.36 (KHTML, like Gecko) Mobile Safari/537.36 (compatible; PetalBot;+https://webmaster.petalsearch.com/site/petalbot)" "-"
114.119.158.0 - - [17/Jan/2023:01:23:07 +0100] "GET /iweb/?part=Product&page=Size&Size=W48%20L32 HTTP/1.1" 200 9390 tanjameh.com "http://tanjameh.com/iweb/?part=Brand&page=Size" "Mozilla/5.0 (Linux; Android 7.0;) AppleWebKit/537.36 (KHTML, like Gecko) Mobile Safari/537.36 (compatible; PetalBot;+https://webmaster.petalsearch.com/site/petalbot)" "-"
114.119.133.0 - - [17/Jan/2023:01:23:22 +0100] "GET /iweb/index.php?Gender=Men&Category=SALE:%20NEW%20STYLES%20ADDED&pagein=48 HTTP/1.1" 200 33936 www.tanjameh.com "https://www.tanjameh.com/iweb/index.php?Gender=Men&Category=SALE%3A%20NEW%20STYLES%20ADDED&pagein=273" "Mozilla/5.0 (Linux; Android 7.0;) AppleWebKit/537.36 (KHTML, like Gecko) Mobile Safari/537.36 (compatible; PetalBot;+https://webmaster.petalsearch.com/site/petalbot)" "-"
114.119.149.0 - - [17/Jan/2023:01:23:41 +0100] "GET /iweb/index.php?Gender=Men&Category=plus-size&pagein=317 HTTP/1.1" 200 33865 tanjameh.com "https://tanjameh.com/iweb/index.php?Gender=Men&Category=plus-size&pagein=107" "Mozilla/5.0 (Linux; Android 7.0;) AppleWebKit/537.36 (KHTML, like Gecko) Mobile Safari/537.36 (compatible; PetalBot;+https://webmaster.petalsearch.com/site/petalbot)" "-"
40.77.167.0 - - [17/Jan/2023:01:24:36 +0100] "GET /iweb/index.php?gender=sale HTTP/1.1" 200 9950 tanjameh.com "-" "Mozilla/5.0 AppleWebKit/537.36 (KHTML, like Gecko; compatible; bingbot/2.0; +http://www.bing.com/bingbot.htm) Chrome/103.0.5060.134 Safari/537.36" "-"
114.119.149.0 - - [17/Jan/2023:01:24:43 +0100] "GET /iweb/?part=Product&page=Size&Size=UK8%20L34 HTTP/1.1" 200 6541 tanjameh.com "http://tanjameh.com/iweb/?part=Brand&page=Size" "Mozilla/5.0 (Linux; Android 7.0;) AppleWebKit/537.36 (KHTML, like Gecko) Mobile Safari/537.36 (compatible; PetalBot;+https://webmaster.petalsearch.com/site/petalbot)" "-"
114.119.137.0 - - [17/Jan/2023:01:25:12 +0100] "GET /iweb/index.php?Gender=Men&Category=Clothing&pagein=102 HTTP/1.1" 200 34008 www.tanjameh.com "https://www.tanjameh.com/iweb/index.php?Gender=Men&Category=Clothing&pagein=246" "Mozilla/5.0 (Linux; Android 7.0;) AppleWebKit/537.36 (KHTML, like Gecko) Mobile Safari/537.36 (compatible; PetalBot;+https://webmaster.petalsearch.com/site/petalbot)" "-"
114.119.132.0 - - [17/Jan/2023:01:25:19 +0100] "GET /iweb/?part=Product&page=Size&Size=UK%2011&Color=Green HTTP/1.1" 200 9421 www.tanjameh.com "https://www.tanjameh.com/iweb/?part=Product&page=Size&Size=UK%2011" "Mozilla/5.0 (Linux; Android 7.0;) AppleWebKit/537.36 (KHTML, like Gecko) Mobile Safari/537.36 (compatible; PetalBot;+https://webmaster.petalsearch.com/site/petalbot)" "-"
114.119.142.0 - - [17/Jan/2023:01:25:34 +0100] "GET /iweb/?Gender=sale&Category=men&pagein=321 HTTP/1.1" 200 33762 www.tanjameh.com "https://www.tanjameh.com/iweb/?Gender=sale&Category=men&pagein=300" "Mozilla/5.0 (Linux; Android 7.0;) AppleWebKit/537.36 (KHTML, like Gecko) Mobile Safari/537.36 (compatible; PetalBot;+https://webmaster.petalsearch.com/site/petalbot)" "-"
114.119.152.0 - - [17/Jan/2023:01:25:55 +0100] "GET /iweb/?Gender=Men&Category=shirts&pagein=147 HTTP/1.1" 200 34087 www.tanjameh.com "https://www.tanjameh.com/iweb/?Gender=Men&Category=shirts&pagein=328" "Mozilla/5.0 (Linux; Android 7.0;) AppleWebKit/537.36 (KHTML, like Gecko) Mobile Safari/537.36 (compatible; PetalBot;+https://webmaster.petalsearch.com/site/petalbot)" "-"
114.119.156.0 - - [17/Jan/2023:01:26:16 +0100] "GET /iweb/index.php?part=Product&page=Type&ProductType=Trainers&Size=UK%205 HTTP/1.1" 200 10678 tanjameh.com "https://tanjameh.com/iweb/index.php?part=Product&page=Type&ProductType=Trainers" "Mozilla/5.0 (Linux; Android 7.0;) AppleWebKit/537.36 (KHTML, like Gecko) Mobile Safari/537.36 (compatible; PetalBot;+https://webmaster.petalsearch.com/site/petalbot)" "-"
114.119.131.0 - - [17/Jan/2023:01:26:55 +0100] "GET /iweb/index.php?part=Product&page=Size&Size=Chest%2036%20Short HTTP/1.1" 200 9596 www.tanjameh.com "http://www.tanjameh.com/iweb/index.php?part=Brand&page=Size" "Mozilla/5.0 (Linux; Android 7.0;) AppleWebKit/537.36 (KHTML, like Gecko) Mobile Safari/537.36 (compatible; PetalBot;+https://webmaster.petalsearch.com/site/petalbot)" "-"
157.55.39.0 - - [17/Jan/2023:01:27:07 +0100] "GET /product?title=ZA135133-pLF HTTP/1.1" 404 626 tanjameh.com "-" "Mozilla/5.0 (compatible; bingbot/2.0; +http://www.bing.com/bingbot.htm)" "-"
114.119.157.0 - - [17/Jan/2023:01:27:19 +0100] "GET /iweb/index.php?part=Product&page=Brand&CatId=6139&BrandName=whistles HTTP/1.1" 200 6547 www.tanjameh.com "https://www.tanjameh.com/iweb/index.php?part=Brand&page=Brands" "Mozilla/5.0 (Linux; Android 7.0;) AppleWebKit/537.36 (KHTML, like Gecko) Mobile Safari/537.36 (compatible; PetalBot;+https://webmaster.petalsearch.com/site/petalbot)" "-"
114.119.130.0 - - [17/Jan/2023:01:27:40 +0100] "GET /iweb/index.php?Gender=%D9%85%D8%B1%D8%AF%D8%A7%D9%86%D9%87&Category=Outlet&pagein=332 HTTP/1.1" 302 34181 www.tanjameh.com "https://www.tanjameh.com/iweb/index.php?Gender=%D9%85%D8%B1%D8%AF%D8%A7%D9%86%D9%87&Category=Outlet&pagein=80" "Mozilla/5.0 (Linux; Android 7.0;) AppleWebKit/537.36 (KHTML, like Gecko) Mobile Safari/537.36 (compatible; PetalBot;+https://webmaster.petalsearch.com/site/petalbot)" "-"
114.119.135.0 - - [17/Jan/2023:01:28:00 +0100] "GET /iweb/index.php?part=Product&page=Size&Size=S&Type=Bags HTTP/1.1" 200 28500 tanjameh.com "https://tanjameh.com/iweb/index.php?part=Product&page=Size&Size=S&Type=Loungewear%20Sets" "Mozilla/5.0 (Linux; Android 7.0;) AppleWebKit/537.36 (KHTML, like Gecko) Mobile Safari/537.36 (compatible; PetalBot;+https://webmaster.petalsearch.com/site/petalbot)" "-"
114.119.135.0 - - [17/Jan/2023:01:28:38 +0100] "GET /iweb/?part=Product&page=Size&Size=XL&pagein=192 HTTP/1.1" 200 22227 tanjameh.com "https://tanjameh.com/iweb/?part=Product&page=Size&Size=XL&pagein=172" "Mozilla/5.0 (Linux; Android 7.0;) AppleWebKit/537.36 (KHTML, like Gecko) Mobile Safari/537.36 (compatible; PetalBot;+https://webmaster.petalsearch.com/site/petalbot)" "-"
114.119.138.0 - - [17/Jan/2023:01:29:00 +0100] "GET /iweb/index.php?Gender=Men&Category=New%20in&pagein=9 HTTP/1.1" 200 33972 tanjameh.com "https://tanjameh.com/iweb/index.php?Gender=Men&Category=New%20in&pagein=266" "Mozilla/5.0 (Linux; Android 7.0;) AppleWebKit/537.36 (KHTML, like Gecko) Mobile Safari/537.36 (compatible; PetalBot;+https://webmaster.petalsearch.com/site/petalbot)" "-"
114.119.148.0 - - [17/Jan/2023:01:29:20 +0100] "GET /iweb/?part=Product&page=Size&Size=S&Color=CORAL HTTP/1.1" 200 6538 tanjameh.com "http://tanjameh.com/iweb/?part=Product&page=Size&Size=S" "Mozilla/5.0 (Linux; Android 7.0;) AppleWebKit/537.36 (KHTML, like Gecko) Mobile Safari/537.36 (compatible; PetalBot;+https://webmaster.petalsearch.com/site/petalbot)" "-"
114.119.132.0 - - [17/Jan/2023:01:29:47 +0100] "GET /iweb/?part=Product&page=Size&Size=2XL&Color=Dove HTTP/1.1" 200 7016 tanjameh.com "http://tanjameh.com/iweb/?part=Product&page=Size&Size=2XL" "Mozilla/5.0 (Linux; Android 7.0;) AppleWebKit/537.36 (KHTML, like Gecko) Mobile Safari/537.36 (compatible; PetalBot;+https://webmaster.petalsearch.com/site/petalbot)" "-"
114.119.155.0 - - [17/Jan/2023:01:30:51 +0100] "GET /iweb/index.php?part=Product&page=Type&ProductType=Trainers&Color=crystal%20white/s HTTP/1.1" 302 7210 www.tanjameh.com "https://www.tanjameh.com/iweb/index.php?part=Product&page=Type&ProductType=Trainers" "Mozilla/5.0 (Linux; Android 7.0;) AppleWebKit/537.36 (KHTML, like Gecko) Mobile Safari/537.36 (compatible; PetalBot;+https://webmaster.petalsearch.com/site/petalbot)" "-"
114.119.156.0 - - [17/Jan/2023:01:31:08 +0100] "GET /iweb/?Gender=Men&Category=Sale&Size=S&pagein=148 HTTP/1.1" 200 28881 www.tanjameh.com "https://www.tanjameh.com/iweb/?Gender=Men&Category=Sale&Size=S&pagein=325" "Mozilla/5.0 (Linux; Android 7.0;) AppleWebKit/537.36 (KHTML, like Gecko) Mobile Safari/537.36 (compatible; PetalBot;+https://webmaster.petalsearch.com/site/petalbot)" "-"
114.119.130.0 - - [17/Jan/2023:01:31:34 +0100] "GET /iweb/?Gender=Men&Category=Sale&pagein=100&Size=S HTTP/1.1" 200 28945 www.tanjameh.com "https://www.tanjameh.com/iweb/?Gender=Men&Category=Sale&pagein=54&Size=S" "Mozilla/5.0 (Linux; Android 7.0;) AppleWebKit/537.36 (KHTML, like Gecko) Mobile Safari/537.36 (compatible; PetalBot;+https://webmaster.petalsearch.com/site/petalbot)" "-"
114.119.158.0 - - [17/Jan/2023:01:31:44 +0100] "GET /iweb/index.php?Gender=Men&Category=Tailoring&pagein=216 HTTP/1.1" 200 33968 tanjameh.com "https://tanjameh.com/iweb/index.php?Gender=Men&Category=Tailoring&pagein=185" "Mozilla/5.0 (Linux; Android 7.0;) AppleWebKit/537.36 (KHTML, like Gecko) Mobile Safari/537.36 (compatible; PetalBot;+https://webmaster.petalsearch.com/site/petalbot)" "-"
114.119.147.0 - - [17/Jan/2023:01:32:20 +0100] "GET /iweb/?part=Product&page=Size&Size=2XL&Color=Black/Metalsilver HTTP/1.1" 200 7031 tanjameh.com "http://tanjameh.com/iweb/?part=Product&page=Size&Size=2XL" "Mozilla/5.0 (Linux; Android 7.0;) AppleWebKit/537.36 (KHTML, like Gecko) Mobile Safari/537.36 (compatible; PetalBot;+https://webmaster.petalsearch.com/site/petalbot)" "-"
114.119.145.0 - - [17/Jan/2023:01:32:28 +0100] "GET /iweb/index.php?part=Product&page=Size&Size=No%20Size&Type=Grooming%20Sets HTTP/1.1" 302 14693 www.tanjameh.com "https://www.tanjameh.com/iweb/index.php?part=Product&page=Size&Size=No%20Size&Type=Hair%20Clips" "Mozilla/5.0 (Linux; Android 7.0;) AppleWebKit/537.36 (KHTML, like Gecko) Mobile Safari/537.36 (compatible; PetalBot;+https://webmaster.petalsearch.com/site/petalbot)" "-"
207.46.13.0 - - [17/Jan/2023:01:32:41 +0100] "GET /product?title=ZA176446-THt HTTP/1.1" 404 626 www.tanjameh.com "-" "Mozilla/5.0 AppleWebKit/537.36 (KHTML, like Gecko; compatible; bingbot/2.0; +http://www.bing.com/bingbot.htm) Chrome/103.0.5060.134 Safari/537.36" "-"
114.119.138.0 - - [17/Jan/2023:01:32:45 +0100] "GET /iweb/index.php?Gender=Men&Category=Shoes&pagein=110 HTTP/1.1" 200 34015 tanjameh.com "https://tanjameh.com/iweb/index.php?Gender=Men&Category=Shoes&pagein=327" "Mozilla/5.0 (Linux; Android 7.0;) AppleWebKit/537.36 (KHTML, like Gecko) Mobile Safari/537.36 (compatible; PetalBot;+https://webmaster.petalsearch.com/site/petalbot)" "-"
114.119.148.0 - - [17/Jan/2023:01:33:02 +0100] "GET /iweb/?part=Product&page=Brand&CatId=20016&BrandName=totes HTTP/1.1" 200 6533 tanjameh.com "https://tanjameh.com/iweb/?part=Brand&page=Brands" "Mozilla/5.0 (Linux; Android 7.0;) AppleWebKit/537.36 (KHTML, like Gecko) Mobile Safari/537.36 (compatible; PetalBot;+https://webmaster.petalsearch.com/site/petalbot)" "-"
157.55.39.0 - - [17/Jan/2023:01:33:14 +0100] "GET /iweb/index.php?gender=women&category=dresses HTTP/1.1" 200 10023 tanjameh.com "-" "Mozilla/5.0 AppleWebKit/537.36 (KHTML, like Gecko; compatible; bingbot/2.0; +http://www.bing.com/bingbot.htm) Chrome/103.0.5060.134 Safari/537.36" "-"
114.119.142.0 - - [17/Jan/2023:01:33:46 +0100] "GET /irepository/img/attachedimage/thumbnail/tanjameh-1671253026-1781072057--314--.webp HTTP/1.1" 200 10256 www.tanjameh.com "https://www.tanjameh.com/iweb/?part=Product&page=Size&Size=S&Color=ACTIVE%20PIN" "Mozilla/5.0 (Linux; Android 7.0;) AppleWebKit/537.36 (KHTML, like Gecko) Mobile Safari/537.36 (compatible; PetalBot;+https://webmaster.petalsearch.com/site/petalbot)" "-"
114.119.129.0 - - [17/Jan/2023:01:34:11 +0100] "GET /iweb/index.php?Gender=women&Category=Accessories&pagein=176 HTTP/1.1" 200 33947 tanjameh.com "https://tanjameh.com/iweb/index.php?Gender=women&Category=Accessories&pagein=299" "Mozilla/5.0 (Linux; Android 7.0;) AppleWebKit/537.36 (KHTML, like Gecko) Mobile Safari/537.36 (compatible; PetalBot;+https://webmaster.petalsearch.com/site/petalbot)" "-"
207.46.13.0 - - [17/Jan/2023:01:34:32 +0100] "GET /product?title=ZA164156-v2k HTTP/1.1" 404 626 tanjameh.com "-" "Mozilla/5.0 (compatible; bingbot/2.0; +http://www.bing.com/bingbot.htm)" "-"
114.119.156.0 - - [17/Jan/2023:01:34:32 +0100] "GET /iweb/index.php?Gender=Men&Category=Summer&pagein=31 HTTP/1.1" 200 33871 www.tanjameh.com "https://www.tanjameh.com/iweb/index.php?Gender=Men&Category=Summer&pagein=325" "Mozilla/5.0 (Linux; Android 7.0;) AppleWebKit/537.36 (KHTML, like Gecko) Mobile Safari/537.36 (compatible; PetalBot;+https://webmaster.petalsearch.com/site/petalbot)" "-"
40.77.167.0 - - [17/Jan/2023:01:35:06 +0100] "GET /product?title=ZA176446-HBL HTTP/1.1" 404 626 www.tanjameh.com "-" "Mozilla/5.0 (compatible; bingbot/2.0; +http://www.bing.com/bingbot.htm)" "-"
114.119.139.0 - - [17/Jan/2023:01:35:09 +0100] "GET /iweb/index.php?Gender=Men&Category=Sale&pagein=207 HTTP/1.1" 200 34040 tanjameh.com "https://tanjameh.com/iweb/index.php?Gender=Men&Category=Sale&pagein=9" "Mozilla/5.0 (Linux; Android 7.0;) AppleWebKit/537.36 (KHTML, like Gecko) Mobile Safari/537.36 (compatible; PetalBot;+https://webmaster.petalsearch.com/site/petalbot)" "-"
114.119.156.0 - - [17/Jan/2023:01:35:30 +0100] "GET /iweb/?Gender=women&Category=Clothing&pagein=196 HTTP/1.1" 200 34024 tanjameh.com "https://tanjameh.com/iweb/?Gender=women&Category=Clothing&pagein=227" "Mozilla/5.0 (Linux; Android 7.0;) AppleWebKit/537.36 (KHTML, like Gecko) Mobile Safari/537.36 (compatible; PetalBot;+https://webmaster.petalsearch.com/site/petalbot)" "-"
114.119.143.0 - - [17/Jan/2023:01:36:18 +0100] "GET /iweb/?Gender=men&Category=bags&pagein=32 HTTP/1.1" 200 33947 tanjameh.com "https://tanjameh.com/iweb/?Gender=men&Category=bags&pagein=268" "Mozilla/5.0 (Linux; Android 7.0;) AppleWebKit/537.36 (KHTML, like Gecko) Mobile Safari/537.36 (compatible; PetalBot;+https://webmaster.petalsearch.com/site/petalbot)" "-"
114.119.147.0 - - [17/Jan/2023:01:36:26 +0100] "GET /iweb/index.php?Gender=%D9%85%D8%B1%D8%AF%D8%A7%D9%86%D9%87&Category=Outlet&pagein=385 HTTP/1.1" 200 34132 www.tanjameh.com "https://www.tanjameh.com/iweb/index.php?Gender=%D9%85%D8%B1%D8%AF%D8%A7%D9%86%D9%87&Category=Outlet&pagein=80" "Mozilla/5.0 (Linux; Android 7.0;) AppleWebKit/537.36 (KHTML, like Gecko) Mobile Safari/537.36 (compatible; PetalBot;+https://webmaster.petalsearch.com/site/petalbot)" "-"
114.119.135.0 - - [17/Jan/2023:01:36:36 +0100] "GET /iweb/?Gender=Men&Category=gifts&pagein=390 HTTP/1.1" 200 34056 tanjameh.com "https://tanjameh.com/iweb/?Gender=Men&Category=gifts&pagein=236" "Mozilla/5.0 (Linux; Android 7.0;) AppleWebKit/537.36 (KHTML, like Gecko) Mobile Safari/537.36 (compatible; PetalBot;+https://webmaster.petalsearch.com/site/petalbot)" "-"
114.119.146.0 - - [17/Jan/2023:01:36:57 +0100] "GET /iweb/?part=Product&page=Size&Size=Chest%2046&Color=Light%20Green HTTP/1.1" 200 7349 www.tanjameh.com "https://www.tanjameh.com/iweb/?part=Product&page=Size&Size=Chest%2046" "Mozilla/5.0 (Linux; Android 7.0;) AppleWebKit/537.36 (KHTML, like Gecko) Mobile Safari/537.36 (compatible; PetalBot;+https://webmaster.petalsearch.com/site/petalbot)" "-"
207.46.13.0 - - [17/Jan/2023:01:37:48 +0100] "GET /product?title=ZA177738-4Xk HTTP/1.1" 404 626 www.tanjameh.com "-" "Mozilla/5.0 AppleWebKit/537.36 (KHTML, like Gecko; compatible; bingbot/2.0; +http://www.bing.com/bingbot.htm) Chrome/103.0.5060.134 Safari/537.36" "-"
114.119.135.0 - - [17/Jan/2023:01:38:06 +0100] "GET /iweb/index.php?Gender=men&Category=Accessories&pagein=474 HTTP/1.1" 200 31271 tanjameh.com "https://tanjameh.com/iweb/index.php?Gender=men&Category=Accessories&pagein=43" "Mozilla/5.0 (Linux; Android 7.0;) AppleWebKit/537.36 (KHTML, like Gecko) Mobile Safari/537.36 (compatible; PetalBot;+https://webmaster.petalsearch.com/site/petalbot)" "-"
114.119.139.0 - - [17/Jan/2023:01:38:15 +0100] "GET /iweb/?Gender=Men&Category=accessories&pagein=4 HTTP/1.1" 200 33892 tanjameh.com "https://tanjameh.com/iweb/?Gender=Men&Category=accessories&pagein=362" "Mozilla/5.0 (Linux; Android 7.0;) AppleWebKit/537.36 (KHTML, like Gecko) Mobile Safari/537.36 (compatible; PetalBot;+https://webmaster.petalsearch.com/site/petalbot)" "-"
114.119.148.0 - - [17/Jan/2023:01:38:47 +0100] "GET /iweb/?Gender=Men&Category=Trending%20now&pagein=66 HTTP/1.1" 200 34163 tanjameh.com "https://tanjameh.com/iweb/?Gender=Men&Category=Trending%20now&pagein=272" "Mozilla/5.0 (Linux; Android 7.0;) AppleWebKit/537.36 (KHTML, like Gecko) Mobile Safari/537.36 (compatible; PetalBot;+https://webmaster.petalsearch.com/site/petalbot)" "-"
114.119.156.0 - - [17/Jan/2023:01:38:57 +0100] "GET /iweb/?Gender=Men&Category=Trending%20now&pagein=151 HTTP/1.1" 200 34132 tanjameh.com "https://tanjameh.com/iweb/?Gender=Men&Category=Trending%20now&pagein=272" "Mozilla/5.0 (Linux; Android 7.0;) AppleWebKit/537.36 (KHTML, like Gecko) Mobile Safari/537.36 (compatible; PetalBot;+https://webmaster.petalsearch.com/site/petalbot)" "-"
114.119.157.0 - - [17/Jan/2023:01:39:16 +0100] "GET /iweb/?Gender=Men&Category=plus-size&pagein=86 HTTP/1.1" 200 34089 www.tanjameh.com "https://www.tanjameh.com/iweb/?Gender=Men&Category=plus-size&pagein=216" "Mozilla/5.0 (Linux; Android 7.0;) AppleWebKit/537.36 (KHTML, like Gecko) Mobile Safari/537.36 (compatible; PetalBot;+https://webmaster.petalsearch.com/site/petalbot)" "-"
114.119.128.0 - - [17/Jan/2023:01:39:42 +0100] "GET /iweb/index.php?Gender=Men&Category=Shoes&pagein=6&Size=UK%206 HTTP/1.1" 200 13350 tanjameh.com "https://tanjameh.com/iweb/index.php?Gender=Men&Category=Shoes&pagein=136&Size=UK%206" "Mozilla/5.0 (Linux; Android 7.0;) AppleWebKit/537.36 (KHTML, like Gecko) Mobile Safari/537.36 (compatible; PetalBot;+https://webmaster.petalsearch.com/site/petalbot)" "-"
114.119.128.0 - - [17/Jan/2023:01:40:14 +0100] "GET /iweb/?Gender=Men&Category=Sportswear&pagein=33 HTTP/1.1" 200 33984 tanjameh.com "https://tanjameh.com/iweb/?Gender=Men&Category=Sportswear&pagein=58" "Mozilla/5.0 (Linux; Android 7.0;) AppleWebKit/537.36 (KHTML, like Gecko) Mobile Safari/537.36 (compatible; PetalBot;+https://webmaster.petalsearch.com/site/petalbot)" "-"
40.77.167.0 - - [17/Jan/2023:01:40:16 +0100] "GET / HTTP/1.1" 302 209 www.tanjameh.com "-" "Mozilla/5.0 (compatible; bingbot/2.0; +http://www.bing.com/bingbot.htm)" "-"
114.119.143.0 - - [17/Jan/2023:01:40:26 +0100] "GET /iweb/index.php?part=Product&page=Size&Size=5XL&Color=tan HTTP/1.1" 200 7307 www.tanjameh.com "https://www.tanjameh.com/iweb/index.php?part=Product&page=Size&Size=5XL" "Mozilla/5.0 (Linux; Android 7.0;) AppleWebKit/537.36 (KHTML, like Gecko) Mobile Safari/537.36 (compatible; PetalBot;+https://webmaster.petalsearch.com/site/petalbot)" "-"
114.119.138.0 - - [17/Jan/2023:01:40:47 +0100] "GET /iweb/index.php?Gender=Men&Category=Brands&pagein=272 HTTP/1.1" 200 34245 tanjameh.com "https://tanjameh.com/iweb/index.php?Gender=Men&Category=Brands&pagein=117" "Mozilla/5.0 (Linux; Android 7.0;) AppleWebKit/537.36 (KHTML, like Gecko) Mobile Safari/537.36 (compatible; PetalBot;+https://webmaster.petalsearch.com/site/petalbot)" "-"
114.119.140.0 - - [17/Jan/2023:01:41:05 +0100] "GET /irepository/img/attachedimage/thumbnail/tanjameh-1670705497-1205899697--314--.webp HTTP/1.1" 200 5256 www.tanjameh.com "https://www.tanjameh.com/iweb/?part=Product&page=Size&Size=XS&Color=Raindrops" "Mozilla/5.0 (Linux; Android 7.0;) AppleWebKit/537.36 (KHTML, like Gecko) Mobile Safari/537.36 (compatible; PetalBot;+https://webmaster.petalsearch.com/site/petalbot)" "-"
114.119.138.0 - - [17/Jan/2023:01:41:51 +0100] "GET /iweb/?Gender=Women&Category=shoes&Color=grey&Size=UK%205.5 HTTP/1.1" 200 8466 tanjameh.com "https://tanjameh.com/iweb/?Gender=Women&Category=shoes&Color=grey" "Mozilla/5.0 (Linux; Android 7.0;) AppleWebKit/537.36 (KHTML, like Gecko) Mobile Safari/537.36 (compatible; PetalBot;+https://webmaster.petalsearch.com/site/petalbot)" "-"
114.119.143.0 - - [17/Jan/2023:01:42:07 +0100] "GET /iweb/?Gender=Men&Category=Sportswear&pagein=11 HTTP/1.1" 200 33864 tanjameh.com "https://tanjameh.com/iweb/?Gender=Men&Category=Sportswear&pagein=58" "Mozilla/5.0 (Linux; Android 7.0;) AppleWebKit/537.36 (KHTML, like Gecko) Mobile Safari/537.36 (compatible; PetalBot;+https://webmaster.petalsearch.com/site/petalbot)" "-"
114.119.130.0 - - [17/Jan/2023:01:42:35 +0100] "GET /iweb/?Gender=Men&Category=shorts&pagein=30 HTTP/1.1" 200 33972 www.tanjameh.com "https://www.tanjameh.com/iweb/?Gender=Men&Category=shorts&pagein=197" "Mozilla/5.0 (Linux; Android 7.0;) AppleWebKit/537.36 (KHTML, like Gecko) Mobile Safari/537.36 (compatible; PetalBot;+https://webmaster.petalsearch.com/site/petalbot)" "-"
