114.119.132.0 - - [17/Jan/2023:00:00:03 +0100] "GET /iweb/index.php?part=Product&page=Size&Size=S&Color=Orange HTTP/1.1" 302 278 www.tanjameh.com "https://www.tanjameh.com/iweb/index.php?part=Product&page=Size&Size=S&Color=ORANGE" "Mozilla/5.0 (Linux; Android 7.0;) AppleWebKit/537.36 (KHTML, like Gecko) Mobile Safari/537.36 (compatible; PetalBot;+https://webmaster.petalsearch.com/site/petalbot)" "-"
114.119.132.0 - - [17/Jan/2023:00:00:05 +0100] "GET /iweb/index.php?part=Product&page=Size&Size=S&Color=Orange HTTP/1.1" 200 10118 www.tanjameh.com "https://www.tanjameh.com/iweb/index.php?part=Product&page=Size&Size=S&Color=ORANGE" "Mozilla/5.0 (Linux; Android 7.0;) AppleWebKit/537.36 (KHTML, like Gecko) Mobile Safari/537.36 (compatible; PetalBot;+https://webmaster.petalsearch.com/site/petalbot)" "-"
114.119.151.0 - - [17/Jan/2023:00:00:22 +0100] "GET /iweb/index.php?part=Product&page=Size&Size=UK%2011&Color=GREEN HTTP/1.1" 302 279 tanjameh.com "http://tanjameh.com/iweb/index.php?part=Product&page=Size&Size=UK%2011" "Mozilla/5.0 (Linux; Android 7.0;) AppleWebKit/537.36 (KHTML, like Gecko) Mobile Safari/537.36 (compatible; PetalBot;+https://webmaster.petalsearch.com/site/petalbot)" "-"
114.119.151.0 - - [17/Jan/2023:00:00:30 +0100] "GET /iweb/index.php?part=Product&page=Size&Size=UK%2011&Color=GREEN HTTP/1.1" 200 9434 tanjameh.com "http://tanjameh.com/iweb/index.php?part=Product&page=Size&Size=UK%2011" "Mozilla/5.0 (Linux; Android 7.0;) AppleWebKit/537.36 (KHTML, like Gecko) Mobile Safari/537.36 (compatible; PetalBot;+https://webmaster.petalsearch.com/site/petalbot)" "-"
114.119.155.0 - - [17/Jan/2023:00:00:40 +0100] "GET /iweb/index.php?Gender=Men&Category=Clothing&pagein=328 HTTP/1.1" 200 33878 www.tanjameh.com "https://www.tanjameh.com/iweb/index.php?Gender=Men&Category=Clothing&pagein=246" "Mozilla/5.0 (Linux; Android 7.0;) AppleWebKit/537.36 (KHTML, like Gecko) Mobile Safari/537.36 (compatible; PetalBot;+https://webmaster.petalsearch.com/site/petalbot)" "-"
114.119.149.0 - - [17/Jan/2023:00:01:07 +0100] "GET /iweb/?Gender=Men&Category=hoodies-sweatshirts&pagein=306 HTTP/1.1" 200 33918 www.tanjameh.com "https://www.tanjameh.com/iweb/?Gender=Men&Category=hoodies-sweatshirts&pagein=9" "Mozilla/5.0 (Linux; Android 7.0;) AppleWebKit/537.36 (KHTML, like Gecko) Mobile Safari/537.36 (compatible; PetalBot;+https://webmaster.petalsearch.com/site/petalbot)" "-"
114.119.130.0 - - [17/Jan/2023:00:02:14 +0100] "GET /irepository/img/attachedimage/thumbnail/tanjameh-1656345719-32011412--670--.webp HTTP/1.1" 404 626 tanjameh.com "https://tanjameh.com/iweb/index.php?Root=%D8%AE%D8%A7%D9%86%D9%85&Id=1&Root2=Topshop&Id2=9" "Mozilla/5.0 (Linux; Android 7.0;) AppleWebKit/537.36 (KHTML, like Gecko) Mobile Safari/537.36 (compatible; PetalBot;+https://webmaster.petalsearch.com/site/petalbot)" "-"
114.119.133.0 - - [17/Jan/2023:00:02:27 +0100] "GET /iweb/index.php?part=Product&page=Size&Size=32DD-E HTTP/1.1" 302 262 tanjameh.com "http://tanjameh.com/iweb/index.php?part=Brand&page=Size" "Mozilla/5.0 (Linux; Android 7.0;) AppleWebKit/537.36 (KHTML, like Gecko) Mobile Safari/537.36 (compatible; PetalBot;+https://webmaster.petalsearch.com/site/petalbot)" "-"
114.119.133.0 - - [17/Jan/2023:00:02:29 +0100] "GET /iweb/index.php?part=Product&page=Size&Size=32DD-E HTTP/1.1" 200 6540 tanjameh.com "http://tanjameh.com/iweb/index.php?part=Brand&page=Size" "Mozilla/5.0 (Linux; Android 7.0;) AppleWebKit/537.36 (KHTML, like Gecko) Mobile Safari/537.36 (compatible; PetalBot;+https://webmaster.petalsearch.com/site/petalbot)" "-"
207.46.13.0 - - [17/Jan/2023:00:05:14 +0100] "GET /iweb/index.php?gender=sale&category=men HTTP/1.1" 200 10028 tanjameh.com "-" "Mozilla/5.0 (compatible; bingbot/2.0; +http://www.bing.com/bingbot.htm)" "-"
207.46.13.0 - - [17/Jan/2023:00:07:02 +0100] "GET /product?title=ZA324457-hgr HTTP/1.1" 404 626 tanjameh.com "-" "Mozilla/5.0 AppleWebKit/537.36 (KHTML, like Gecko; compatible; bingbot/2.0; +http://www.bing.com/bingbot.htm) Chrome/103.0.5060.134 Safari/537.36" "-"
207.46.13.0 - - [17/Jan/2023:00:07:13 +0100] "GET /product?title=ZA128966-5RC HTTP/1.1" 404 626 www.tanjameh.com "-" "Mozilla/5.0 (compatible; bingbot/2.0; +http://www.bing.com/bingbot.htm)" "-"
114.119.132.0 - - [17/Jan/2023:00:09:06 +0100] "GET /iweb/index.php?Gender=Men&Category=jeans&pagein=220 HTTP/1.1" 200 34017 www.tanjameh.com "https://www.tanjameh.com/iweb/index.php?Gender=Men&Category=jeans&pagein=195" "Mozilla/5.0 (Linux; Android 7.0;) AppleWebKit/537.36 (KHTML, like Gecko) Mobile Safari/537.36 (compatible; PetalBot;+https://webmaster.petalsearch.com/site/petalbot)" "-"
114.119.153.0 - - [17/Jan/2023:00:09:17 +0100] "GET /iweb/?part=Product&page=Type&ProductType=Suit%20Jackets&Size=Chest%2034%20Regular HTTP/1.1" 200 9810 www.tanjameh.com "https://www.tanjameh.com/iweb/?part=Product&page=Type&ProductType=Suit%20Jackets&Size=Chest%2046%20Regular" "Mozilla/5.0 (Linux; Android 7.0;) AppleWebKit/537.36 (KHTML, like Gecko) Mobile Safari/537.36 (compatible; PetalBot;+https://webmaster.petalsearch.com/site/petalbot)" "-"
114.119.151.0 - - [17/Jan/2023:00:09:36 +0100] "GET /iweb/?part=Product&page=Size&Size=2XL&BrandName=Gym%20King HTTP/1.1" 200 7441 www.tanjameh.com "https://www.tanjameh.com/iweb/?part=Product&page=Size&Size=2XL" "Mozilla/5.0 (Linux; Android 7.0;) AppleWebKit/537.36 (KHTML, like Gecko) Mobile Safari/537.36 (compatible; PetalBot;+https://webmaster.petalsearch.com/site/petalbot)" "-"
40.77.167.0 - - [17/Jan/2023:00:09:49 +0100] "GET /iweb/index.php?gender=sale HTTP/1.1" 302 9937 tanjameh.com "-" "Mozilla/5.0 (compatible; bingbot/2.0; +http://www.bing.com/bingbot.htm)" "-"
40.77.167.0 - - [17/Jan/2023:00:09:52 +0100] "GET /iweb/ HTTP/1.1" 302 9939 tanjameh.com "-" "Mozilla/5.0 AppleWebKit/537.36 (KHTML, like Gecko; compatible; bingbot/2.0; +http://www.bing.com/bingbot.htm) Chrome/103.0.5060.134 Safari/537.36" "-"
114.119.159.0 - - [17/Jan/2023:00:09:58 +0100] "GET /iweb/?part=Product&page=Brand&CatId=27675&BrandName=asos-edition HTTP/1.1" 200 6542 www.tanjameh.com "https://www.tanjameh.com/iweb/?part=Brand&page=Brands" "Mozilla/5.0 (Linux; Android 7.0;) AppleWebKit/537.36 (KHTML, like Gecko) Mobile Safari/537.36 (compatible; PetalBot;+https://webmaster.petalsearch.com/site/petalbot)" "-"
40.77.167.0 - - [17/Jan/2023:00:09:59 +0100] "GET /iweb/ HTTP/1.1" 200 10031 tanjameh.com "-" "Mozilla/5.0 (compatible; bingbot/2.0; +http://www.bing.com/bingbot.htm)" "-"
114.119.140.0 - - [17/Jan/2023:00:10:30 +0100] "GET /iweb/?Gender=Men&Category=trousers-chinos&pagein=351 HTTP/1.1" 200 33797 www.tanjameh.com "https://www.tanjameh.com/iweb/?Gender=Men&Category=trousers-chinos&pagein=32" "Mozilla/5.0 (Linux; Android 7.0;) AppleWebKit/537.36 (KHTML, like Gecko) Mobile Safari/537.36 (compatible; PetalBot;+https://webmaster.petalsearch.com/site/petalbot)" "-"
157.55.39.0 - - [17/Jan/2023:00:10:55 +0100] "GET /product?title=ZA179925-ZuN HTTP/1.1" 404 626 www.tanjameh.com "-" "Mozilla/5.0 (compatible; bingbot/2.0; +http://www.bing.com/bingbot.htm)" "-"
114.119.159.0 - - [17/Jan/2023:00:10:59 +0100] "GET /iweb/index.php?part=Product&page=Size&Size=UK%201O HTTP/1.1" 200 6549 www.tanjameh.com "http://www.tanjameh.com/iweb/index.php?part=Brand&page=Size" "Mozilla/5.0 (Linux; Android 7.0;) AppleWebKit/537.36 (KHTML, like Gecko) Mobile Safari/537.36 (compatible; PetalBot;+https://webmaster.petalsearch.com/site/petalbot)" "-"
114.119.143.0 - - [17/Jan/2023:00:11:11 +0100] "GET /iweb/?part=Product&page=Brand&CatId=5884&BrandName=guess HTTP/1.1" 200 8519 www.tanjameh.com "https://www.tanjameh.com/iweb/?part=Brand&page=Brands" "Mozilla/5.0 (Linux; Android 7.0;) AppleWebKit/537.36 (KHTML, like Gecko) Mobile Safari/537.36 (compatible; PetalBot;+https://webmaster.petalsearch.com/site/petalbot)" "-"
114.119.141.0 - - [17/Jan/2023:00:11:32 +0100] "GET /iwwtheme/img/products/-_637629646059015695_405.jpeg HTTP/1.1" 301 279 tanjameh.com "https://tanjameh.com/fa/rings.html" "Mozilla/5.0 (Linux; Android 7.0;) AppleWebKit/537.36 (KHTML, like Gecko) Mobile Safari/537.36 (compatible; PetalBot;+https://webmaster.petalsearch.com/site/petalbot)" "-"
114.119.141.0 - - [17/Jan/2023:00:11:35 +0100] "GET /iwtheme/img/products/-_637629646059015695_405.jpeg HTTP/1.1" 404 626 tanjameh.com "https://tanjameh.com/fa/rings.html" "Mozilla/5.0 (Linux; Android 7.0;) AppleWebKit/537.36 (KHTML, like Gecko) Mobile Safari/537.36 (compatible; PetalBot;+https://webmaster.petalsearch.com/site/petalbot)" "-"
114.119.148.0 - - [17/Jan/2023:00:12:07 +0100] "GET /iweb/index.php?Gender=Men&Category=Tailoring&pagein=223 HTTP/1.1" 200 33887 tanjameh.com "https://tanjameh.com/iweb/index.php?Gender=Men&Category=Tailoring&pagein=185" "Mozilla/5.0 (Linux; Android 7.0;) AppleWebKit/537.36 (KHTML, like Gecko) Mobile Safari/537.36 (compatible; PetalBot;+https://webmaster.petalsearch.com/site/petalbot)" "-"
114.119.128.0 - - [17/Jan/2023:00:12:26 +0100] "GET /iweb/index.php?Gender=Men&Category=Summer&pagein=229 HTTP/1.1" 200 34200 tanjameh.com "https://tanjameh.com/iweb/index.php?Gender=Men&Category=Summer&pagein=71" "Mozilla/5.0 (Linux; Android 7.0;) AppleWebKit/537.36 (KHTML, like Gecko) Mobile Safari/537.36 (compatible; PetalBot;+https://webmaster.petalsearch.com/site/petalbot)" "-"
114.119.130.0 - - [17/Jan/2023:00:12:47 +0100] "GET /iweb/?Gender=Men&Category=Shoes&pagein=207 HTTP/1.1" 200 34013 www.tanjameh.com "https://www.tanjameh.com/iweb/?Gender=Men&Category=Shoes&pagein=82" "Mozilla/5.0 (Linux; Android 7.0;) AppleWebKit/537.36 (KHTML, like Gecko) Mobile Safari/537.36 (compatible; PetalBot;+https://webmaster.petalsearch.com/site/petalbot)" "-"
40.77.167.0 - - [17/Jan/2023:00:12:50 +0100] "GET /product?title=ZA324454-Efk HTTP/1.1" 404 626 www.tanjameh.com "-" "Mozilla/5.0 AppleWebKit/537.36 (KHTML, like Gecko; compatible; bingbot/2.0; +http://www.bing.com/bingbot.htm) Chrome/103.0.5060.134 Safari/537.36" "-"
114.119.157.0 - - [17/Jan/2023:00:13:21 +0100] "GET /iweb/index.php?part=Product&page=Size&Size=EU%2046 HTTP/1.1" 200 9754 tanjameh.com "http://tanjameh.com/iweb/index.php?part=Brand&page=Size" "Mozilla/5.0 (Linux; Android 7.0;) AppleWebKit/537.36 (KHTML, like Gecko) Mobile Safari/537.36 (compatible; PetalBot;+https://webmaster.petalsearch.com/site/petalbot)" "-"
114.119.152.0 - - [17/Jan/2023:00:13:42 +0100] "GET /iweb/index.php?Gender=Men&Category=Brands&pagein=245 HTTP/1.1" 200 33785 tanjameh.com "https://tanjameh.com/iweb/index.php?Gender=Men&Category=Brands&pagein=117" "Mozilla/5.0 (Linux; Android 7.0;) AppleWebKit/537.36 (KHTML, like Gecko) Mobile Safari/537.36 (compatible; PetalBot;+https://webmaster.petalsearch.com/site/petalbot)" "-"
114.119.144.0 - - [17/Jan/2023:00:14:22 +0100] "GET /iweb/index.php?Gender=Men&Category=Shoes&Size=UK%2012&pagein=7 HTTP/1.1" 200 13435 tanjameh.com "https://tanjameh.com/iweb/index.php?Gender=Men&Category=Shoes&Size=UK%2012" "Mozilla/5.0 (Linux; Android 7.0;) AppleWebKit/537.36 (KHTML, like Gecko) Mobile Safari/537.36 (compatible; PetalBot;+https://webmaster.petalsearch.com/site/petalbot)" "-"
114.119.159.0 - - [17/Jan/2023:00:14:52 +0100] "GET /iweb/index.php?Gender=Men&Category=Sale&pagein=104&Size=XS HTTP/1.1" 200 20805 tanjameh.com "https://tanjameh.com/iweb/index.php?Gender=Men&Category=Sale&pagein=46&Size=XS" "Mozilla/5.0 (Linux; Android 7.0;) AppleWebKit/537.36 (KHTML, like Gecko) Mobile Safari/537.36 (compatible; PetalBot;+https://webmaster.petalsearch.com/site/petalbot)" "-"
114.119.147.0 - - [17/Jan/2023:00:14:58 +0100] "GET /iweb/?part=Product&page=Size&Size=W28%20L30&Color=BLACK HTTP/1.1" 200 9332 tanjameh.com "http://tanjameh.com/iweb/?part=Product&page=Size&Size=W28%20L30" "Mozilla/5.0 (Linux; Android 7.0;) AppleWebKit/537.36 (KHTML, like Gecko) Mobile Safari/537.36 (compatible; PetalBot;+https://webmaster.petalsearch.com/site/petalbot)" "-"
157.55.39.0 - - [17/Jan/2023:00:15:27 +0100] "GET /iweb/index.php?gender=women&category=dresses HTTP/1.1" 200 9994 tanjameh.com "-" "Mozilla/5.0 AppleWebKit/537.36 (KHTML, like Gecko; compatible; bingbot/2.0; +http://www.bing.com/bingbot.htm) Chrome/103.0.5060.134 Safari/537.36" "-"
114.119.144.0 - - [17/Jan/2023:00:15:36 +0100] "GET /iweb/?part=Product&page=Size&Size=XS&pagein=102 HTTP/1.1" 200 20214 www.tanjameh.com "https://www.tanjameh.com/iweb/?part=Product&page=Size&Size=XS&pagein=157" "Mozilla/5.0 (Linux; Android 7.0;) AppleWebKit/537.36 (KHTML, like Gecko) Mobile Safari/537.36 (compatible; PetalBot;+https://webmaster.petalsearch.com/site/petalbot)" "-"
114.119.129.0 - - [17/Jan/2023:00:16:30 +0100] "GET /iweb/index.php?Gender=Women&Category=shoes&pagein=211 HTTP/1.1" 200 34152 tanjameh.com "https://tanjameh.com/iweb/index.php?Gender=Women&Category=shoes&pagein=377" "Mozilla/5.0 (Linux; Android 7.0;) AppleWebKit/537.36 (KHTML, like Gecko) Mobile Safari/537.36 (compatible; PetalBot;+https://webmaster.petalsearch.com/site/petalbot)" "-"
18.237.255.0 - - [17/Jan/2023:00:16:31 +0100] "GET / HTTP/1.1" 302 205 tanjameh.com "-" "Mozilla/5.0 (X11; Linux x86_64) AppleWebKit/537.36 (KHTML, like Gecko) Chrome/83.0.4103.97 Safari/537.36" "-"
18.237.255.0 - - [17/Jan/2023:00:16:34 +0100] "GET / HTTP/1.1" 200 58 tanjameh.com "-" "Mozilla/5.0 (X11; Linux x86_64) AppleWebKit/537.36 (KHTML, like Gecko) Chrome/83.0.4103.97 Safari/537.36" "-"
114.119.155.0 - - [17/Jan/2023:00:16:47 +0100] "GET /iweb/?part=Product&page=Type&Size=Chest%2034%20Regular HTTP/1.1" 200 6493 tanjameh.com "https://tanjameh.com/iweb/?part=Product&page=Size&Size=Chest%2034%20Regular&Color=GREY%20CROSSHATCH" "Mozilla/5.0 (Linux; Android 7.0;) AppleWebKit/537.36 (KHTML, like Gecko) Mobile Safari/537.36 (compatible; PetalBot;+https://webmaster.petalsearch.com/site/petalbot)" "-"
114.119.135.0 - - [17/Jan/2023:00:17:11 +0100] "GET /iweb/?Gender=Men&Category=gifts&pagein=261 HTTP/1.1" 200 34105 tanjameh.com "https://tanjameh.com/iweb/?Gender=Men&Category=gifts&pagein=236" "Mozilla/5.0 (Linux; Android 7.0;) AppleWebKit/537.36 (KHTML, like Gecko) Mobile Safari/537.36 (compatible; PetalBot;+https://webmaster.petalsearch.com/site/petalbot)" "-"
114.119.141.0 - - [17/Jan/2023:00:17:36 +0100] "GET /irepository/img/attachedimage/thumbnail/tanjameh-1671029192-1365490743--314--.webp HTTP/1.1" 200 14674 tanjameh.com "https://tanjameh.com/iweb/?Gender=Men&Category=gifts&pagein=300" "Mozilla/5.0 (Linux; Android 7.0;) AppleWebKit/537.36 (KHTML, like Gecko) Mobile Safari/537.36 (compatible; PetalBot;+https://webmaster.petalsearch.com/site/petalbot)" "-"
35.88.103.0 - - [17/Jan/2023:00:17:56 +0100] "GET / HTTP/1.1" 200 58 tanjameh.com "-" "Mozilla/5.0 (X11; Linux x86_64) AppleWebKit/537.36 (KHTML, like Gecko) Chrome/83.0.4103.97 Safari/537.36" "-"
114.119.131.0 - - [17/Jan/2023:00:17:58 +0100] "GET /irepository/img/attachedimage/thumbnail/tanjameh-1667836407-522569018--314--.webp HTTP/1.1" 200 6794 tanjameh.com "https://tanjameh.com/iweb/index.php?part=Product&page=Size&Size=UK%2010&Color=SAND%20DUNE" "Mozilla/5.0 (Linux; Android 7.0;) AppleWebKit/537.36 (KHTML, like Gecko) Mobile Safari/537.36 (compatible; PetalBot;+https://webmaster.petalsearch.com/site/petalbot)" "-"
157.55.39.0 - - [17/Jan/2023:00:18:51 +0100] "GET /product?title=ZA179821-qwX HTTP/1.1" 404 626 www.tanjameh.com "-" "Mozilla/5.0 AppleWebKit/537.36 (KHTML, like Gecko; compatible; bingbot/2.0; +http://www.bing.com/bingbot.htm) Chrome/103.0.5060.134 Safari/537.36" "-"
114.119.155.0 - - [17/Jan/2023:00:18:57 +0100] "GET /irepository/img/attachedimage/thumbnail/tanjameh-1656783833-855109428--670--.webp HTTP/1.1" 404 626 tanjameh.com "https://tanjameh.com/iweb/index.php?Gender=Women" "Mozilla/5.0 (Linux; Android 7.0;) AppleWebKit/537.36 (KHTML, like Gecko) Mobile Safari/537.36 (compatible; PetalBot;+https://webmaster.petalsearch.com/site/petalbot)" "-"
114.119.135.0 - - [17/Jan/2023:00:19:15 +0100] "GET /iweb/?Gender=Men&Category=Accessories&pagein=110 HTTP/1.1" 200 34020 www.tanjameh.com "https://www.tanjameh.com/iweb/?Gender=Men&Category=Accessories&pagein=24" "Mozilla/5.0 (Linux; Android 7.0;) AppleWebKit/537.36 (KHTML, like Gecko) Mobile Safari/537.36 (compatible; PetalBot;+https://webmaster.petalsearch.com/site/petalbot)" "-"
114.119.132.0 - - [17/Jan/2023:00:19:16 +0100] "GET /iweb/?part=Product&page=Type&Size=XL%20D-DD HTTP/1.1" 302 256 tanjameh.com "http://tanjameh.com/iweb/?part=Product&page=Size&Size=XL%20D-DD" "Mozilla/5.0 (Linux; Android 7.0;) AppleWebKit/537.36 (KHTML, like Gecko) Mobile Safari/537.36 (compatible; PetalBot;+https://webmaster.petalsearch.com/site/petalbot)" "-"
114.119.132.0 - - [17/Jan/2023:00:19:26 +0100] "GET /iweb/?part=Product&page=Type&Size=XL%20D-DD HTTP/1.1" 200 6493 tanjameh.com "http://tanjameh.com/iweb/?part=Product&page=Size&Size=XL%20D-DD" "Mozilla/5.0 (Linux; Android 7.0;) AppleWebKit/537.36 (KHTML, like Gecko) Mobile Safari/537.36 (compatible; PetalBot;+https://webmaster.petalsearch.com/site/petalbot)" "-"
52.32.69.0 - - [17/Jan/2023:00:19:39 +0100] "GET /favicon.ico HTTP/1.1" 302 216 tanjameh.com "-" "Mozilla/5.0 (X11; Linux x86_64) AppleWebKit/537.36 (KHTML, like Gecko) Chrome/83.0.4103.97 Safari/537.36" "-"
52.32.69.0 - - [17/Jan/2023:00:19:40 +0100] "GET /favicon.ico HTTP/1.1" 404 626 tanjameh.com "http://tanjameh.com/favicon.ico" "Mozilla/5.0 (X11; Linux x86_64) AppleWebKit/537.36 (KHTML, like Gecko) Chrome/83.0.4103.97 Safari/537.36" "-"
52.32.69.0 - - [17/Jan/2023:00:19:40 +0100] "GET / HTTP/1.1" 302 205 tanjameh.com "-" "Mozilla/5.0 (X11; Linux x86_64) AppleWebKit/537.36 (KHTML, like Gecko) Chrome/83.0.4103.97 Safari/537.36" "-"
52.32.69.0 - - [17/Jan/2023:00:19:41 +0100] "GET / HTTP/1.1" 200 58 tanjameh.com "http://tanjameh.com" "Mozilla/5.0 (X11; Linux x86_64) AppleWebKit/537.36 (KHTML, like Gecko) Chrome/83.0.4103.97 Safari/537.36" "-"
114.119.155.0 - - [17/Jan/2023:00:19:53 +0100] "GET /iweb/?part=Product&page=Size&Size=D%20Cup HTTP/1.1" 302 254 tanjameh.com "http://tanjameh.com/iweb/?part=Brand&page=Size" "Mozilla/5.0 (Linux; Android 7.0;) AppleWebKit/537.36 (KHTML, like Gecko) Mobile Safari/537.36 (compatible; PetalBot;+https://webmaster.petalsearch.com/site/petalbot)" "-"
114.119.155.0 - - [17/Jan/2023:00:20:00 +0100] "GET /iweb/?part=Product&page=Size&Size=D%20Cup HTTP/1.1" 200 6537 tanjameh.com "http://tanjameh.com/iweb/?part=Brand&page=Size" "Mozilla/5.0 (Linux; Android 7.0;) AppleWebKit/537.36 (KHTML, like Gecko) Mobile Safari/537.36 (compatible; PetalBot;+https://webmaster.petalsearch.com/site/petalbot)" "-"
114.119.145.0 - - [17/Jan/2023:00:20:48 +0100] "GET /iweb/?Gender=Men&Category=Sale&pagein=102 HTTP/1.1" 200 34025 www.tanjameh.com "https://www.tanjameh.com/iweb/?Gender=Men&Category=Sale&pagein=99" "Mozilla/5.0 (Linux; Android 7.0;) AppleWebKit/537.36 (KHTML, like Gecko) Mobile Safari/537.36 (compatible; PetalBot;+https://webmaster.petalsearch.com/site/petalbot)" "-"
114.119.137.0 - - [17/Jan/2023:00:21:38 +0100] "GET /iweb/?Gender=Men&Category=Shoes&pagein=224 HTTP/1.1" 200 34150 tanjameh.com "https://tanjameh.com/iweb/?Gender=Men&Category=Shoes&pagein=305" "Mozilla/5.0 (Linux; Android 7.0;) AppleWebKit/537.36 (KHTML, like Gecko) Mobile Safari/537.36 (compatible; PetalBot;+https://webmaster.petalsearch.com/site/petalbot)" "-"
114.119.155.0 - - [17/Jan/2023:00:21:47 +0100] "GET /iweb/?part=Product&page=Size&Size=W30%20L32&pagein=17 HTTP/1.1" 200 11863 tanjameh.com "https://tanjameh.com/iweb/?part=Product&page=Size&Size=W30%20L32" "Mozilla/5.0 (Linux; Android 7.0;) AppleWebKit/537.36 (KHTML, like Gecko) Mobile Safari/537.36 (compatible; PetalBot;+https://webmaster.petalsearch.com/site/petalbot)" "-"
114.119.129.0 - - [17/Jan/2023:00:21:55 +0100] "GET /iweb/?Gender=Men&Category=Shoes&pagein=12&Size=UK%209.5 HTTP/1.1" 200 11702 tanjameh.com "https://tanjameh.com/iweb/?Gender=Men&Category=Shoes&pagein=3&Size=UK%209.5" "Mozilla/5.0 (Linux; Android 7.0;) AppleWebKit/537.36 (KHTML, like Gecko) Mobile Safari/537.36 (compatible; PetalBot;+https://webmaster.petalsearch.com/site/petalbot)" "-"
114.119.133.0 - - [17/Jan/2023:00:22:51 +0100] "GET /irepository/img/attachedimage/thumbnail/tanjameh-1668842294-1529590392--670--.webp HTTP/1.1" 200 85642 tanjameh.com "https://tanjameh.com/iweb/index.php?Root=%D8%AE%D8%A7%D9%86%D9%85&Id=1&Root2=%D8%A8%D8%B1%D9%86%D8%AF%20%D9%87%D8%A7&Id2=11" "Mozilla/5.0 (Linux; Android 7.0;) AppleWebKit/537.36 (KHTML, like Gecko) Mobile Safari/537.36 (compatible; PetalBot;+https://webmaster.petalsearch.com/site/petalbot)" "-"
114.119.135.0 - - [17/Jan/2023:00:23:02 +0100] "GET /iweb/index.php?Gender=Men&Category=jeans&pagein=146 HTTP/1.1" 200 34129 www.tanjameh.com "https://www.tanjameh.com/iweb/index.php?Gender=Men&Category=jeans&pagein=195" "Mozilla/5.0 (Linux; Android 7.0;) AppleWebKit/537.36 (KHTML, like Gecko) Mobile Safari/537.36 (compatible; PetalBot;+https://webmaster.petalsearch.com/site/petalbot)" "-"
114.119.128.0 - - [17/Jan/2023:00:23:27 +0100] "GET /iweb/?part=Product&page=Size&Size=UK%2012&Color=OBSIDIAN HTTP/1.1" 200 7050 www.tanjameh.com "https://www.tanjameh.com/iweb/?part=Product&page=Size&Size=UK%2012" "Mozilla/5.0 (Linux; Android 7.0;) AppleWebKit/537.36 (KHTML, like Gecko) Mobile Safari/537.36 (compatible; PetalBot;+https://webmaster.petalsearch.com/site/petalbot)" "-"
114.119.136.0 - - [17/Jan/2023:00:23:46 +0100] "GET /iweb/?Gender=Men&Category=Face%20%2B%20Body&pagein=84 HTTP/1.1" 200 34040 www.tanjameh.com "https://www.tanjameh.com/iweb/?Gender=Men&Category=Face%20%2B%20Body&pagein=186" "Mozilla/5.0 (Linux; Android 7.0;) AppleWebKit/537.36 (KHTML, like Gecko) Mobile Safari/537.36 (compatible; PetalBot;+https://webmaster.petalsearch.com/site/petalbot)" "-"
40.77.167.0 - - [17/Jan/2023:00:24:22 +0100] "GET /product?title=ZA366735-iRE HTTP/1.1" 404 626 www.tanjameh.com "-" "Mozilla/5.0 (compatible; bingbot/2.0; +http://www.bing.com/bingbot.htm)" "-"
114.119.146.0 - - [17/Jan/2023:00:24:25 +0100] "GET /irepository/img/attachedimage/thumbnail/tanjameh-1667749065-392618073--120--.webp HTTP/1.1" 200 1488 tanjameh.com "https://tanjameh.com/iweb/index.php?part=Product&page=Type&ProductType=Sweatshirts&Color=ASPHALT" "Mozilla/5.0 (Linux; Android 7.0;) AppleWebKit/537.36 (KHTML, like Gecko) Mobile Safari/537.36 (compatible; PetalBot;+https://webmaster.petalsearch.com/site/petalbot)" "-"
207.46.13.0 - - [17/Jan/2023:00:24:43 +0100] "GET /product?title=ZA170364-Cnp HTTP/1.1" 404 626 www.tanjameh.com "-" "Mozilla/5.0 (compatible; bingbot/2.0; +http://www.bing.com/bingbot.htm)" "-"
114.119.145.0 - - [17/Jan/2023:00:25:49 +0100] "GET /iweb/index.php?Gender=Men&Category=hoodies-sweatshirts&Size=S&pagein=144 HTTP/1.1" 200 28775 www.tanjameh.com "https://www.tanjameh.com/iweb/index.php?Gender=Men&Category=hoodies-sweatshirts&Size=S&pagein=289" "Mozilla/5.0 (Linux; Android 7.0;) AppleWebKit/537.36 (KHTML, like Gecko) Mobile Safari/537.36 (compatible; PetalBot;+https://webmaster.petalsearch.com/site/petalbot)" "-"
114.119.150.0 - - [17/Jan/2023:00:25:56 +0100] "GET /irepository/img/attachedimage/thumbnail/tanjameh-1662950679-306247326--314--.webp HTTP/1.1" 200 5610 www.tanjameh.com "https://www.tanjameh.com/iweb/index.php?part=Product&page=Type&ProductType=Shoes&Color=BLACK%20VELVET" "Mozilla/5.0 (Linux; Android 7.0;) AppleWebKit/537.36 (KHTML, like Gecko) Mobile Safari/537.36 (compatible; PetalBot;+https://webmaster.petalsearch.com/site/petalbot)" "-"
114.119.137.0 - - [17/Jan/2023:00:26:35 +0100] "GET /iweb/?part=Product&page=Size&Size=36&Color=SAGE%20GREEN HTTP/1.1" 200 7710 tanjameh.com "https://tanjameh.com/iweb/?part=Product&page=Size&Size=36" "Mozilla/5.0 (Linux; Android 7.0;) AppleWebKit/537.36 (KHTML, like Gecko) Mobile Safari/537.36 (compatible; PetalBot;+https://webmaster.petalsearch.com/site/petalbot)" "-"
40.77.167.0 - - [17/Jan/2023:00:27:31 +0100] "GET /product?title=ZA156494-qQ7 HTTP/1.1" 404 626 tanjameh.com "-" "Mozilla/5.0 (compatible; bingbot/2.0; +http://www.bing.com/bingbot.htm)" "-"
114.119.149.0 - - [17/Jan/2023:00:27:36 +0100] "GET /iweb/?part=Product&page=Brand&CatId=29137&BrandName=sunday-rain HTTP/1.1" 200 6543 www.tanjameh.com "https://www.tanjameh.com/iweb/?part=Brand&page=Brands" "Mozilla/5.0 (Linux; Android 7.0;) AppleWebKit/537.36 (KHTML, like Gecko) Mobile Safari/537.36 (compatible; PetalBot;+https://webmaster.petalsearch.com/site/petalbot)" "-"
114.119.131.0 - - [17/Jan/2023:00:27:44 +0100] "GET /irepository/img/attachedimage/thumbnail/tanjameh-1667822506-471157273--314--.webp HTTP/1.1" 200 12096 tanjameh.com "https://tanjameh.com/iweb/?part=Product&page=Size&Size=M&Color=WASHED%20GREEN" "Mozilla/5.0 (Linux; Android 7.0;) AppleWebKit/537.36 (KHTML, like Gecko) Mobile Safari/537.36 (compatible; PetalBot;+https://webmaster.petalsearch.com/site/petalbot)" "-"
157.55.39.0 - - [17/Jan/2023:00:30:01 +0100] "GET /product?title=ZA128978-Wo0 HTTP/1.1" 404 626 tanjameh.com "-" "Mozilla/5.0 (compatible; bingbot/2.0; +http://www.bing.com/bingbot.htm)" "-"
114.119.155.0 - - [17/Jan/2023:00:30:02 +0100] "GET /iweb/?part=Product&page=Size&Size=M&pagein=143 HTTP/1.1" 200 22859 www.tanjameh.com "https://www.tanjameh.com/iweb/?part=Product&page=Size&Size=M&pagein=109" "Mozilla/5.0 (Linux; Android 7.0;) AppleWebKit/537.36 (KHTML, like Gecko) Mobile Safari/537.36 (compatible; PetalBot;+https://webmaster.petalsearch.com/site/petalbot)" "-"
114.119.143.0 - - [17/Jan/2023:00:30:16 +0100] "GET /iweb/?Gender=Women&Category=shoes&pagein=133 HTTP/1.1" 200 34098 www.tanjameh.com "https://www.tanjameh.com/iweb/?Gender=Women&Category=shoes&pagein=262" "Mozilla/5.0 (Linux; Android 7.0;) AppleWebKit/537.36 (KHTML, like Gecko) Mobile Safari/537.36 (compatible; PetalBot;+https://webmaster.petalsearch.com/site/petalbot)" "-"
114.119.157.0 - - [17/Jan/2023:00:30:33 +0100] "GET /iweb/?Gender=Men&Category=Topman&pagein=237 HTTP/1.1" 200 34068 www.tanjameh.com "https://www.tanjameh.com/iweb/?Gender=Men&Category=Topman&pagein=191" "Mozilla/5.0 (Linux; Android 7.0;) AppleWebKit/537.36 (KHTML, like Gecko) Mobile Safari/537.36 (compatible; PetalBot;+https://webmaster.petalsearch.com/site/petalbot)" "-"
114.119.131.0 - - [17/Jan/2023:00:31:25 +0100] "GET /iweb/index.php?Gender=%D8%B2%D9%86%D8%A7%D9%86%D9%87&Category=%D8%A7%DA%A9%D8%B3%D8%B3%D9%88%D8%B1%DB%8C HTTP/1.1" 200 34294 tanjameh.com "https://tanjameh.com/iweb/index.php?Gender=%D8%B2%D9%86%D8%A7%D9%86%D9%87&GId=1&Category=%D8%A7%DA%A9%D8%B3%D8%B3%D9%88%D8%B1%DB%8C&CId=6" "Mozilla/5.0 (Linux; Android 7.0;) AppleWebKit/537.36 (KHTML, like Gecko) Mobile Safari/537.36 (compatible; PetalBot;+https://webmaster.petalsearch.com/site/petalbot)" "-"
114.119.157.0 - - [17/Jan/2023:00:31:36 +0100] "GET /iweb/?Gender=men&Category=bags&pagein=300 HTTP/1.1" 200 34044 tanjameh.com "https://tanjameh.com/iweb/?Gender=men&Category=bags&pagein=268" "Mozilla/5.0 (Linux; Android 7.0;) AppleWebKit/537.36 (KHTML, like Gecko) Mobile Safari/537.36 (compatible; PetalBot;+https://webmaster.petalsearch.com/site/petalbot)" "-"
114.119.146.0 - - [17/Jan/2023:00:32:24 +0100] "GET /iweb/index.php?part=Product&page=Type&ProductType=Blazers&Size=Chest%2040%20Short HTTP/1.1" 200 8097 www.tanjameh.com "https://www.tanjameh.com/iweb/index.php?part=Product&page=Type&ProductType=Blazers&Size=Chest%2038%20Short" "Mozilla/5.0 (Linux; Android 7.0;) AppleWebKit/537.36 (KHTML, like Gecko) Mobile Safari/537.36 (compatible; PetalBot;+https://webmaster.petalsearch.com/site/petalbot)" "-"
114.119.156.0 - - [17/Jan/2023:00:32:39 +0100] "GET /iweb/index.php?Gender=Men&Category=jeans&pagein=361 HTTP/1.1" 200 33936 www.tanjameh.com "https://www.tanjameh.com/iweb/index.php?Gender=Men&Category=jeans&pagein=195" "Mozilla/5.0 (Linux; Android 7.0;) AppleWebKit/537.36 (KHTML, like Gecko) Mobile Safari/537.36 (compatible; PetalBot;+https://webmaster.petalsearch.com/site/petalbot)" "-"
114.119.143.0 - - [17/Jan/2023:00:32:48 +0100] "GET /iweb/?Gender=Men&Category=Accessories&pagein=291 HTTP/1.1" 200 33950 www.tanjameh.com "https://www.tanjameh.com/iweb/?Gender=Men&Category=Accessories&pagein=24" "Mozilla/5.0 (Linux; Android 7.0;) AppleWebKit/537.36 (KHTML, like Gecko) Mobile Safari/537.36 (compatible; PetalBot;+https://webmaster.petalsearch.com/site/petalbot)" "-"
114.119.167.0 - - [17/Jan/2023:00:33:10 +0100] "GET /iweb/index.php?Gender=Men&Category=gifts&pagein=312 HTTP/1.1" 200 34283 tanjameh.com "https://tanjameh.com/iweb/index.php?Gender=Men&Category=gifts&pagein=375" "Mozilla/5.0 (Linux; Android 7.0;) AppleWebKit/537.36 (KHTML, like Gecko) Mobile Safari/537.36 (compatible; PetalBot;+https://webmaster.petalsearch.com/site/petalbot)" "-"
114.119.129.0 - - [17/Jan/2023:00:33:28 +0100] "GET /iweb/?Gender=Men&Category=Face%20%2B%20Body&pagein=209 HTTP/1.1" 200 33949 tanjameh.com "https://tanjameh.com/iweb/?Gender=Men&Category=Face%20%2B%20Body&pagein=75" "Mozilla/5.0 (Linux; Android 7.0;) AppleWebKit/537.36 (KHTML, like Gecko) Mobile Safari/537.36 (compatible; PetalBot;+https://webmaster.petalsearch.com/site/petalbot)" "-"
114.119.136.0 - - [17/Jan/2023:00:34:09 +0100] "GET /iweb/index.php?part=Product&page=Type&ProductType=Jackets&Size=36L HTTP/1.1" 200 7341 www.tanjameh.com "https://www.tanjameh.com/iweb/index.php?part=Product&page=Type&ProductType=Jackets&Size=46S" "Mozilla/5.0 (Linux; Android 7.0;) AppleWebKit/537.36 (KHTML, like Gecko) Mobile Safari/537.36 (compatible; PetalBot;+https://webmaster.petalsearch.com/site/petalbot)" "-"
114.119.130.0 - - [17/Jan/2023:00:34:29 +0100] "GET /iweb/index.php?Gender=Men&Category=hoodies-sweatshirts&pagein=115 HTTP/1.1" 200 34035 www.tanjameh.com "https://www.tanjameh.com/iweb/index.php?Gender=Men&Category=hoodies-sweatshirts&pagein=150" "Mozilla/5.0 (Linux; Android 7.0;) AppleWebKit/537.36 (KHTML, like Gecko) Mobile Safari/537.36 (compatible; PetalBot;+https://webmaster.petalsearch.com/site/petalbot)" "-"
114.119.157.0 - - [17/Jan/2023:00:34:43 +0100] "GET /iweb/index.php?part=Product&page=Size&Size=S-M&Type=Hats HTTP/1.1" 200 9998 www.tanjameh.com "https://www.tanjameh.com/iweb/index.php?part=Product&page=Size&Size=S-M&Type=Gloves" "Mozilla/5.0 (Linux; Android 7.0;) AppleWebKit/537.36 (KHTML, like Gecko) Mobile Safari/537.36 (compatible; PetalBot;+https://webmaster.petalsearch.com/site/petalbot)" "-"
114.119.146.0 - - [17/Jan/2023:00:35:31 +0100] "GET /iweb/index.php?Gender=Men&Category=jeans&pagein=376 HTTP/1.1" 200 34147 www.tanjameh.com "https://www.tanjameh.com/iweb/index.php?Gender=Men&Category=jeans&pagein=195" "Mozilla/5.0 (Linux; Android 7.0;) AppleWebKit/537.36 (KHTML, like Gecko) Mobile Safari/537.36 (compatible; PetalBot;+https://webmaster.petalsearch.com/site/petalbot)" "-"
114.119.150.0 - - [17/Jan/2023:00:35:53 +0100] "GET /iweb/index.php?Gender=Men&Category=SALE:%20NEW%20STYLES%20ADDED&pagein=205 HTTP/1.1" 200 33966 www.tanjameh.com "https://www.tanjameh.com/iweb/index.php?Gender=Men&Category=SALE%3A%20NEW%20STYLES%20ADDED&pagein=273" "Mozilla/5.0 (Linux; Android 7.0;) AppleWebKit/537.36 (KHTML, like Gecko) Mobile Safari/537.36 (compatible; PetalBot;+https://webmaster.petalsearch.com/site/petalbot)" "-"
114.119.134.0 - - [17/Jan/2023:00:36:12 +0100] "GET /iweb/index.php?Gender=Men&Category=Clothing&pagein=281 HTTP/1.1" 200 34210 www.tanjameh.com "https://www.tanjameh.com/iweb/index.php?Gender=Men&Category=Clothing&pagein=246" "Mozilla/5.0 (Linux; Android 7.0;) AppleWebKit/537.36 (KHTML, like Gecko) Mobile Safari/537.36 (compatible; PetalBot;+https://webmaster.petalsearch.com/site/petalbot)" "-"
157.55.39.0 - - [17/Jan/2023:00:36:47 +0100] "GET /product?title=ZA167971-uPd HTTP/1.1" 404 626 www.tanjameh.com "-" "Mozilla/5.0 (compatible; bingbot/2.0; +http://www.bing.com/bingbot.htm)" "-"
114.119.135.0 - - [17/Jan/2023:00:36:55 +0100] "GET /iweb/?Gender=Men&Category=Outlet&Size=M&pagein=147 HTTP/1.1" 200 23400 www.tanjameh.com "https://www.tanjameh.com/iweb/?Gender=Men&Category=Outlet&Size=M&pagein=173" "Mozilla/5.0 (Linux; Android 7.0;) AppleWebKit/537.36 (KHTML, like Gecko) Mobile Safari/537.36 (compatible; PetalBot;+https://webmaster.petalsearch.com/site/petalbot)" "-"
114.119.150.0 - - [17/Jan/2023:00:37:17 +0100] "GET /irepository/img/attachedimage/thumbnail/tanjameh-1667998649-2136608653--314--.webp HTTP/1.1" 200 6610 www.tanjameh.com "https://www.tanjameh.com/iweb/index.php?part=Product&page=Type&ProductType=Shirts&Color=khaki%20tan" "Mozilla/5.0 (Linux; Android 7.0;) AppleWebKit/537.36 (KHTML, like Gecko) Mobile Safari/537.36 (compatible; PetalBot;+https://webmaster.petalsearch.com/site/petalbot)" "-"
114.119.152.0 - - [17/Jan/2023:00:37:28 +0100] "GET /irepository/img/attachedimage/thumbnail/tanjameh-1664733852-1344805861--314--.webp HTTP/1.1" 200 7216 www.tanjameh.com "https://www.tanjameh.com/iweb/?Gender=Men&Category=shorts&pagein=193" "Mozilla/5.0 (Linux; Android 7.0;) AppleWebKit/537.36 (KHTML, like Gecko) Mobile Safari/537.36 (compatible; PetalBot;+https://webmaster.petalsearch.com/site/petalbot)" "-"
114.119.138.0 - - [17/Jan/2023:00:37:42 +0100] "GET /irepository/img/attachedimage/thumbnail/tanjameh-1656935741-697916224--314--.webp HTTP/1.1" 200 8520 www.tanjameh.com "https://www.tanjameh.com/iweb/index.php?part=Product&page=Brand&CatId=28472&BrandName=yaura" "Mozilla/5.0 (Linux; Android 7.0;) AppleWebKit/537.36 (KHTML, like Gecko) Mobile Safari/537.36 (compatible; PetalBot;+https://webmaster.petalsearch.com/site/petalbot)" "-"
157.55.39.0 - - [17/Jan/2023:00:38:01 +0100] "GET /product?title=ZA128966-Nfi HTTP/1.1" 404 626 www.tanjameh.com "-" "Mozilla/5.0 (compatible; bingbot/2.0; +http://www.bing.com/bingbot.htm)" "-"
114.119.138.0 - - [17/Jan/2023:00:38:21 +0100] "GET /iweb/index.php?part=Product&page=Size&Size=UK%209-10&Color=BLACK HTTP/1.1" 200 7149 tanjameh.com "http://tanjameh.com/iweb/index.php?part=Product&page=Size&Size=UK%209-10" "Mozilla/5.0 (Linux; Android 7.0;) AppleWebKit/537.36 (KHTML, like Gecko) Mobile Safari/537.36 (compatible; PetalBot;+https://webmaster.petalsearch.com/site/petalbot)" "-"
114.119.154.0 - - [17/Jan/2023:00:38:43 +0100] "GET /iweb/index.php?part=Product&page=Size&Size=M&pagein=184 HTTP/1.1" 200 22677 tanjameh.com "https://tanjameh.com/iweb/index.php?part=Product&page=Size&Size=M&pagein=9" "Mozilla/5.0 (Linux; Android 7.0;) AppleWebKit/537.36 (KHTML, like Gecko) Mobile Safari/537.36 (compatible; PetalBot;+https://webmaster.petalsearch.com/site/petalbot)" "-"
114.119.146.0 - - [17/Jan/2023:00:39:12 +0100] "GET /iweb/index.php?Gender=Women&Category=festival&pagein=120 HTTP/1.1" 200 33964 tanjameh.com "https://tanjameh.com/iweb/index.php?Gender=Women&Category=festival&pagein=50" "Mozilla/5.0 (Linux; Android 7.0;) AppleWebKit/537.36 (KHTML, like Gecko) Mobile Safari/537.36 (compatible; PetalBot;+https://webmaster.petalsearch.com/site/petalbot)" "-"
114.119.129.0 - - [17/Jan/2023:00:39:29 +0100] "GET /iweb/?Gender=Men&Category=Sale&pagein=274&Size=S HTTP/1.1" 200 28735 www.tanjameh.com "https://www.tanjameh.com/iweb/?Gender=Men&Category=Sale&pagein=54&Size=S" "Mozilla/5.0 (Linux; Android 7.0;) AppleWebKit/537.36 (KHTML, like Gecko) Mobile Safari/537.36 (compatible; PetalBot;+https://webmaster.petalsearch.com/site/petalbot)" "-"
114.119.128.0 - - [17/Jan/2023:00:40:06 +0100] "GET /iweb/index.php?Gender=Women&Category=Trending%20now&pagein=378 HTTP/1.1" 200 33859 tanjameh.com "https://tanjameh.com/iweb/index.php?Gender=Women&Category=Trending%20now&pagein=242" "Mozilla/5.0 (Linux; Android 7.0;) AppleWebKit/537.36 (KHTML, like Gecko) Mobile Safari/537.36 (compatible; PetalBot;+https://webmaster.petalsearch.com/site/petalbot)" "-"
114.119.153.0 - - [17/Jan/2023:00:40:22 +0100] "GET /iweb/?Gender=Men&Category=jumpers-cardigans&Size=S&pagein=217 HTTP/1.1" 200 28738 www.tanjameh.com "https://www.tanjameh.com/iweb/?Gender=Men&Category=jumpers-cardigans&Size=S&pagein=146" "Mozilla/5.0 (Linux; Android 7.0;) AppleWebKit/537.36 (KHTML, like Gecko) Mobile Safari/537.36 (compatible; PetalBot;+https://webmaster.petalsearch.com/site/petalbot)" "-"
114.119.133.0 - - [17/Jan/2023:00:40:39 +0100] "GET /iweb/index.php?part=Product&page=Size&Size=W31%20L34&Color=Navy%20Blaze/Dark%20Shad HTTP/1.1" 200 7085 tanjameh.com "https://tanjameh.com/iweb/index.php?part=Product&page=Size&Size=W31%20L34" "Mozilla/5.0 (Linux; Android 7.0;) AppleWebKit/537.36 (KHTML, like Gecko) Mobile Safari/537.36 (compatible; PetalBot;+https://webmaster.petalsearch.com/site/petalbot)" "-"
114.119.155.0 - - [17/Jan/2023:00:41:28 +0100] "GET /iweb/index.php?Gender=Men&Category=plus-size&pagein=240 HTTP/1.1" 200 34171 tanjameh.com "https://tanjameh.com/iweb/index.php?Gender=Men&Category=plus-size&pagein=107" "Mozilla/5.0 (Linux; Android 7.0;) AppleWebKit/537.36 (KHTML, like Gecko) Mobile Safari/537.36 (compatible; PetalBot;+https://webmaster.petalsearch.com/site/petalbot)" "-"
114.119.132.0 - - [17/Jan/2023:00:41:51 +0100] "GET /iweb/index.php?part=Product&page=Size&Size=S&pagein=11 HTTP/1.1" 200 28464 www.tanjameh.com "https://www.tanjameh.com/iweb/index.php?part=Product&page=Size&Size=S&pagein=55" "Mozilla/5.0 (Linux; Android 7.0;) AppleWebKit/537.36 (KHTML, like Gecko) Mobile Safari/537.36 (compatible; PetalBot;+https://webmaster.petalsearch.com/site/petalbot)" "-"
114.119.157.0 - - [17/Jan/2023:00:42:08 +0100] "GET /iweb/index.php?Gender=men&Category=Clothing&pagein=368 HTTP/1.1" 200 33931 www.tanjameh.com "https://www.tanjameh.com/iweb/index.php?Gender=men&Category=Clothing&pagein=418" "Mozilla/5.0 (Linux; Android 7.0;) AppleWebKit/537.36 (KHTML, like Gecko) Mobile Safari/537.36 (compatible; PetalBot;+https://webmaster.petalsearch.com/site/petalbot)" "-"
207.46.13.0 - - [17/Jan/2023:00:42:22 +0100] "GET /product?title=ZA168024-tAo HTTP/1.1" 404 626 tanjameh.com "-" "Mozilla/5.0 (compatible; bingbot/2.0; +http://www.bing.com/bingbot.htm)" "-"
114.119.147.0 - - [17/Jan/2023:00:42:47 +0100] "GET /iweb/index.php?Gender=Men&Category=plus-size&pagein=346 HTTP/1.1" 200 33990 tanjameh.com "https://tanjameh.com/iweb/index.php?Gender=Men&Category=plus-size&pagein=107" "Mozilla/5.0 (Linux; Android 7.0;) AppleWebKit/537.36 (KHTML, like Gecko) Mobile Safari/537.36 (compatible; PetalBot;+https://webmaster.petalsearch.com/site/petalbot)" "-"
114.119.142.0 - - [17/Jan/2023:00:43:06 +0100] "GET /iweb/index.php?Gender=Men&Category=jumpers-cardigans&Size=L&pagein=203 HTTP/1.1" 200 25447 tanjameh.com "https://tanjameh.com/iweb/index.php?Gender=Men&Category=jumpers-cardigans&Size=L&pagein=187" "Mozilla/5.0 (Linux; Android 7.0;) AppleWebKit/537.36 (KHTML, like Gecko) Mobile Safari/537.36 (compatible; PetalBot;+https://webmaster.petalsearch.com/site/petalbot)" "-"
114.119.138.0 - - [17/Jan/2023:00:43:21 +0100] "GET /iweb/index.php?Gender=Men&Category=Sale&pagein=8&Size=2XL HTTP/1.1" 200 19665 tanjameh.com "https://tanjameh.com/iweb/index.php?Gender=Men&Category=Sale&pagein=106&Size=2XL" "Mozilla/5.0 (Linux; Android 7.0;) AppleWebKit/537.36 (KHTML, like Gecko) Mobile Safari/537.36 (compatible; PetalBot;+https://webmaster.petalsearch.com/site/petalbot)" "-"
114.119.138.0 - - [17/Jan/2023:00:43:44 +0100] "GET /iweb/index.php?Gender=Men&Category=SALE:%20NEW%20STYLES%20ADDED&pagein=55 HTTP/1.1" 200 33703 www.tanjameh.com "https://www.tanjameh.com/iweb/index.php?Gender=Men&Category=SALE%3A%20NEW%20STYLES%20ADDED&pagein=273" "Mozilla/5.0 (Linux; Android 7.0;) AppleWebKit/537.36 (KHTML, like Gecko) Mobile Safari/537.36 (compatible; PetalBot;+https://webmaster.petalsearch.com/site/petalbot)" "-"
114.119.145.0 - - [17/Jan/2023:00:44:25 +0100] "GET /iweb/?part=Product&page=Brand&CatId=20315&BrandName=kent-brushes HTTP/1.1" 200 6543 www.tanjameh.com "https://www.tanjameh.com/iweb/?part=Brand&page=Brands" "Mozilla/5.0 (Linux; Android 7.0;) AppleWebKit/537.36 (KHTML, like Gecko) Mobile Safari/537.36 (compatible; PetalBot;+https://webmaster.petalsearch.com/site/petalbot)" "-"
207.46.13.0 - - [17/Jan/2023:00:44:27 +0100] "GET /iweb/index.php?gender=sale&category=men HTTP/1.1" 200 10081 tanjameh.com "-" "Mozilla/5.0 AppleWebKit/537.36 (KHTML, like Gecko; compatible; bingbot/2.0; +http://www.bing.com/bingbot.htm) Chrome/103.0.5060.134 Safari/537.36" "-"
114.119.152.0 - - [17/Jan/2023:00:44:39 +0100] "GET /iweb/index.php?Gender=Women&Category=sportswear&pagein=360 HTTP/1.1" 200 33783 tanjameh.com "https://tanjameh.com/iweb/index.php?Gender=Women&Category=sportswear&pagein=112" "Mozilla/5.0 (Linux; Android 7.0;) AppleWebKit/537.36 (KHTML, like Gecko) Mobile Safari/537.36 (compatible; PetalBot;+https://webmaster.petalsearch.com/site/petalbot)" "-"
114.119.143.0 - - [17/Jan/2023:00:45:03 +0100] "GET /iweb/index.php?Gender=Men&Category=Sale&pagein=4&Size=W34%20L30 HTTP/1.1" 200 12303 tanjameh.com "https://tanjameh.com/iweb/index.php?Gender=Men&Category=Sale&pagein=4&Size=W32%20L30" "Mozilla/5.0 (Linux; Android 7.0;) AppleWebKit/537.36 (KHTML, like Gecko) Mobile Safari/537.36 (compatible; PetalBot;+https://webmaster.petalsearch.com/site/petalbot)" "-"
114.119.143.0 - - [17/Jan/2023:00:45:31 +0100] "GET /iweb/index.php?Gender=Men&Category=Sale&pagein=3&Size=2XL HTTP/1.1" 302 19678 tanjameh.com "https://tanjameh.com/iweb/index.php?Gender=Men&Category=Sale&pagein=106&Size=2XL" "Mozilla/5.0 (Linux; Android 7.0;) AppleWebKit/537.36 (KHTML, like Gecko) Mobile Safari/537.36 (compatible; PetalBot;+https://webmaster.petalsearch.com/site/petalbot)" "-"
114.119.128.0 - - [17/Jan/2023:00:45:55 +0100] "GET /iweb/index.php?Gender=Men&Category=accessories&pagein=115 HTTP/1.1" 200 34034 tanjameh.com "https://tanjameh.com/iweb/index.php?Gender=Men&Category=accessories&pagein=141" "Mozilla/5.0 (Linux; Android 7.0;) AppleWebKit/537.36 (KHTML, like Gecko) Mobile Safari/537.36 (compatible; PetalBot;+https://webmaster.petalsearch.com/site/petalbot)" "-"
114.119.137.0 - - [17/Jan/2023:00:46:14 +0100] "GET /iweb/index.php?Gender=Men&Category=accessories&pagein=108 HTTP/1.1" 200 34032 tanjameh.com "https://tanjameh.com/iweb/index.php?Gender=Men&Category=accessories&pagein=141" "Mozilla/5.0 (Linux; Android 7.0;) AppleWebKit/537.36 (KHTML, like Gecko) Mobile Safari/537.36 (compatible; PetalBot;+https://webmaster.petalsearch.com/site/petalbot)" "-"
114.119.135.0 - - [17/Jan/2023:00:46:46 +0100] "GET /iweb/index.php?part=Product&page=Type&ProductType=Trunks&BrandName=Reebok HTTP/1.1" 302 7229 tanjameh.com "https://tanjameh.com/iweb/index.php?part=Product&page=Type&ProductType=Trunks" "Mozilla/5.0 (Linux; Android 7.0;) AppleWebKit/537.36 (KHTML, like Gecko) Mobile Safari/537.36 (compatible; PetalBot;+https://webmaster.petalsearch.com/site/petalbot)" "-"
114.119.158.0 - - [17/Jan/2023:00:47:09 +0100] "GET /iweb/index.php?Gender=%D8%B2%D9%86%D8%A7%D9%86%D9%87&Category=%D8%A8%D8%B1%D9%86%D8%AF%20%D9%87%D8%A7&pagein=163 HTTP/1.1" 200 34348 tanjameh.com "https://tanjameh.com/iweb/index.php?Gender=%D8%B2%D9%86%D8%A7%D9%86%D9%87&Category=%D8%A8%D8%B1%D9%86%D8%AF%20%D9%87%D8%A7&pagein=158" "Mozilla/5.0 (Linux; Android 7.0;) AppleWebKit/537.36 (KHTML, like Gecko) Mobile Safari/537.36 (compatible; PetalBot;+https://webmaster.petalsearch.com/site/petalbot)" "-"
40.77.167.0 - - [17/Jan/2023:00:47:12 +0100] "GET /iweb/index.php?gender=sale HTTP/1.1" 302 9987 tanjameh.com "-" "Mozilla/5.0 AppleWebKit/537.36 (KHTML, like Gecko; compatible; bingbot/2.0; +http://www.bing.com/bingbot.htm) Chrome/103.0.5060.134 Safari/537.36" "-"
40.77.167.0 - - [17/Jan/2023:00:47:15 +0100] "GET /iweb/ HTTP/1.1" 302 9957 tanjameh.com "-" "Mozilla/5.0 (compatible; bingbot/2.0; +http://www.bing.com/bingbot.htm)" "-"
40.77.167.0 - - [17/Jan/2023:00:47:23 +0100] "GET /iweb/ HTTP/1.1" 200 10016 tanjameh.com "-" "Mozilla/5.0 (compatible; bingbot/2.0; +http://www.bing.com/bingbot.htm)" "-"
114.119.146.0 - - [17/Jan/2023:00:47:31 +0100] "GET /iweb/?part=Product&page=Size&Size=UK%2010.5&Color=DARK%20GREEN HTTP/1.1" 200 7047 tanjameh.com "http://tanjameh.com/iweb/?part=Product&page=Size&Size=UK%2010.5" "Mozilla/5.0 (Linux; Android 7.0;) AppleWebKit/537.36 (KHTML, like Gecko) Mobile Safari/537.36 (compatible; PetalBot;+https://webmaster.petalsearch.com/site/petalbot)" "-"
114.119.159.0 - - [17/Jan/2023:00:48:11 +0100] "GET /iweb/?part=Product&page=Brand&CatId=9780&BrandName=palladium HTTP/1.1" 200 7676 tanjameh.com "https://tanjameh.com/iweb/?part=Brand&page=Brands" "Mozilla/5.0 (Linux; Android 7.0;) AppleWebKit/537.36 (KHTML, like Gecko) Mobile Safari/537.36 (compatible; PetalBot;+https://webmaster.petalsearch.com/site/petalbot)" "-"
114.119.158.0 - - [17/Jan/2023:00:48:41 +0100] "GET /iweb/?Gender=men&Category=FaceBody&pagein=48 HTTP/1.1" 200 33984 tanjameh.com "https://tanjameh.com/iweb/?Gender=men&Category=FaceBody&pagein=331" "Mozilla/5.0 (Linux; Android 7.0;) AppleWebKit/537.36 (KHTML, like Gecko) Mobile Safari/537.36 (compatible; PetalBot;+https://webmaster.petalsearch.com/site/petalbot)" "-"
114.119.146.0 - - [17/Jan/2023:00:48:57 +0100] "GET /iweb/?Gender=Men&Category=plus-size&pagein=54 HTTP/1.1" 200 33883 tanjameh.com "https://tanjameh.com/iweb/?Gender=Men&Category=plus-size&pagein=366" "Mozilla/5.0 (Linux; Android 7.0;) AppleWebKit/537.36 (KHTML, like Gecko) Mobile Safari/537.36 (compatible; PetalBot;+https://webmaster.petalsearch.com/site/petalbot)" "-"
114.119.158.0 - - [17/Jan/2023:00:49:21 +0100] "GET /iweb/index.php?Gender=Men&Category=Summer&pagein=33 HTTP/1.1" 200 33982 www.tanjameh.com "https://www.tanjameh.com/iweb/index.php?Gender=Men&Category=Summer&pagein=21" "Mozilla/5.0 (Linux; Android 7.0;) AppleWebKit/537.36 (KHTML, like Gecko) Mobile Safari/537.36 (compatible; PetalBot;+https://webmaster.petalsearch.com/site/petalbot)" "-"
114.119.129.0 - - [17/Jan/2023:00:49:49 +0100] "GET /iweb/?Gender=Men&Category=Sale&pagein=42&Size=2XS HTTP/1.1" 200 15461 www.tanjameh.com "https://www.tanjameh.com/iweb/?Gender=Men&Category=Sale&pagein=49&Size=2XS" "Mozilla/5.0 (Linux; Android 7.0;) AppleWebKit/537.36 (KHTML, like Gecko) Mobile Safari/537.36 (compatible; PetalBot;+https://webmaster.petalsearch.com/site/petalbot)" "-"
114.119.139.0 - - [17/Jan/2023:00:49:59 +0100] "GET /iweb/?Gender=Men&Category=jeans&pagein=349 HTTP/1.1" 200 33885 www.tanjameh.com "https://www.tanjameh.com/iweb/?Gender=Men&Category=jeans&pagein=279" "Mozilla/5.0 (Linux; Android 7.0;) AppleWebKit/537.36 (KHTML, like Gecko) Mobile Safari/537.36 (compatible; PetalBot;+https://webmaster.petalsearch.com/site/petalbot)" "-"
114.119.159.0 - - [17/Jan/2023:00:50:34 +0100] "GET /irepository/img/attachedimage/thumbnail/tanjameh-1670094285-1928417470--670--.webp HTTP/1.1" 200 51734 www.tanjameh.com "https://www.tanjameh.com/iweb/?Gender=women" "Mozilla/5.0 (Linux; Android 7.0;) AppleWebKit/537.36 (KHTML, like Gecko) Mobile Safari/537.36 (compatible; PetalBot;+https://webmaster.petalsearch.com/site/petalbot)" "-"
40.77.167.0 - - [17/Jan/2023:00:50:52 +0100] "GET /product?title=ZA384496-jQW HTTP/1.1" 404 626 tanjameh.com "-" "Mozilla/5.0 (compatible; bingbot/2.0; +http://www.bing.com/bingbot.htm)" "-"
114.119.137.0 - - [17/Jan/2023:00:51:19 +0100] "GET /iweb/index.php?Gender=Women&Category=%D8%A8%D8%B1%D9%86%D8%AF%20%D9%87%D8%A7&pagein=274 HTTP/1.1" 200 34258 tanjameh.com "https://tanjameh.com/iweb/index.php?Gender=Women&Category=%D8%A8%D8%B1%D9%86%D8%AF%20%D9%87%D8%A7&pagein=191" "Mozilla/5.0 (Linux; Android 7.0;) AppleWebKit/537.36 (KHTML, like Gecko) Mobile Safari/537.36 (compatible; PetalBot;+https://webmaster.petalsearch.com/site/petalbot)" "-"
114.119.152.0 - - [17/Jan/2023:00:51:24 +0100] "GET /iweb/index.php?Gender=Men&Category=jeans&pagein=363 HTTP/1.1" 200 33809 www.tanjameh.com "https://www.tanjameh.com/iweb/index.php?Gender=Men&Category=jeans&pagein=195" "Mozilla/5.0 (Linux; Android 7.0;) AppleWebKit/537.36 (KHTML, like Gecko) Mobile Safari/537.36 (compatible; PetalBot;+https://webmaster.petalsearch.com/site/petalbot)" "-"
114.119.155.0 - - [17/Jan/2023:00:51:49 +0100] "GET /iweb/index.php?Gender=Men&Category=shorts&pagein=270 HTTP/1.1" 200 34220 tanjameh.com "https://tanjameh.com/iweb/index.php?Gender=Men&Category=shorts&pagein=198" "Mozilla/5.0 (Linux; Android 7.0;) AppleWebKit/537.36 (KHTML, like Gecko) Mobile Safari/537.36 (compatible; PetalBot;+https://webmaster.petalsearch.com/site/petalbot)" "-"
54.36.148.0 - - [17/Jan/2023:00:52:06 +0100] "GET /robots.txt HTTP/1.1" 404 626 tanjameh.com "-" "Mozilla/5.0 (compatible; AhrefsBot/7.0; +http://ahrefs.com/robot/)" "-"
54.36.149.0 - - [17/Jan/2023:00:52:08 +0100] "GET / HTTP/1.1" 200 58 tanjameh.com "-" "Mozilla/5.0 (compatible; AhrefsBot/7.0; +http://ahrefs.com/robot/)" "-"
114.119.149.0 - - [17/Jan/2023:00:52:45 +0100] "GET /iweb/index.php?Gender=Men&Category=Sale&pagein=1&Color=BEIGE HTTP/1.1" 200 11744 tanjameh.com "https://tanjameh.com/iweb/index.php?Gender=Men&Category=Sale&pagein=3&Color=BEIGE" "Mozilla/5.0 (Linux; Android 7.0;) AppleWebKit/537.36 (KHTML, like Gecko) Mobile Safari/537.36 (compatible; PetalBot;+https://webmaster.petalsearch.com/site/petalbot)" "-"
114.119.146.0 - - [17/Jan/2023:00:52:48 +0100] "GET /iweb/index.php?Gender=%D8%B2%D9%86%D8%A7%D9%86%D9%87&Category=%D8%A8%D8%B1%D9%86%D8%AF%20%D9%87%D8%A7&pagein=344 HTTP/1.1" 200 34139 tanjameh.com "https://tanjameh.com/iweb/index.php?Gender=%D8%B2%D9%86%D8%A7%D9%86%D9%87&Category=%D8%A8%D8%B1%D9%86%D8%AF%20%D9%87%D8%A7&pagein=158" "Mozilla/5.0 (Linux; Android 7.0;) AppleWebKit/537.36 (KHTML, like Gecko) Mobile Safari/537.36 (compatible; PetalBot;+https://webmaster.petalsearch.com/site/petalbot)" "-"
114.119.152.0 - - [17/Jan/2023:00:53:15 +0100] "GET /iweb/?part=Product&page=Size&Size=W28%20L30&Color=LIGHT%20GREEN HTTP/1.1" 200 7240 tanjameh.com "http://tanjameh.com/iweb/?part=Product&page=Size&Size=W28%20L30" "Mozilla/5.0 (Linux; Android 7.0;) AppleWebKit/537.36 (KHTML, like Gecko) Mobile Safari/537.36 (compatible; PetalBot;+https://webmaster.petalsearch.com/site/petalbot)" "-"
114.119.137.0 - - [17/Jan/2023:00:53:53 +0100] "GET /iweb/index.php?part=Product&page=Size&Size=2XS&pagein=31 HTTP/1.1" 200 14833 www.tanjameh.com "https://www.tanjameh.com/iweb/index.php?part=Product&page=Size&Size=2XS&pagein=10" "Mozilla/5.0 (Linux; Android 7.0;) AppleWebKit/537.36 (KHTML, like Gecko) Mobile Safari/537.36 (compatible; PetalBot;+https://webmaster.petalsearch.com/site/petalbot)" "-"
